 Pandora's API

 Timestamp is 5a5a100d (Sat Jan 13 15:56:29 2018)

 Preferred load address is 10000000

 Start         Length     Name                   Class
 0001:00000000 0000f26cH .text                   CODE
 0001:0000f270 000000c9H .text$x                 CODE
 0001:0000f339 00000014H .text$yd                CODE
 0002:00000000 0000011cH .idata$5                DATA
 0002:0000011c 00000004H .CRT$XCA                DATA
 0002:00000120 00000004H .CRT$XCZ                DATA
 0002:00000124 00000004H .CRT$XIA                DATA
 0002:00000128 00000010H .CRT$XIC                DATA
 0002:00000138 00000004H .CRT$XIZ                DATA
 0002:0000013c 00000004H .CRT$XPA                DATA
 0002:00000140 00000004H .CRT$XPX                DATA
 0002:00000144 00000004H .CRT$XPXA               DATA
 0002:00000148 00000004H .CRT$XPZ                DATA
 0002:0000014c 00000004H .CRT$XTA                DATA
 0002:00000150 00000004H .CRT$XTZ                DATA
 0002:00000160 00001d98H .rdata                  DATA
 0002:00001ef8 0000005eH .rdata$debug            DATA
 0002:00001f58 00000214H .rdata$r                DATA
 0002:00002170 00000028H .rdata$sxdata           DATA
 0002:00002198 00000004H .rtc$IAA                DATA
 0002:0000219c 00000004H .rtc$IZZ                DATA
 0002:000021a0 00000004H .rtc$TAA                DATA
 0002:000021a4 00000004H .rtc$TZZ                DATA
 0002:000021a8 0000072cH .xdata$x                DATA
 0002:000028d4 00000014H .idata$2                DATA
 0002:000028e8 00000014H .idata$3                DATA
 0002:000028fc 0000011cH .idata$4                DATA
 0002:00002a18 0000050cH .idata$6                DATA
 0002:00002f30 00000092H .edata                  DATA
 0003:00000000 00001358H .data                   DATA
 0003:00001360 00001cb8H .bss                    DATA

  Address         Publics by Value              Rva+Base       Lib:Object

 0000:00000000       __except_list              00000000     <absolute>
 0000:0000000a       ___safe_se_handler_count   0000000a     <absolute>
 0000:00000000       ___ImageBase               10000000     <linker-defined>
 0001:00000000       ?ConnectEra@Era@@YAXXZ     10001000 f   main.obj
 0001:00000280       ??1bad_alloc@std@@UAE@XZ   10001280 f i main.obj
 0001:00000290       ??_Gbad_alloc@std@@UAEPAXI@Z 10001290 f i main.obj
 0001:00000290       ??_Ebad_alloc@std@@UAEPAXI@Z 10001290 f i  CIL library: CIL module
 0001:000002c0       ?ParseErmArgPassModifier@@YAHPAUMes@@AAUErmArgument@@@Z 100012c0 f   main.obj
 0001:000003f0       ?ParseErmNumber@@YAHPAUMes@@AAUErmArgument@@@Z 100013f0 f   main.obj
 0001:00000460       ?ParseErmString@@YAHPAUMes@@AAUErmArgument@@@Z 10001460 f   main.obj
 0001:00000870       ?ParseErmArgument@@YAHPAUMes@@AAUErmArgument@@@Z 10001870 f   main.obj
 0001:00000bf0       ?ParseErmCommand@@YAHPAUMes@@AAUErmCommand@@@Z 10001bf0 f   main.obj
 0001:00000c80       ?ExtractErmArgument@@YAHAAUVarNum@@AAUErmArgument@@@Z 10001c80 f   main.obj
 0001:00000fd0       _GenericErmHandler@20      10001fd0 f   main.obj
 0001:00001190       ?ExtendErmTable@@YAXH@Z    10002190 f   main.obj
 0001:00001280       _RegisterErmReceiver@12    10002280 f   main.obj
 0001:00001310       ?OnAfterWog@@YGXPAUTEvent@Era@@@Z 10002310 f   main.obj
 0001:000013a0       _DllMain@12                100023a0 f   main.obj
 0001:000013e0       ??1?$basic_string@DU?$char_traits@D@std@@V?$allocator@D@2@@std@@QAE@XZ 100023e0 f i main.obj
 0001:00001410       ??Y?$basic_string@DU?$char_traits@D@std@@V?$allocator@D@2@@std@@QAEAAV01@PBD@Z 10002410 f i main.obj
 0001:00001430       ?append@?$basic_string@DU?$char_traits@D@std@@V?$allocator@D@2@@std@@QAEAAV12@PBDI@Z 10002430 f i main.obj
 0001:00001540       ?append@?$basic_string@DU?$char_traits@D@std@@V?$allocator@D@2@@std@@QAEAAV12@ABV12@II@Z 10002540 f i main.obj
 0001:00001630       ?append@?$basic_string@DU?$char_traits@D@std@@V?$allocator@D@2@@std@@QAEAAV12@ID@Z 10002630 f i main.obj
 0001:000016c0       ?_Eos@?$basic_string@DU?$char_traits@D@std@@V?$allocator@D@2@@std@@IAEXI@Z 100026c0 f i main.obj
 0001:000016e0       ?_Grow@?$basic_string@DU?$char_traits@D@std@@V?$allocator@D@2@@std@@IAE_NI_N@Z 100026e0 f i main.obj
 0001:000017a0       ?_Inside@?$basic_string@DU?$char_traits@D@std@@V?$allocator@D@2@@std@@IAE_NPBD@Z 100027a0 f i main.obj
 0001:000017e0       ?_Tidy@?$basic_string@DU?$char_traits@D@std@@V?$allocator@D@2@@std@@IAEX_NI@Z 100027e0 f i main.obj
 0001:00001830       ?_Copy@?$basic_string@DU?$char_traits@D@std@@V?$allocator@D@2@@std@@IAEXII@Z 10002830 f i main.obj
 0001:000019a0       ?allocate@?$allocator@D@std@@QAEPADI@Z 100029a0 f i main.obj
 0001:00001a00       ??$sprintf_s@$0CAA@@@YAHAAY0CAA@DPBDZZ 10002a00 f i main.obj
 0001:00001a20       ??$copy_s@U?$char_traits@D@std@@@_Traits_helper@std@@YAPADPADIPBDI@Z 10002a20 f i main.obj
 0001:00001a50       ??0bad_alloc@std@@QAE@ABV01@@Z 10002a50 f i main.obj
 0001:00001a69       ?_Move_s@?$char_traits@D@std@@SAPADPADIPBDI@Z 10002a69 f i libcpmt:string.obj
 0001:00001a87       ??$move_s@U?$char_traits@D@std@@@_Traits_helper@std@@YAPADPADIPBDIU_Secure_char_traits_tag@1@@Z 10002a87 f i libcpmt:string.obj
 0001:00001aa2       ??$move_s@U?$char_traits@D@std@@@_Traits_helper@std@@YAPADPADIPBDI@Z 10002aa2 f i libcpmt:string.obj
 0001:00001ac1       ??0logic_error@std@@QAE@ABV?$basic_string@DU?$char_traits@D@std@@V?$allocator@D@2@@1@@Z 10002ac1 f i libcpmt:string.obj
 0001:00001af6       ?what@logic_error@std@@UBEPBDXZ 10002af6 f i libcpmt:string.obj
 0001:00001b04       ??1logic_error@std@@UAE@XZ 10002b04 f i libcpmt:string.obj
 0001:00001b23       ??_Glogic_error@std@@UAEPAXI@Z 10002b23 f i libcpmt:string.obj
 0001:00001b23       ??_Elogic_error@std@@UAEPAXI@Z 10002b23 f i libcpmt:string.obj
 0001:00001b44       ??0length_error@std@@QAE@ABV?$basic_string@DU?$char_traits@D@std@@V?$allocator@D@2@@1@@Z 10002b44 f i libcpmt:string.obj
 0001:00001b61       ??1length_error@std@@UAE@XZ 10002b61 f i libcpmt:string.obj
 0001:00001b6c       ??_Elength_error@std@@UAEPAXI@Z 10002b6c f i libcpmt:string.obj
 0001:00001b6c       ??_Glength_error@std@@UAEPAXI@Z 10002b6c f i libcpmt:string.obj
 0001:00001b93       ??0out_of_range@std@@QAE@ABV?$basic_string@DU?$char_traits@D@std@@V?$allocator@D@2@@1@@Z 10002b93 f i libcpmt:string.obj
 0001:00001bb0       ??1out_of_range@std@@UAE@XZ 10002bb0 f i libcpmt:string.obj
 0001:00001bbb       ??_Eout_of_range@std@@UAEPAXI@Z 10002bbb f i libcpmt:string.obj
 0001:00001bbb       ??_Gout_of_range@std@@UAEPAXI@Z 10002bbb f i libcpmt:string.obj
 0001:00001be2       ?_Xlen@_String_base@std@@SAXXZ 10002be2 f   libcpmt:string.obj
 0001:00001c1a       ?assign@?$basic_string@DU?$char_traits@D@std@@V?$allocator@D@2@@std@@QAEAAV12@PBDI@Z 10002c1a f i libcpmt:string.obj
 0001:00001c8e       ?assign@?$basic_string@DU?$char_traits@D@std@@V?$allocator@D@2@@std@@QAEAAV12@PBD@Z 10002c8e f i libcpmt:string.obj
 0001:00001caf       ??0?$basic_string@DU?$char_traits@D@std@@V?$allocator@D@2@@std@@QAE@PBD@Z 10002caf f i libcpmt:string.obj
 0001:00001cd6       ?_Xran@_String_base@std@@SAXXZ 10002cd6 f   libcpmt:string.obj
 0001:00001d0e       ?erase@?$basic_string@DU?$char_traits@D@std@@V?$allocator@D@2@@std@@QAEAAV12@II@Z 10002d0e f i libcpmt:string.obj
 0001:00001d7e       ?assign@?$basic_string@DU?$char_traits@D@std@@V?$allocator@D@2@@std@@QAEAAV12@ABV12@II@Z 10002d7e f i libcpmt:string.obj
 0001:00001e16       ??0?$basic_string@DU?$char_traits@D@std@@V?$allocator@D@2@@std@@QAE@ABV01@@Z 10002e16 f i libcpmt:string.obj
 0001:00001e41       ??0logic_error@std@@QAE@ABV01@@Z 10002e41 f i libcpmt:string.obj
 0001:00001e7b       ??0length_error@std@@QAE@ABV01@@Z 10002e7b f i libcpmt:string.obj
 0001:00001e98       ??0out_of_range@std@@QAE@ABV01@@Z 10002e98 f i libcpmt:string.obj
 0001:00001eb5       @__security_check_cookie@4 10002eb5 f   LIBCMT:secchk.obj
 0001:00001ec4       ??0exception@std@@QAE@XZ   10002ec4 f   LIBCMT:stdexcpt.obj
 0001:00001ed5       ??0exception@std@@QAE@ABQBD@Z 10002ed5 f   LIBCMT:stdexcpt.obj
 0001:00001f28       ??0exception@std@@QAE@ABQBDH@Z 10002f28 f   LIBCMT:stdexcpt.obj
 0001:00001f45       ??0exception@std@@QAE@ABV01@@Z 10002f45 f   LIBCMT:stdexcpt.obj
 0001:00001fa2       ??1exception@std@@UAE@XZ   10002fa2 f   LIBCMT:stdexcpt.obj
 0001:00001fb8       ?what@exception@std@@UBEPBDXZ 10002fb8 f   LIBCMT:stdexcpt.obj
 0001:00001fc5       ??_Eexception@std@@UAEPAXI@Z 10002fc5 f i LIBCMT:stdexcpt.obj
 0001:00001fc5       ??_Gexception@std@@UAEPAXI@Z 10002fc5 f i LIBCMT:stdexcpt.obj
 0001:00001ff0       _memmove                   10002ff0 f   LIBCMT:memmove.obj
 0001:00002355       _free                      10003355 f   LIBCMT:free.obj
 0001:000023e3       _calloc                    100033e3 f   LIBCMT:calloc.obj
 0001:00002423       _V6_HeapAlloc              10003423 f   LIBCMT:malloc.obj
 0001:00002472       _malloc                    10003472 f   LIBCMT:malloc.obj
 0001:0000253c       __vsnprintf_helper         1000353c f   LIBCMT:vsnprnc.obj
 0001:00002608       __vsprintf_s_l             10003608 f   LIBCMT:vsnprnc.obj
 0001:00002690       _vsprintf_s                10003690 f   LIBCMT:vsnprnc.obj
 0001:000026ad       ??3@YAXPAX@Z               100036ad f   LIBCMT:delete.obj
 0001:000026b8       _memcpy_s                  100036b8 f   LIBCMT:memcpy_s.obj
 0001:00002735       _realloc                   10003735 f   LIBCMT:realloc.obj
 0001:00002950       ??1type_info@@UAE@XZ       10003950 f   LIBCMT:typinfo.obj
 0001:00002960       ??_Etype_info@@UAEPAXI@Z   10003960 f i LIBCMT:typinfo.obj
 0001:00002960       ??_Gtype_info@@UAEPAXI@Z   10003960 f i LIBCMT:typinfo.obj
 0001:00002981       ??8type_info@@QBE_NABV0@@Z 10003981 f   LIBCMT:typinfo.obj
 0001:000029a1       ??0bad_alloc@std@@QAE@XZ   100039a1 f i LIBCMT:new.obj
 0001:000029bc       ??2@YAPAXI@Z               100039bc f   LIBCMT:new.obj
 0001:00002a21       __CRT_INIT@12              10003a21 f   LIBCMT:dllcrt0.obj
 0001:00002c4c       __DllMainCRTStartup@12     10003c4c f   LIBCMT:dllcrt0.obj
 0001:00002c70       _strlen                    10003c70 f   LIBCMT:strlen.obj
 0001:00002cfb       _memmove_s                 10003cfb f   LIBCMT:memmove_s.obj
 0001:00002d58       __CxxThrowException@8      10003d58 f   LIBCMT:throw.obj
 0001:00002da4       ?_JumpToContinuation@@YGXPAXPAUEHRegistrationNode@@@Z 10003da4 f   LIBCMT:_trnsctrl_.obj
 0001:00002dd6       ?_CallMemberFunction2@@YGXPAX00H@Z 10003dd6 f   LIBCMT:_trnsctrl_.obj
 0001:00002dd6       ?_CallMemberFunction1@@YGXPAX00@Z 10003dd6 f   LIBCMT:_trnsctrl_.obj
 0001:00002dd6       ?_CallMemberFunction0@@YGXPAX0@Z 10003dd6 f   LIBCMT:_trnsctrl_.obj
 0001:00002ddd       ?_UnwindNestedFrames@@YGXPAUEHRegistrationNode@@PAUEHExceptionRecord@@@Z 10003ddd f   LIBCMT:_trnsctrl_.obj
 0001:00002e31       ___CxxFrameHandler3        10003e31 f   LIBCMT:_trnsctrl_.obj
 0001:00002e9a       ?_CallSETranslator@@YAHPAUEHExceptionRecord@@PAUEHRegistrationNode@@PAX2PBU_s_FuncInfo@@H1@Z 10003e9a f   LIBCMT:_trnsctrl_.obj
 0001:00003010       ?_GetRangeOfTrysToCheck@@YAPBU_s_TryBlockMapEntry@@PBU_s_FuncInfo@@HHPAI1@Z 10004010 f   LIBCMT:_trnsctrl_.obj
 0001:00003085       __CreateFrameInfo          10004085 f   LIBCMT:_trnsctrl_.obj
 0001:000030b1       __IsExceptionObjectToBeDestroyed 100040b1 f   LIBCMT:_trnsctrl_.obj
 0001:000030d8       __FindAndUnlinkFrame       100040d8 f   LIBCMT:_trnsctrl_.obj
 0001:0000312a       ?_CallCatchBlock2@@YAPAXPAUEHRegistrationNode@@PBU_s_FuncInfo@@PAXHK@Z 1000412a f   LIBCMT:_trnsctrl_.obj
 0001:0000318a       __EH_prolog3               1000418a f   LIBCMT:ehprolg3.obj
 0001:000031bd       __EH_prolog3_catch         100041bd f   LIBCMT:ehprolg3.obj
 0001:000031f3       __EH_epilog3               100041f3 f   LIBCMT:ehprolg3.obj
 0001:00003207       ___report_gsfailure        10004207 f   LIBCMT:gs_report.obj
 0001:0000330d       _strcpy_s                  1000430d f   LIBCMT:strcpy_s.obj
 0001:000033fc       __VEC_memcpy               100043fc f   LIBCMT:p4_memcpy.obj
 0001:0000352f       __get_sse2_info            1000452f f   LIBCMT:cpu_disp.obj
 0001:00003591       ___sse2_available_init     10004591 f   LIBCMT:cpu_disp.obj
 0001:0000359e       __get_errno_from_oserr     1000459e f   LIBCMT:dosmap.obj
 0001:000035e0       __errno                    100045e0 f   LIBCMT:dosmap.obj
 0001:000035f3       ___doserrno                100045f3 f   LIBCMT:dosmap.obj
 0001:00003606       __dosmaperr                10004606 f   LIBCMT:dosmap.obj
 0001:00003629       __heap_init                10004629 f   LIBCMT:heapinit.obj
 0001:00003659       __heap_term                10004659 f   LIBCMT:heapinit.obj
 0001:000036cd       __mtinitlocks              100046cd f   LIBCMT:mlock.obj
 0001:00003718       __mtdeletelocks            10004718 f   LIBCMT:mlock.obj
 0001:0000376f       __unlock                   1000476f f   LIBCMT:mlock.obj
 0001:00003786       __mtinitlocknum            10004786 f   LIBCMT:mlock.obj
 0001:00003849       __lock                     10004849 f   LIBCMT:mlock.obj
 0001:0000387c       ___sbh_find_block          1000487c f   LIBCMT:sbheap.obj
 0001:000038ac       ___sbh_free_block          100048ac f   LIBCMT:sbheap.obj
 0001:00003bc2       ___sbh_alloc_new_region    10004bc2 f   LIBCMT:sbheap.obj
 0001:00003c72       ___sbh_alloc_new_group     10004c72 f   LIBCMT:sbheap.obj
 0001:00003d7a       ___sbh_resize_block        10004d7a f   LIBCMT:sbheap.obj
 0001:0000405b       ___sbh_alloc_block         1000505b f   LIBCMT:sbheap.obj
 0001:00004340       __SEH_prolog4              10005340 f   LIBCMT:sehprolg4.obj
 0001:00004385       __SEH_epilog4              10005385 f   LIBCMT:sehprolg4.obj
 0001:000043a0       __except_handler4          100053a0 f   LIBCMT:chandler4.obj
 0001:0000452c       __calloc_impl              1000552c f   LIBCMT:calloc_impl.obj
 0001:0000464a       __crt_waiting_on_module_handle 1000564a f   LIBCMT:crt0dat.obj
 0001:0000467a       __amsg_exit                1000567a f   LIBCMT:crt0dat.obj
 0001:000046a3       ___crtCorExitProcess       100056a3 f   LIBCMT:crt0dat.obj
 0001:000046ce       ___crtExitProcess          100056ce f   LIBCMT:crt0dat.obj
 0001:000046e6       __lockexit                 100056e6 f   LIBCMT:crt0dat.obj
 0001:000046ef       __unlockexit               100056ef f   LIBCMT:crt0dat.obj
 0001:00004715       __initterm_e               10005715 f   LIBCMT:crt0dat.obj
 0001:00004739       __cinit                    10005739 f   LIBCMT:crt0dat.obj
 0001:000048ea       __exit                     100058ea f   LIBCMT:crt0dat.obj
 0001:00004900       __cexit                    10005900 f   LIBCMT:crt0dat.obj
 0001:0000490f       __init_pointers            1000590f f   LIBCMT:crt0dat.obj
 0001:0000495d       __NMSG_WRITE               1000595d f   LIBCMT:crt0msg.obj
 0001:00004b08       __FF_MSGBANNER             10005b08 f   LIBCMT:crt0msg.obj
 0001:00004b41       __initp_heap_handler       10005b41 f   LIBCMT:handler.obj
 0001:00004b50       __callnewh                 10005b50 f   LIBCMT:handler.obj
 0001:00004b78       __flsbuf                   10005b78 f   LIBCMT:_flsbuf.obj
 0001:00004cdc       __initp_misc_invarg        10005cdc f   LIBCMT:invarg.obj
 0001:00004ceb       __invoke_watson            10005ceb f   LIBCMT:invarg.obj
 0001:00004e13       __invalid_parameter        10005e13 f   LIBCMT:invarg.obj
 0001:00004e39       ??0_LocaleUpdate@@QAE@PAUlocaleinfo_struct@@@Z 10005e39 f i LIBCMT:output.obj
 0001:00004f66       __output_s_l               10005f66 f   LIBCMT:outputs.obj
 0001:00005b40       _memset                    10006b40 f   LIBCMT:memset.obj
 0001:00005bc0       _memcpy                    10006bc0 f   LIBCMT:memcpy.obj
 0001:00005f25       ?_Type_info_dtor@type_info@@CAXPAV1@@Z 10006f25 f   LIBCMT:typname.obj
 0001:00005fa0       _strcmp                    10006fa0 f   LIBCMT:strcmp.obj
 0001:000060e2       ___onexitinit              100070e2 f   LIBCMT:onexit.obj
 0001:00006113       __onexit                   10007113 f   LIBCMT:onexit.obj
 0001:0000614f       _atexit                    1000714f f   LIBCMT:onexit.obj
 0001:00006166       __encode_pointer           10007166 f   LIBCMT:tidtable.obj
 0001:000061d8       __encoded_null             100071d8 f   LIBCMT:tidtable.obj
 0001:000061e1       __decode_pointer           100071e1 f   LIBCMT:tidtable.obj
 0001:00006253       ___crtTlsAlloc@4           10007253 f   LIBCMT:tidtable.obj
 0001:0000625c       ___set_flsgetvalue         1000725c f   LIBCMT:tidtable.obj
 0001:00006290       __mtterm                   10007290 f   LIBCMT:tidtable.obj
 0001:000062cd       __initptd                  100072cd f   LIBCMT:tidtable.obj
 0001:000063b4       __getptd_noexit            100073b4 f   LIBCMT:tidtable.obj
 0001:0000642d       __getptd                   1000742d f   LIBCMT:tidtable.obj
 0001:00006447       __freefls@4                10007447 f   LIBCMT:tidtable.obj
 0001:00006576       __freeptd                  10007576 f   LIBCMT:tidtable.obj
 0001:000065e4       __mtinit                   100075e4 f   LIBCMT:tidtable.obj
 0001:00006771       __malloc_crt               10007771 f   LIBCMT:crtheap.obj
 0001:000067b6       __calloc_crt               100077b6 f   LIBCMT:crtheap.obj
 0001:00006802       __realloc_crt              10007802 f   LIBCMT:crtheap.obj
 0001:00006850       __ioinit                   10007850 f   LIBCMT:ioinit.obj
 0001:00006aa4       __ioterm                   10007aa4 f   LIBCMT:ioinit.obj
 0001:00006af2       __setenvp                  10007af2 f   LIBCMT:stdenvp.obj
 0001:00006d6a       __setargv                  10007d6a f   LIBCMT:stdargv.obj
 0001:00006e25       ___crtGetEnvironmentStringsA 10007e25 f   LIBCMT:a_env.obj
 0001:00006f5c       __RTC_Initialize           10007f5c f   LIBCMT:_initsect_.obj
 0001:00006f82       __RTC_Terminate            10007f82 f   LIBCMT:_initsect_.obj
 0001:00006fa8       __XcptFilter               10007fa8 f   LIBCMT:winxfltr.obj
 0001:00007108       ___CppXcptFilter           10008108 f   LIBCMT:winxfltr.obj
 0001:00007128       ___security_init_cookie    10008128 f   LIBCMT:gs_support.obj
 0001:000071be       ??0bad_exception@std@@QAE@PBD@Z 100081be f i LIBCMT:frame.obj
 0001:000071dc       ??1bad_exception@std@@UAE@XZ 100081dc f i LIBCMT:frame.obj
 0001:000071e7       ??_Gbad_exception@std@@UAEPAXI@Z 100081e7 f i LIBCMT:frame.obj
 0001:000071e7       ??_Ebad_exception@std@@UAEPAXI@Z 100081e7 f i LIBCMT:frame.obj
 0001:0000720e       ___TypeMatch               1000820e f   LIBCMT:frame.obj
 0001:0000726d       ___FrameUnwindFilter       1000826d f   LIBCMT:frame.obj
 0001:000072b6       ___FrameUnwindToState      100082b6 f   LIBCMT:frame.obj
 0001:000073dc       ___DestructExceptionObject 100083dc f   LIBCMT:frame.obj
 0001:00007431       ___AdjustPointer           10008431 f   LIBCMT:frame.obj
 0001:000076ba       ___BuildCatchObjectHelper  100086ba f   LIBCMT:frame.obj
 0001:00007839       ___BuildCatchObject        10008839 f   LIBCMT:frame.obj
 0001:00007d74       ??0bad_exception@std@@QAE@ABV01@@Z 10008d74 f i LIBCMT:frame.obj
 0001:00007d91       ___InternalCxxFrameHandler 10008d91 f   LIBCMT:frame.obj
 0001:00007e77       ?terminate@@YAXXZ          10008e77 f   LIBCMT:hooks.obj
 0001:00007eb0       ?unexpected@@YAXXZ         10008eb0 f   LIBCMT:hooks.obj
 0001:00007ec3       ?_inconsistency@@YAXXZ     10008ec3 f   LIBCMT:hooks.obj
 0001:00007efb       __initp_eh_hooks           10008efb f   LIBCMT:hooks.obj
 0001:00007f10       __CallSettingFrame@12      10008f10 f   LIBCMT:lowhelpr.obj
 0001:00007f37       __NLG_Return               10008f37     LIBCMT:lowhelpr.obj
 0001:00007f5c       __crt_debugger_hook        10008f5c f   LIBCMT:dbghook.obj
 0001:00007f64       __initp_misc_initcrit      10008f64 f   LIBCMT:initcrit.obj
 0001:00007f73       ___crtInitCritSecAndSpinCount 10008f73 f   LIBCMT:initcrit.obj
 0001:00007fd4       __local_unwind4            10008fd4 f   LIBCMT:exsup4.obj
 0001:000080aa       __seh_longjmp_unwind4@4    100090aa f   LIBCMT:exsup4.obj
 0001:000080c6       @_EH4_CallFilterFunc@8     100090c6 f   LIBCMT:exsup4.obj
 0001:000080dd       @_EH4_TransferToHandler@8  100090dd f   LIBCMT:exsup4.obj
 0001:000080f6       @_EH4_GlobalUnwind@4       100090f6 f   LIBCMT:exsup4.obj
 0001:00008110       @_EH4_LocalUnwind@16       10009110 f   LIBCMT:exsup4.obj
 0001:00008130       __ValidateImageBase        10009130 f   LIBCMT:pesect.obj
 0001:00008170       __FindPESection            10009170 f   LIBCMT:pesect.obj
 0001:000081c0       __IsNonwritableInCurrentImage 100091c0 f   LIBCMT:pesect.obj
 0001:0000827d       __initp_misc_cfltcvt_tab   1000927d f   LIBCMT:cmiscdat.obj
 0001:0000829e       __initp_misc_winsig        1000929e f   LIBCMT:winsig.obj
 0001:000082f3       ___get_sigabrt             100092f3 f   LIBCMT:winsig.obj
 0001:00008300       _raise                     10009300 f   LIBCMT:winsig.obj
 0001:000084b0       __initp_misc_rand_s        100094b0 f   LIBCMT:rand_s.obj
 0001:000084bf       __initp_misc_purevirt      100094bf f   LIBCMT:inithelp.obj
 0001:000084ce       ___crtMessageBoxA          100094ce f   LIBCMT:crtmbox.obj
 0001:00008637       _strcat_s                  10009637 f   LIBCMT:strcat_s.obj
 0001:000086ab       _strncpy_s                 100096ab f   LIBCMT:strncpy_s.obj
 0001:00008760       __set_error_mode           10009760 f   LIBCMT:errmode.obj
 0001:000087ab       __lseeki64_nolock          100097ab f   LIBCMT:lseeki64.obj
 0001:00008830       __lseeki64                 10009830 f   LIBCMT:lseeki64.obj
 0001:00008949       __write_nolock             10009949 f   LIBCMT:write.obj
 0001:0000907c       __write                    1000a07c f   LIBCMT:write.obj
 0001:00009158       __getbuf                   1000a158 f   LIBCMT:_getbuf.obj
 0001:000091a1       __isatty                   1000a1a1 f   LIBCMT:isatty.obj
 0001:00009205       ___iob_func                1000a205 f   LIBCMT:_file.obj
 0001:0000920b       ___initstdio               1000a20b f   LIBCMT:_file.obj
 0001:000092bc       ___endstdio                1000a2bc f   LIBCMT:_file.obj
 0001:000092dc       __lock_file                1000a2dc f   LIBCMT:_file.obj
 0001:0000931d       __lock_file2               1000a31d f   LIBCMT:_file.obj
 0001:0000934f       __unlock_file              1000a34f f   LIBCMT:_file.obj
 0001:0000938b       __unlock_file2             1000a38b f   LIBCMT:_file.obj
 0001:000093ba       __fileno                   1000a3ba f   LIBCMT:fileno.obj
 0001:00009612       ___updatetmbcinfo          1000a612 f   LIBCMT:mbctype.obj
 0001:00009732       __setmbcp_nolock           1000a732 f   LIBCMT:mbctype.obj
 0001:00009917       __setmbcp                  1000a917 f   LIBCMT:mbctype.obj
 0001:00009ab1       ___initmbctable            1000aab1 f   LIBCMT:mbctype.obj
 0001:00009acf       ___freetlocinfo            1000aacf f   LIBCMT:setlocal.obj
 0001:00009c18       ___addlocaleref            1000ac18 f   LIBCMT:setlocal.obj
 0001:00009ca7       ___removelocaleref         1000aca7 f   LIBCMT:setlocal.obj
 0001:00009d7e       ___updatetlocinfo          1000ad7e f   LIBCMT:setlocal.obj
 0001:00009df4       __get_printf_count_output  1000adf4 f   LIBCMT:printf.obj
 0001:00009e0a       __wctomb_s_l               1000ae0a f   LIBCMT:wctomb.obj
 0001:00009f76       _wctomb_s                  1000af76 f   LIBCMT:wctomb.obj
 0001:00009f93       __isleadbyte_l             1000af93 f i LIBCMT:_wctype.obj
 0001:00009fcb       _isleadbyte                1000afcb f i LIBCMT:_wctype.obj
 0001:00009fe0       __aulldvrm                 1000afe0 f   LIBCMT:ulldvrm.obj
 0001:0000a2a4       _strtol                    1000b2a4 f   LIBCMT:strtol.obj
 0001:0000a326       __VEC_memzero              1000b326 f   LIBCMT:p4_memset.obj
 0001:0000a3b5       __msize                    1000b3b5 f   LIBCMT:msize.obj
 0001:0000a4ab       __ismbblead                1000b4ab f   LIBCMT:ismbbyte.obj
 0001:0000a4c3       ?_ValidateExecute@@YAHP6GHXZ@Z 1000b4c3 f   LIBCMT:validate.obj
 0001:0000a4c3       ?_ValidateWrite@@YAHPAXI@Z 1000b4c3 f   LIBCMT:validate.obj
 0001:0000a4c3       ?_ValidateRead@@YAHPBXI@Z  1000b4c3 f   LIBCMT:validate.obj
 0001:0000a4d5       _abort                     1000b4d5 f   LIBCMT:abort.obj
 0001:0000a5ec       __global_unwind2           1000b5ec f   LIBCMT:exsup.obj
 0001:0000a651       __local_unwind2            1000b651 f   LIBCMT:exsup.obj
 0001:0000a6d5       __abnormal_termination     1000b6d5 f   LIBCMT:exsup.obj
 0001:0000a6f8       __NLG_Notify1              1000b6f8 f   LIBCMT:exsup.obj
 0001:0000a701       __NLG_Notify               1000b701 f   LIBCMT:exsup.obj
 0001:0000a718       __NLG_Dispatch             1000b718     LIBCMT:exsup.obj
 0001:0000a718       __NLG_Dispatch2            1000b718     LIBCMT:exsup.obj
 0001:0000a720       __NLG_Call                 1000b720 f   LIBCMT:exsup.obj
 0001:0000a722       __NLG_Return2              1000b722     LIBCMT:exsup.obj
 0001:0000a723       __fptrap                   1000b723 f   LIBCMT:crt0fp.obj
 0001:0000a72c       __isdigit_l                1000b72c f i LIBCMT:_ctype.obj
 0001:0000a77d       _isdigit                   1000b77d f i LIBCMT:_ctype.obj
 0001:0000a7ab       __freea                    1000b7ab f i LIBCMT:a_loc.obj
 0001:0000a7cb       __free_osfhnd              1000b7cb f   LIBCMT:osfinfo.obj
 0001:0000a851       __get_osfhandle            1000b851 f   LIBCMT:osfinfo.obj
 0001:0000a8c8       ___lock_fhandle            1000b8c8 f   LIBCMT:osfinfo.obj
 0001:0000a968       __unlock_fhandle           1000b968 f   LIBCMT:osfinfo.obj
 0001:0000a98f       __putwch_nolock            1000b98f f   LIBCMT:putwch.obj
 0001:0000aa54       __mbtowc_l                 1000ba54 f   LIBCMT:mbtowc.obj
 0001:0000ab6b       _mbtowc                    1000bb6b f   LIBCMT:mbtowc.obj
 0001:0000ab90       __chkstk                   1000bb90 f   LIBCMT:chkstk.obj
 0001:0000ab90       __alloca_probe             1000bb90     LIBCMT:chkstk.obj
 0001:0000abbb       __fcloseall                1000bbbb f   LIBCMT:closeall.obj
 0001:0000ac5a       __flush                    1000bc5a f   LIBCMT:fflush.obj
 0001:0000acc2       __fflush_nolock            1000bcc2 f   LIBCMT:fflush.obj
 0001:0000ade4       __flushall                 1000bde4 f   LIBCMT:fflush.obj
 0001:0000b192       ___crtLCMapStringA         1000c192 f   LIBCMT:a_map.obj
 0001:0000b391       ___crtGetStringTypeA       1000c391 f   LIBCMT:a_str.obj
 0001:0000b3d3       ___free_lc_time            1000c3d3 f   LIBCMT:inittime.obj
 0001:0000b568       ___free_lconv_num          1000c568 f   LIBCMT:initnum.obj
 0001:0000b5ad       ___free_lconv_mon          1000c5ad f   LIBCMT:initmon.obj
 0001:0000b640       _strcspn                   1000c640 f   LIBCMT:strcspn.obj
 0001:0000b690       _strpbrk                   1000c690 f   LIBCMT:strpbrk.obj
 0001:0000b6d0       __isctype_l                1000c6d0 f   LIBCMT:isctype.obj
 0001:0000b790       __allmul                   1000c790 f   LIBCMT:llmul.obj
 0001:0000b7c4       _atol                      1000c7c4 f   LIBCMT:atox.obj
 0001:0000b7e0       __alloca_probe_16          1000c7e0 f   LIBCMT:alloca16.obj
 0001:0000b7f6       __alloca_probe_8           1000c7f6     LIBCMT:alloca16.obj
 0001:0000b80c       ___initconout              1000c80c f   LIBCMT:initcon.obj
 0001:0000b82b       ___termcon                 1000c82b f   LIBCMT:initcon.obj
 0001:0000b858       __fclose_nolock            1000c858 f   LIBCMT:fclose.obj
 0001:0000b8cf       _fclose                    1000c8cf f   LIBCMT:fclose.obj
 0001:0000b94b       __commit                   1000c94b f   LIBCMT:commit.obj
 0001:0000ba2c       ___ansicp                  1000ca2c f   LIBCMT:convrtcp.obj
 0001:0000ba75       ___convertcp               1000ca75 f   LIBCMT:convrtcp.obj
 0001:0000bc29       __close_nolock             1000cc29 f   LIBCMT:close.obj
 0001:0000bcc5       __close                    1000ccc5 f   LIBCMT:close.obj
 0001:0000bd92       __freebuf                  1000cd92 f   LIBCMT:_freebuf.obj
 0001:0000bdc3       __tolower_l                1000cdc3 f   LIBCMT:tolower.obj
 0001:0000bed8       _tolower                   1000ced8 f   LIBCMT:tolower.obj
 0001:0000bf10       ___ascii_strnicmp          1000cf10 f   LIBCMT:_strnicm.obj
 0001:0000bf90       _strchr                    1000cf90 f   LIBCMT:strchr.obj
 0001:0000bf96       ___from_strstr_to_strchr   1000cf96     LIBCMT:strchr.obj
 0001:0000c04e       _RtlUnwind@16              1000d04e f   kernel32:KERNEL32.dll
 0001:0000c054       __initp_misc_winxfltr      1000d054 f   LIBCMT:winxfltr.obj
 0001:0000c054       __fpclear                  1000d054 f   LIBCMT:_fpinit_.obj
 0001:0000c055       __cfltcvt_init             1000d055 f   LIBCMT:_fpinit_.obj
 0001:0000c0b5       __fpmath                   1000d0b5 f   LIBCMT:_fpinit_.obj
 0001:0000c0d8       __forcdecpt_l              1000d0d8 f   LIBCMT:cvt.obj
 0001:0000c14b       __cropzeros_l              1000d14b f   LIBCMT:cvt.obj
 0001:0000c1cd       __positive                 1000d1cd f   LIBCMT:cvt.obj
 0001:0000c1e9       __fassign_l                1000d1e9 f   LIBCMT:cvt.obj
 0001:0000c22b       __fassign                  1000d22b f   LIBCMT:cvt.obj
 0001:0000c264       __forcdecpt                1000d264 f   LIBCMT:cvt.obj
 0001:0000c277       __cropzeros                1000d277 f   LIBCMT:cvt.obj
 0001:0000c3f9       __cftoe_l                  1000d3f9 f   LIBCMT:cvt.obj
 0001:0000c4c9       __cftoe                    1000d4c9 f   LIBCMT:cvt.obj
 0001:0000c4e9       __cftoa_l                  1000d4e9 f   LIBCMT:cvt.obj
 0001:0000c953       __cftof_l                  1000d953 f   LIBCMT:cvt.obj
 0001:0000ca0e       __cftog_l                  1000da0e f   LIBCMT:cvt.obj
 0001:0000cb08       __cfltcvt_l                1000db08 f   LIBCMT:cvt.obj
 0001:0000cb90       __cfltcvt                  1000db90 f   LIBCMT:cvt.obj
 0001:0000cbb3       __setdefaultprecision      1000dbb3 f   LIBCMT:fp8.obj
 0001:0000cbde       __ms_p5_test_fdiv          1000dbde f   LIBCMT:_testfdiv_.obj
 0001:0000cc1c       __ms_p5_mp_test_fdiv       1000dc1c f   LIBCMT:_testfdiv_.obj
 0001:0000cc50       _strrchr                   1000dc50 f   LIBCMT:strrchr.obj
 0001:0000cc7d       __atodbl_l                 1000dc7d f   LIBCMT:atodbl.obj
 0001:0000cd25       __atoflt_l                 1000dd25 f   LIBCMT:atodbl.obj
 0001:0000cdcd       __fptostr                  1000ddcd f   LIBCMT:_fptostr.obj
 0001:0000ce8c       ___dtold                   1000de8c f   LIBCMT:_cfout_.obj
 0001:0000cf49       __fltout2                  1000df49 f   LIBCMT:_cfout_.obj
 0001:0000cfe0       __alldvrm                  1000dfe0 f   LIBCMT:lldvrm.obj
 0001:0000d0c0       __aullshr                  1000e0c0 f   LIBCMT:ullshr.obj
 0001:0000d0df       __controlfp_s              1000e0df f   LIBCMT:_contrlfp_.obj
 0001:0000d14b       __ld12tod                  1000e14b f   LIBCMT:_intrncvt_.obj
 0001:0000d68f       __ld12tof                  1000e68f f   LIBCMT:_intrncvt_.obj
 0001:0000dbd3       ___strgtold12_l            1000ebd3 f   LIBCMT:_strgtold_.obj
 0001:0000e2cb       _$I10_OUTPUT               1000f2cb f   LIBCMT:_x10fout_.obj
 0001:0000ed1d       __control87                1000fd1d f i LIBCMT:_ieee87_.obj
 0001:0000f02c       ___mtold12                 1001002c f   LIBCMT:_mantold_.obj
 0001:0000f1fa       ___set_fpsr_sse2           100101fa f   LIBCMT:_fpctrl_.obj
 0002:00000000       __imp__GetProcAddress@8    10011000     kernel32:KERNEL32.dll
 0002:00000004       __imp__LoadLibraryA@4      10011004     kernel32:KERNEL32.dll
 0002:00000008       __imp__GetLastError@0      10011008     kernel32:KERNEL32.dll
 0002:0000000c       __imp__HeapFree@12         1001100c     kernel32:KERNEL32.dll
 0002:00000010       __imp__HeapAlloc@12        10011010     kernel32:KERNEL32.dll
 0002:00000014       __imp__HeapReAlloc@16      10011014     kernel32:KERNEL32.dll
 0002:00000018       __imp__GetCurrentThreadId@0 10011018     kernel32:KERNEL32.dll
 0002:0000001c       __imp__GetCommandLineA@0   1001101c     kernel32:KERNEL32.dll
 0002:00000020       __imp__RaiseException@16   10011020     kernel32:KERNEL32.dll
 0002:00000024       __imp__RtlUnwind@16        10011024     kernel32:KERNEL32.dll
 0002:00000028       __imp__TerminateProcess@8  10011028     kernel32:KERNEL32.dll
 0002:0000002c       __imp__GetCurrentProcess@0 1001102c     kernel32:KERNEL32.dll
 0002:00000030       __imp__UnhandledExceptionFilter@4 10011030     kernel32:KERNEL32.dll
 0002:00000034       __imp__SetUnhandledExceptionFilter@4 10011034     kernel32:KERNEL32.dll
 0002:00000038       __imp__IsDebuggerPresent@0 10011038     kernel32:KERNEL32.dll
 0002:0000003c       __imp__HeapCreate@12       1001103c     kernel32:KERNEL32.dll
 0002:00000040       __imp__HeapDestroy@4       10011040     kernel32:KERNEL32.dll
 0002:00000044       __imp__VirtualFree@12      10011044     kernel32:KERNEL32.dll
 0002:00000048       __imp__DeleteCriticalSection@4 10011048     kernel32:KERNEL32.dll
 0002:0000004c       __imp__LeaveCriticalSection@4 1001104c     kernel32:KERNEL32.dll
 0002:00000050       __imp__EnterCriticalSection@4 10011050     kernel32:KERNEL32.dll
 0002:00000054       __imp__VirtualAlloc@16     10011054     kernel32:KERNEL32.dll
 0002:00000058       __imp__GetModuleHandleW@4  10011058     kernel32:KERNEL32.dll
 0002:0000005c       __imp__Sleep@4             1001105c     kernel32:KERNEL32.dll
 0002:00000060       __imp__ExitProcess@4       10011060     kernel32:KERNEL32.dll
 0002:00000064       __imp__WriteFile@20        10011064     kernel32:KERNEL32.dll
 0002:00000068       __imp__GetStdHandle@4      10011068     kernel32:KERNEL32.dll
 0002:0000006c       __imp__GetModuleFileNameA@12 1001106c     kernel32:KERNEL32.dll
 0002:00000070       __imp__TlsGetValue@4       10011070     kernel32:KERNEL32.dll
 0002:00000074       __imp__TlsAlloc@0          10011074     kernel32:KERNEL32.dll
 0002:00000078       __imp__TlsSetValue@8       10011078     kernel32:KERNEL32.dll
 0002:0000007c       __imp__TlsFree@4           1001107c     kernel32:KERNEL32.dll
 0002:00000080       __imp__InterlockedIncrement@4 10011080     kernel32:KERNEL32.dll
 0002:00000084       __imp__SetLastError@4      10011084     kernel32:KERNEL32.dll
 0002:00000088       __imp__InterlockedDecrement@4 10011088     kernel32:KERNEL32.dll
 0002:0000008c       __imp__SetHandleCount@4    1001108c     kernel32:KERNEL32.dll
 0002:00000090       __imp__GetFileType@4       10011090     kernel32:KERNEL32.dll
 0002:00000094       __imp__GetStartupInfoA@4   10011094     kernel32:KERNEL32.dll
 0002:00000098       __imp__FreeEnvironmentStringsA@4 10011098     kernel32:KERNEL32.dll
 0002:0000009c       __imp__GetEnvironmentStrings@0 1001109c     kernel32:KERNEL32.dll
 0002:000000a0       __imp__FreeEnvironmentStringsW@4 100110a0     kernel32:KERNEL32.dll
 0002:000000a4       __imp__WideCharToMultiByte@32 100110a4     kernel32:KERNEL32.dll
 0002:000000a8       __imp__GetEnvironmentStringsW@0 100110a8     kernel32:KERNEL32.dll
 0002:000000ac       __imp__QueryPerformanceCounter@4 100110ac     kernel32:KERNEL32.dll
 0002:000000b0       __imp__GetTickCount@0      100110b0     kernel32:KERNEL32.dll
 0002:000000b4       __imp__GetCurrentProcessId@0 100110b4     kernel32:KERNEL32.dll
 0002:000000b8       __imp__GetSystemTimeAsFileTime@4 100110b8     kernel32:KERNEL32.dll
 0002:000000bc       __imp__InitializeCriticalSectionAndSpinCount@8 100110bc     kernel32:KERNEL32.dll
 0002:000000c0       __imp__SetFilePointer@16   100110c0     kernel32:KERNEL32.dll
 0002:000000c4       __imp__GetConsoleCP@0      100110c4     kernel32:KERNEL32.dll
 0002:000000c8       __imp__GetConsoleMode@8    100110c8     kernel32:KERNEL32.dll
 0002:000000cc       __imp__GetCPInfo@8         100110cc     kernel32:KERNEL32.dll
 0002:000000d0       __imp__GetACP@0            100110d0     kernel32:KERNEL32.dll
 0002:000000d4       __imp__GetOEMCP@0          100110d4     kernel32:KERNEL32.dll
 0002:000000d8       __imp__IsValidCodePage@4   100110d8     kernel32:KERNEL32.dll
 0002:000000dc       __imp__HeapSize@12         100110dc     kernel32:KERNEL32.dll
 0002:000000e0       __imp__GetLocaleInfoA@16   100110e0     kernel32:KERNEL32.dll
 0002:000000e4       __imp__SetStdHandle@8      100110e4     kernel32:KERNEL32.dll
 0002:000000e8       __imp__WriteConsoleA@20    100110e8     kernel32:KERNEL32.dll
 0002:000000ec       __imp__GetConsoleOutputCP@0 100110ec     kernel32:KERNEL32.dll
 0002:000000f0       __imp__WriteConsoleW@20    100110f0     kernel32:KERNEL32.dll
 0002:000000f4       __imp__MultiByteToWideChar@24 100110f4     kernel32:KERNEL32.dll
 0002:000000f8       __imp__LCMapStringA@24     100110f8     kernel32:KERNEL32.dll
 0002:000000fc       __imp__LCMapStringW@24     100110fc     kernel32:KERNEL32.dll
 0002:00000100       __imp__GetStringTypeA@20   10011100     kernel32:KERNEL32.dll
 0002:00000104       __imp__GetStringTypeW@16   10011104     kernel32:KERNEL32.dll
 0002:00000108       __imp__CreateFileA@28      10011108     kernel32:KERNEL32.dll
 0002:0000010c       __imp__CloseHandle@4       1001110c     kernel32:KERNEL32.dll
 0002:00000110       __imp__FlushFileBuffers@4  10011110     kernel32:KERNEL32.dll
 0002:00000114       __imp__GetModuleHandleA@4  10011114     kernel32:KERNEL32.dll
 0002:00000118       \177KERNEL32_NULL_THUNK_DATA 10011118     kernel32:KERNEL32.dll
 0002:0000011c       ___xc_a                    1001111c     LIBCMT:crt0init.obj
 0002:00000120       ___xc_z                    10011120     LIBCMT:crt0init.obj
 0002:00000124       ___xi_a                    10011124     LIBCMT:crt0init.obj
 0002:00000138       ___xi_z                    10011138     LIBCMT:crt0init.obj
 0002:0000013c       ___xp_a                    1001113c     LIBCMT:crt0init.obj
 0002:00000148       ___xp_z                    10011148     LIBCMT:crt0init.obj
 0002:0000014c       ___xt_a                    1001114c     LIBCMT:crt0init.obj
 0002:00000150       ___xt_z                    10011150     LIBCMT:crt0init.obj
 0002:00000180       ??_7bad_alloc@std@@6B@     10011180     libcpmt:string.obj
 0002:0000018c       ??_7logic_error@std@@6B@   1001118c     libcpmt:string.obj
 0002:00000198       ??_7length_error@std@@6B@  10011198     libcpmt:string.obj
 0002:000001a4       ??_7out_of_range@std@@6B@  100111a4     libcpmt:string.obj
 0002:000001ac       ??_C@_0BA@JFNIOLAK@string?5too?5long?$AA@ 100111ac     libcpmt:string.obj
 0002:000001bc       ??_C@_0BI@CFPLBAOH@invalid?5string?5position?$AA@ 100111bc     libcpmt:string.obj
 0002:000001d8       ??_7exception@std@@6B@     100111d8     LIBCMT:stdexcpt.obj
 0002:000001e0       ??_C@_0BC@EOODALEL@Unknown?5exception?$AA@ 100111e0     LIBCMT:stdexcpt.obj
 0002:000001f8       ??_7type_info@@6B@         100111f8     LIBCMT:typinfo.obj
 0002:000001fc       __pDefaultRawDllMain       100111fc     LIBCMT:dllcrt0.obj
 0002:000001fc       __pRawDllMain              100111fc     LIBCMT:dllcrt0.obj
 0002:00000228       ??_C@_0P@MIGLKIOC@CorExitProcess?$AA@ 10011228     LIBCMT:crt0dat.obj
 0002:00000238       ??_C@_1BI@BGOHAHKC@?$AAm?$AAs?$AAc?$AAo?$AAr?$AAe?$AAe?$AA?4?$AAd?$AAl?$AAl?$AA?$AA@ 10011238     LIBCMT:crt0dat.obj
 0002:00000250       ??_C@_0P@GGKDKEEG@runtime?5error?5?$AA@ 10011250     LIBCMT:crt0msg.obj
 0002:00000260       ??_C@_02PCIJFNDE@?$AN?6?$AA@ 10011260     LIBCMT:crt0msg.obj
 0002:00000264       ??_C@_0O@MJNIPGOH@TLOSS?5error?$AN?6?$AA@ 10011264     LIBCMT:crt0msg.obj
 0002:00000274       ??_C@_0N@BONNPDHF@SING?5error?$AN?6?$AA@ 10011274     LIBCMT:crt0msg.obj
 0002:00000284       ??_C@_0P@MBDAJNE@DOMAIN?5error?$AN?6?$AA@ 10011284     LIBCMT:crt0msg.obj
 0002:00000298       ??_C@_0JL@DFDOOABL@R6034?$AN?6An?5application?5has?5made?5a@ 10011298     LIBCMT:crt0msg.obj
 0002:00000338       ??_C@_0PH@EPAFIJ@R6033?$AN?6?9?5Attempt?5to?5use?5MSIL?5cod@ 10011338     LIBCMT:crt0msg.obj
 0002:00000430       ??_C@_0DD@BKEEABMM@R6032?$AN?6?9?5not?5enough?5space?5for?5lo@ 10011430     LIBCMT:crt0msg.obj
 0002:00000468       ??_C@_0GD@OFKILIED@R6031?$AN?6?9?5Attempt?5to?5initialize?5t@ 10011468     LIBCMT:crt0msg.obj
 0002:000004cc       ??_C@_0BP@LPMHJOKI@R6030?$AN?6?9?5CRT?5not?5initialized?$AN?6?$AA@ 100114cc     LIBCMT:crt0msg.obj
 0002:000004ec       ??_C@_0CF@KJDAIALP@R6028?$AN?6?9?5unable?5to?5initialize?5he@ 100114ec     LIBCMT:crt0msg.obj
 0002:00000514       ??_C@_0DF@GAKBPDFP@R6027?$AN?6?9?5not?5enough?5space?5for?5lo@ 10011514     LIBCMT:crt0msg.obj
 0002:0000054c       ??_C@_0DF@IBLNNAIG@R6026?$AN?6?9?5not?5enough?5space?5for?5st@ 1001154c     LIBCMT:crt0msg.obj
 0002:00000584       ??_C@_0CG@IOHKGFNJ@R6025?$AN?6?9?5pure?5virtual?5function?5c@ 10011584     LIBCMT:crt0msg.obj
 0002:000005ac       ??_C@_0DF@JIJJFJDC@R6024?$AN?6?9?5not?5enough?5space?5for?5_o@ 100115ac     LIBCMT:crt0msg.obj
 0002:000005e4       ??_C@_0CJ@EGEJHFME@R6019?$AN?6?9?5unable?5to?5open?5console?5@ 100115e4     LIBCMT:crt0msg.obj
 0002:00000610       ??_C@_0CB@GNHNIELH@R6018?$AN?6?9?5unexpected?5heap?5error?$AN?6@ 10011610     LIBCMT:crt0msg.obj
 0002:00000634       ??_C@_0CN@FOLDKNG@R6017?$AN?6?9?5unexpected?5multithread?5@ 10011634     LIBCMT:crt0msg.obj
 0002:00000664       ??_C@_0CM@FAHFJNHO@R6016?$AN?6?9?5not?5enough?5space?5for?5th@ 10011664     LIBCMT:crt0msg.obj
 0002:00000690       ??_C@_0JG@LBKMGKLD@?$AN?6This?5application?5has?5requested@ 10011690     LIBCMT:crt0msg.obj
 0002:00000728       ??_C@_0CM@FLCNIPKK@R6009?$AN?6?9?5not?5enough?5space?5for?5en@ 10011728     LIBCMT:crt0msg.obj
 0002:00000754       ??_C@_0CK@KMMJOAPP@R6008?$AN?6?9?5not?5enough?5space?5for?5ar@ 10011754     LIBCMT:crt0msg.obj
 0002:00000780       ??_C@_0CN@LEKKICBM@R6002?$AN?6?9?5floating?5point?5support?5@ 10011780     LIBCMT:crt0msg.obj
 0002:000007b0       ??_C@_0CF@GOGNBNAK@Microsoft?5Visual?5C?$CL?$CL?5Runtime?5Lib@ 100117b0     LIBCMT:crt0msg.obj
 0002:000007d8       ??_C@_02PHMGELLB@?6?6?$AA@ 100117d8     LIBCMT:crt0msg.obj
 0002:000007dc       ??_C@_03KHICJKCI@?4?4?4?$AA@ 100117dc     LIBCMT:crt0msg.obj
 0002:000007e0       ??_C@_0BH@DNAGHKFM@?$DMprogram?5name?5unknown?$DO?$AA@ 100117e0     LIBCMT:crt0msg.obj
 0002:000007f8       ??_C@_0BK@OFGJDLJJ@Runtime?5Error?$CB?6?6Program?3?5?$AA@ 100117f8     LIBCMT:crt0msg.obj
 0002:00000814       ??_C@_1O@CEDCILHN@?$AA?$CI?$AAn?$AAu?$AAl?$AAl?$AA?$CJ?$AA?$AA@ 10011814     LIBCMT:output.obj
 0002:00000824       ??_C@_06OJHGLDPL@?$CInull?$CJ?$AA@ 10011824     LIBCMT:output.obj
 0002:00000830       ___lookuptable             10011830     LIBCMT:output.obj
 0002:00000890       ___lookuptable_s           10011890     LIBCMT:outputs.obj
 0002:000008ec       ??_C@_0O@NLDKAIKN@EncodePointer?$AA@ 100118ec     LIBCMT:tidtable.obj
 0002:000008fc       ??_C@_1BK@DBDEIDLH@?$AAK?$AAE?$AAR?$AAN?$AAE?$AAL?$AA3?$AA2?$AA?4?$AAD?$AAL?$AAL?$AA?$AA@ 100118fc     LIBCMT:tidtable.obj
 0002:00000918       ??_C@_0O@KBPMFGHI@DecodePointer?$AA@ 10011918     LIBCMT:tidtable.obj
 0002:00000928       ??_C@_07PEJMOBNF@FlsFree?$AA@ 10011928     LIBCMT:tidtable.obj
 0002:00000930       ??_C@_0M@JCPCPOEF@FlsSetValue?$AA@ 10011930     LIBCMT:tidtable.obj
 0002:0000093c       ??_C@_0M@GDNOONDI@FlsGetValue?$AA@ 1001193c     LIBCMT:tidtable.obj
 0002:00000948       ??_C@_08KNHFBNJ@FlsAlloc?$AA@ 10011948     LIBCMT:tidtable.obj
 0002:00000958       __XcptActTab               10011958     LIBCMT:winxfltr.obj
 0002:000009d0       __pDestructExceptionObject 100119d0     LIBCMT:frame.obj
 0002:000009d8       ??_7bad_exception@std@@6B@ 100119d8     LIBCMT:frame.obj
 0002:000009e0       ??_C@_0O@DPKOEFFH@bad?5exception?$AA@ 100119e0     LIBCMT:frame.obj
 0002:000009f0       ??_C@_0BI@DFKBFLJE@GetProcessWindowStation?$AA@ 100119f0     LIBCMT:crtmbox.obj
 0002:00000a08       ??_C@_0BK@CIDNPOGP@GetUserObjectInformationA?$AA@ 10011a08     LIBCMT:crtmbox.obj
 0002:00000a24       ??_C@_0BD@HHGDFDBJ@GetLastActivePopup?$AA@ 10011a24     LIBCMT:crtmbox.obj
 0002:00000a38       ??_C@_0BA@HNOPNCHB@GetActiveWindow?$AA@ 10011a38     LIBCMT:crtmbox.obj
 0002:00000a48       ??_C@_0M@CHKKJDAI@MessageBoxA?$AA@ 10011a48     LIBCMT:crtmbox.obj
 0002:00000a54       ??_C@_0L@NDEGIDAG@USER32?4DLL?$AA@ 10011a54     LIBCMT:crtmbox.obj
 0002:00000ae0       ??_C@_01NEMOKFLO@?$DN?$AA@ 10011ae0     LIBCMT:setlocal.obj
 0002:00000ae2       ??_C@_00CNPNBAHC@?$AA@     10011ae2     LIBCMT:setlocal.obj
 0002:00000ae4       ??_C@_0BK@CFCOFLF@?5Complete?5Object?5Locator?8?$AA@ 10011ae4     LIBCMT:undname.obj
 0002:00000b00       ??_C@_0BN@MECKDCOJ@?5Class?5Hierarchy?5Descriptor?8?$AA@ 10011b00     LIBCMT:undname.obj
 0002:00000b20       ??_C@_0BD@LGICGFMM@?5Base?5Class?5Array?8?$AA@ 10011b20     LIBCMT:undname.obj
 0002:00000b34       ??_C@_0BM@LDKODKLH@?5Base?5Class?5Descriptor?5at?5?$CI?$AA@ 10011b34     LIBCMT:undname.obj
 0002:00000b50       ??_C@_0BC@DAFEJGAK@?5Type?5Descriptor?8?$AA@ 10011b50     LIBCMT:undname.obj
 0002:00000b64       ??_C@_0BM@PMGGMLDN@?$GAlocal?5static?5thread?5guard?8?$AA@ 10011b64     LIBCMT:undname.obj
 0002:00000b80       ??_C@_0CL@FGIJHLCE@?$GAmanaged?5vector?5copy?5constructor@ 10011b80     LIBCMT:undname.obj
 0002:00000bac       ??_C@_0CJ@GJELGAMM@?$GAvector?5vbase?5copy?5constructor?5i@ 10011bac     LIBCMT:undname.obj
 0002:00000bd8       ??_C@_0CD@CGAJBKEJ@?$GAvector?5copy?5constructor?5iterato@ 10011bd8     LIBCMT:undname.obj
 0002:00000bfc       ??_C@_0CB@PDBIFEP@?$GAdynamic?5atexit?5destructor?5for?5?8@ 10011bfc     LIBCMT:undname.obj
 0002:00000c20       ??_C@_0BL@CLIPGLGB@?$GAdynamic?5initializer?5for?5?8?$AA@ 10011c20     LIBCMT:undname.obj
 0002:00000c3c       ??_C@_0CM@FCBBDIGB@?$GAeh?5vector?5vbase?5copy?5constructo@ 10011c3c     LIBCMT:undname.obj
 0002:00000c68       ??_C@_0CG@HLDDJMAG@?$GAeh?5vector?5copy?5constructor?5iter@ 10011c68     LIBCMT:undname.obj
 0002:00000c90       ??_C@_0CF@IMGKMJNO@?$GAmanaged?5vector?5destructor?5itera@ 10011c90     LIBCMT:undname.obj
 0002:00000cb8       ??_C@_0CG@CFDHKGGD@?$GAmanaged?5vector?5constructor?5iter@ 10011cb8     LIBCMT:undname.obj
 0002:00000ce0       ??_C@_0BN@CKNJLHMB@?$GAplacement?5delete?$FL?$FN?5closure?8?$AA@ 10011ce0     LIBCMT:undname.obj
 0002:00000d00       ??_C@_0BL@CNOONJFP@?$GAplacement?5delete?5closure?8?$AA@ 10011d00     LIBCMT:undname.obj
 0002:00000d1c       ??_C@_0P@HJKNJFNN@?$GAomni?5callsig?8?$AA@ 10011d1c     LIBCMT:undname.obj
 0002:00000d2c       ??_C@_09LBNFPBCA@?5delete?$FL?$FN?$AA@ 10011d2c     LIBCMT:undname.obj
 0002:00000d38       ??_C@_06FHBGPFGH@?5new?$FL?$FN?$AA@ 10011d38     LIBCMT:undname.obj
 0002:00000d40       ??_C@_0CE@IIHCMGGL@?$GAlocal?5vftable?5constructor?5closu@ 10011d40     LIBCMT:undname.obj
 0002:00000d64       ??_C@_0BA@KKLDJDLB@?$GAlocal?5vftable?8?$AA@ 10011d64     LIBCMT:undname.obj
 0002:00000d74       ??_C@_05KHLCHHI@?$GARTTI?$AA@ 10011d74     LIBCMT:undname.obj
 0002:00000d7c       ??_C@_03KLGMFNMG@?$GAEH?$AA@ 10011d7c     LIBCMT:undname.obj
 0002:00000d80       ??_C@_0BA@KBCDOMBN@?$GAudt?5returning?8?$AA@ 10011d80     LIBCMT:undname.obj
 0002:00000d90       ??_C@_0BL@LLKPOHJI@?$GAcopy?5constructor?5closure?8?$AA@ 10011d90     LIBCMT:undname.obj
 0002:00000dac       ??_C@_0CH@OOJPLCPH@?$GAeh?5vector?5vbase?5constructor?5ite@ 10011dac     LIBCMT:undname.obj
 0002:00000dd4       ??_C@_0CA@GCEOPDGL@?$GAeh?5vector?5destructor?5iterator?8?$AA@ 10011dd4     LIBCMT:undname.obj
 0002:00000df4       ??_C@_0CB@JONCMFFK@?$GAeh?5vector?5constructor?5iterator?8@ 10011df4     LIBCMT:undname.obj
 0002:00000e18       ??_C@_0BL@NILFHHPC@?$GAvirtual?5displacement?5map?8?$AA@ 10011e18     LIBCMT:undname.obj
 0002:00000e34       ??_C@_0CE@IKBNEHA@?$GAvector?5vbase?5constructor?5iterat@ 10011e34     LIBCMT:undname.obj
 0002:00000e58       ??_C@_0BN@LFPFMEDL@?$GAvector?5destructor?5iterator?8?$AA@ 10011e58     LIBCMT:undname.obj
 0002:00000e78       ??_C@_0BO@PFGOCPJJ@?$GAvector?5constructor?5iterator?8?$AA@ 10011e78     LIBCMT:undname.obj
 0002:00000e98       ??_C@_0BN@IMDCHIKM@?$GAscalar?5deleting?5destructor?8?$AA@ 10011e98     LIBCMT:undname.obj
 0002:00000eb8       ??_C@_0BO@OBMKPJIG@?$GAdefault?5constructor?5closure?8?$AA@ 10011eb8     LIBCMT:undname.obj
 0002:00000ed8       ??_C@_0BN@DEGPLNFK@?$GAvector?5deleting?5destructor?8?$AA@ 10011ed8     LIBCMT:undname.obj
 0002:00000ef8       ??_C@_0BD@JDLKDPAB@?$GAvbase?5destructor?8?$AA@ 10011ef8     LIBCMT:undname.obj
 0002:00000f0c       ??_C@_08OBABFOLI@?$GAstring?8?$AA@ 10011f0c     LIBCMT:undname.obj
 0002:00000f18       ??_C@_0BF@KDPPACIK@?$GAlocal?5static?5guard?8?$AA@ 10011f18     LIBCMT:undname.obj
 0002:00000f30       ??_C@_08LLFFHHDJ@?$GAtypeof?8?$AA@ 10011f30     LIBCMT:undname.obj
 0002:00000f3c       ??_C@_07FEEIOKP@?$GAvcall?8?$AA@ 10011f3c     LIBCMT:undname.obj
 0002:00000f44       ??_C@_09BLBHBJP@?$GAvbtable?8?$AA@ 10011f44     LIBCMT:undname.obj
 0002:00000f50       ??_C@_09IFPLHPGF@?$GAvftable?8?$AA@ 10011f50     LIBCMT:undname.obj
 0002:00000f5c       ??_C@_02MHEGNOJ@?$FO?$DN?$AA@ 10011f5c     LIBCMT:undname.obj
 0002:00000f60       ??_C@_02DHLNPPGH@?$HM?$DN?$AA@ 10011f60     LIBCMT:undname.obj
 0002:00000f64       ??_C@_02FGJGFEAB@?$CG?$DN?$AA@ 10011f64     LIBCMT:undname.obj
 0002:00000f68       ??_C@_03CDNPDDLA@?$DM?$DM?$DN?$AA@ 10011f68     LIBCMT:undname.obj
 0002:00000f6c       ??_C@_03IKFCCPFF@?$DO?$DO?$DN?$AA@ 10011f6c     LIBCMT:undname.obj
 0002:00000f70       ??_C@_02FENAOKFI@?$CF?$DN?$AA@ 10011f70     LIBCMT:undname.obj
 0002:00000f74       ??_C@_02FJEHGPIO@?1?$DN?$AA@ 10011f74     LIBCMT:undname.obj
 0002:00000f78       ??_C@_02FKMDLLOA@?9?$DN?$AA@ 10011f78     LIBCMT:undname.obj
 0002:00000f7c       ??_C@_02FOEOMHFC@?$CL?$DN?$AA@ 10011f7c     LIBCMT:undname.obj
 0002:00000f80       ??_C@_02FPIMKNGF@?$CK?$DN?$AA@ 10011f80     LIBCMT:undname.obj
 0002:00000f84       ??_C@_02NONPIBCD@?$HM?$HM?$AA@ 10011f84     LIBCMT:undname.obj
 0002:00000f88       ??_C@_02PPKAJPJL@?$CG?$CG?$AA@ 10011f88     LIBCMT:undname.obj
 0002:00000f8c       ??_C@_01DNKMNLPK@?$HM?$AA@ 10011f8c     LIBCMT:undname.obj
 0002:00000f90       ??_C@_01JKBOJNNK@?$FO?$AA@ 10011f90     LIBCMT:undname.obj
 0002:00000f94       ??_C@_01PJKLJHI@?$HO?$AA@  10011f94     LIBCMT:undname.obj
 0002:00000f98       ??_C@_02HCKGKOFO@?$CI?$CJ?$AA@ 10011f98     LIBCMT:undname.obj
 0002:00000f9c       ??_C@_01IHBHIGKO@?0?$AA@   10011f9c     LIBCMT:undname.obj
 0002:00000fa0       ??_C@_02EEKDKGMJ@?$DO?$DN?$AA@ 10011fa0     LIBCMT:undname.obj
 0002:00000fa4       ??_C@_01PPODPGHN@?$DO?$AA@ 10011fa4     LIBCMT:undname.obj
 0002:00000fa8       ??_C@_02EHCHHCKH@?$DM?$DN?$AA@ 10011fa8     LIBCMT:undname.obj
 0002:00000fac       ??_C@_01MNNFJEPP@?$DM?$AA@ 10011fac     LIBCMT:undname.obj
 0002:00000fb0       ??_C@_01FGNFDNOH@?$CF?$AA@ 10011fb0     LIBCMT:undname.obj
 0002:00000fb4       ??_C@_01KMDKNFGN@?1?$AA@   10011fb4     LIBCMT:undname.obj
 0002:00000fb8       ??_C@_03MNHNFDLC@?9?$DO?$CK?$AA@ 10011fb8     LIBCMT:undname.obj
 0002:00000fbc       ??_C@_01HNPIGOCE@?$CG?$AA@ 10011fbc     LIBCMT:undname.obj
 0002:00000fc0       ??_C@_01MIFGBAGJ@?$CL?$AA@ 10011fc0     LIBCMT:undname.obj
 0002:00000fc4       ??_C@_01JOAMLHOP@?9?$AA@   10011fc4     LIBCMT:undname.obj
 0002:00000fc8       ??_C@_02BAABKJLB@?9?9?$AA@ 10011fc8     LIBCMT:undname.obj
 0002:00000fcc       ??_C@_02ECNGHCIF@?$CL?$CL?$AA@ 10011fcc     LIBCMT:undname.obj
 0002:00000fd0       ??_C@_01NBENCBCI@?$CK?$AA@ 10011fd0     LIBCMT:undname.obj
 0002:00000fd4       ??_C@_02HBOOOICD@?9?$DO?$AA@ 10011fd4     LIBCMT:undname.obj
 0002:00000fd8       ??_C@_08LHJFAFGD@operator?$AA@ 10011fd8     LIBCMT:undname.obj
 0002:00000fe4       ??_C@_02GPECMEKF@?$FL?$FN?$AA@ 10011fe4     LIBCMT:undname.obj
 0002:00000fe8       ??_C@_02FDNJECIE@?$CB?$DN?$AA@ 10011fe8     LIBCMT:undname.obj
 0002:00000fec       ??_C@_02EGOFBIJA@?$DN?$DN?$AA@ 10011fec     LIBCMT:undname.obj
 0002:00000ff0       ??_C@_01DCLJPIOD@?$CB?$AA@ 10011ff0     LIBCMT:undname.obj
 0002:00000ff4       ??_C@_02FODMEDOG@?$DM?$DM?$AA@ 10011ff4     LIBCMT:undname.obj
 0002:00000ff8       ??_C@_02GPIOPFAK@?$DO?$DO?$AA@ 10011ff8     LIBCMT:undname.obj
 0002:00000ffc       ??_C@_07FPCDHGMM@?5delete?$AA@ 10011ffc     LIBCMT:undname.obj
 0002:00001004       ??_C@_04NIHEBCM@?5new?$AA@ 10012004     LIBCMT:undname.obj
 0002:0000100c       ??_C@_0M@GFIIJFMG@__unaligned?$AA@ 1001200c     LIBCMT:undname.obj
 0002:00001018       ??_C@_0L@PILCLIHE@__restrict?$AA@ 10012018     LIBCMT:undname.obj
 0002:00001024       ??_C@_07JOMMBBKO@__ptr64?$AA@ 10012024     LIBCMT:undname.obj
 0002:0000102c       ??_C@_09HIJEGCPM@__clrcall?$AA@ 1001202c     LIBCMT:undname.obj
 0002:00001038       ??_C@_0L@JMKHOMEK@__fastcall?$AA@ 10012038     LIBCMT:undname.obj
 0002:00001044       ??_C@_0L@NPHFGOKO@__thiscall?$AA@ 10012044     LIBCMT:undname.obj
 0002:00001050       ??_C@_09IFJBGAPI@__stdcall?$AA@ 10012050     LIBCMT:undname.obj
 0002:0000105c       ??_C@_08GHMPAG@__pascal?$AA@ 1001205c     LIBCMT:undname.obj
 0002:00001068       ??_C@_07KOLFKCDI@__cdecl?$AA@ 10012068     LIBCMT:undname.obj
 0002:00001070       ??_C@_08EHJDFFNH@__based?$CI?$AA@ 10012070     LIBCMT:undname.obj
 0002:00001200       ??_C@_13NOLLCAOD@?$AA?$AA?$AA?$AA@ 10012200     LIBCMT:a_map.obj
 0002:00001208       ___newctype                10012208     LIBCMT:ctype.obj
 0002:00001508       __wctype                   10012508     LIBCMT:ctype.obj
 0002:00001710       ___newclmap                10012710     LIBCMT:ctype.obj
 0002:00001890       ___newcumap                10012890     LIBCMT:ctype.obj
 0002:00001a10       ??_C@_08JCCMCCIL@HH?3mm?3ss?$AA@ 10012a10     LIBCMT:strftime.obj
 0002:00001a1c       ??_C@_0BE@CKGJFCPC@dddd?0?5MMMM?5dd?0?5yyyy?$AA@ 10012a1c     LIBCMT:strftime.obj
 0002:00001a30       ??_C@_08BPBNCDIB@MM?1dd?1yy?$AA@ 10012a30     LIBCMT:strftime.obj
 0002:00001a3c       ??_C@_02CJNFDJBF@PM?$AA@   10012a3c     LIBCMT:strftime.obj
 0002:00001a40       ??_C@_02DEDBPAFC@AM?$AA@   10012a40     LIBCMT:strftime.obj
 0002:00001a44       ??_C@_08EDHMEBNP@December?$AA@ 10012a44     LIBCMT:strftime.obj
 0002:00001a50       ??_C@_08HCHEGEOA@November?$AA@ 10012a50     LIBCMT:strftime.obj
 0002:00001a5c       ??_C@_07JJNFCEND@October?$AA@ 10012a5c     LIBCMT:strftime.obj
 0002:00001a64       ??_C@_09BHHEALKD@September?$AA@ 10012a64     LIBCMT:strftime.obj
 0002:00001a70       ??_C@_06LBBHFDDG@August?$AA@ 10012a70     LIBCMT:strftime.obj
 0002:00001a78       ??_C@_04MIEPOIFP@July?$AA@ 10012a78     LIBCMT:strftime.obj
 0002:00001a80       ??_C@_04CNLMGBGM@June?$AA@ 10012a80     LIBCMT:strftime.obj
 0002:00001a88       ??_C@_05DMJDNLEJ@April?$AA@ 10012a88     LIBCMT:strftime.obj
 0002:00001a90       ??_C@_05HPCKOFNC@March?$AA@ 10012a90     LIBCMT:strftime.obj
 0002:00001a98       ??_C@_08GNJGEPFN@February?$AA@ 10012a98     LIBCMT:strftime.obj
 0002:00001aa4       ??_C@_07CGJPFGJA@January?$AA@ 10012aa4     LIBCMT:strftime.obj
 0002:00001aac       ??_C@_03MKABNOCG@Dec?$AA@  10012aac     LIBCMT:strftime.obj
 0002:00001ab0       ??_C@_03JPJOFNIA@Nov?$AA@  10012ab0     LIBCMT:strftime.obj
 0002:00001ab4       ??_C@_03BMAOKBAD@Oct?$AA@  10012ab4     LIBCMT:strftime.obj
 0002:00001ab8       ??_C@_03GGCAPAJC@Sep?$AA@  10012ab8     LIBCMT:strftime.obj
 0002:00001abc       ??_C@_03IFJFEIGA@Aug?$AA@  10012abc     LIBCMT:strftime.obj
 0002:00001ac0       ??_C@_03LBGABGKK@Jul?$AA@  10012ac0     LIBCMT:strftime.obj
 0002:00001ac4       ??_C@_03IDFGHECI@Jun?$AA@  10012ac4     LIBCMT:strftime.obj
 0002:00001ac8       ??_C@_03CNMDKL@May?$AA@    10012ac8     LIBCMT:strftime.obj
 0002:00001acc       ??_C@_03LEOLGMJP@Apr?$AA@  10012acc     LIBCMT:strftime.obj
 0002:00001ad0       ??_C@_03ODNJBKGA@Mar?$AA@  10012ad0     LIBCMT:strftime.obj
 0002:00001ad4       ??_C@_03HJBDCHOM@Feb?$AA@  10012ad4     LIBCMT:strftime.obj
 0002:00001ad8       ??_C@_03JIHJHPIE@Jan?$AA@  10012ad8     LIBCMT:strftime.obj
 0002:00001adc       ??_C@_08INBOOONO@Saturday?$AA@ 10012adc     LIBCMT:strftime.obj
 0002:00001ae8       ??_C@_06JECMNKMI@Friday?$AA@ 10012ae8     LIBCMT:strftime.obj
 0002:00001af0       ??_C@_08HACCIKIA@Thursday?$AA@ 10012af0     LIBCMT:strftime.obj
 0002:00001afc       ??_C@_09DLIGFAKA@Wednesday?$AA@ 10012afc     LIBCMT:strftime.obj
 0002:00001b08       ??_C@_07BAAGCFCM@Tuesday?$AA@ 10012b08     LIBCMT:strftime.obj
 0002:00001b10       ??_C@_06JLEDEDGH@Monday?$AA@ 10012b10     LIBCMT:strftime.obj
 0002:00001b18       ??_C@_06OOPIFAJ@Sunday?$AA@ 10012b18     LIBCMT:strftime.obj
 0002:00001b20       ??_C@_03FEFJNEK@Sat?$AA@   10012b20     LIBCMT:strftime.obj
 0002:00001b24       ??_C@_03IDIOELNC@Fri?$AA@  10012b24     LIBCMT:strftime.obj
 0002:00001b28       ??_C@_03IOFIKPDN@Thu?$AA@  10012b28     LIBCMT:strftime.obj
 0002:00001b2c       ??_C@_03MHOMLAJA@Wed?$AA@  10012b2c     LIBCMT:strftime.obj
 0002:00001b30       ??_C@_03NAGEINEP@Tue?$AA@  10012b30     LIBCMT:strftime.obj
 0002:00001b34       ??_C@_03PDAGKDH@Mon?$AA@   10012b34     LIBCMT:strftime.obj
 0002:00001b38       ??_C@_03KOEHGMDN@Sun?$AA@  10012b38     LIBCMT:strftime.obj
 0002:00001b3c       ??_C@_07GPDNMNG@CONOUT$?$AA@ 10012b3c     LIBCMT:initcon.obj
 0002:00001b44       ___dnames                  10012b44     LIBCMT:timeset.obj
 0002:00001b5c       ___mnames                  10012b5c     LIBCMT:timeset.obj
 0002:00001b84       ??_C@_0P@GHFPNOJB@bad?5allocation?$AA@ 10012b84     main.obj
 0002:00001b94       ??_C@_09IIFHEAOO@angel?4dll?$AA@ 10012b94     main.obj
 0002:00001ba0       ??_C@_0M@BFOAAPGP@EventParams?$AA@ 10012ba0     main.obj
 0002:00001bac       ??_C@_0BA@JJKLPBHG@SaveEventParams?$AA@ 10012bac     main.obj
 0002:00001bbc       ??_C@_0BD@KPOAIKLJ@RestoreEventParams?$AA@ 10012bbc     main.obj
 0002:00001bd0       ??_C@_0M@CLLMHKFF@WriteAtCode?$AA@ 10012bd0     main.obj
 0002:00001bdc       ??_C@_04PHJJMCEO@Hook?$AA@ 10012bdc     main.obj
 0002:00001be4       ??_C@_07HCDNKGPA@ApiHook?$AA@ 10012be4     main.obj
 0002:00001bec       ??_C@_0BA@HMGPJLP@KillThisProcess?$AA@ 10012bec     main.obj
 0002:00001bfc       ??_C@_0L@CKILDBJC@FatalError?$AA@ 10012bfc     main.obj
 0002:00001c08       ??_C@_09IJJOFFNH@RecallAPI?$AA@ 10012c08     main.obj
 0002:00001c14       ??_C@_0BA@BCNGHKCC@RegisterHandler?$AA@ 10012c14     main.obj
 0002:00001c24       ??_C@_09GEAPPBGH@FireEvent?$AA@ 10012c24     main.obj
 0002:00001c30       ??_C@_07GDNFNLKF@LoadTxt?$AA@ 10012c30     main.obj
 0002:00001c38       ??_C@_0P@FJANCHAH@ForceTxtUnload?$AA@ 10012c38     main.obj
 0002:00001c48       ??_C@_0L@GHCNBJIK@ExecErmCmd?$AA@ 10012c48     main.obj
 0002:00001c54       ??_C@_09MJCMIAEG@ReloadErm?$AA@ 10012c54     main.obj
 0002:00001c60       ??_C@_0L@BBNMEHJH@ExtractErm?$AA@ 10012c60     main.obj
 0002:00001c6c       ??_C@_0N@HFGMKLEN@FireErmEvent?$AA@ 10012c6c     main.obj
 0002:00001c7c       ??_C@_0BB@NFICFMFA@ClearAllIniCache?$AA@ 10012c7c     main.obj
 0002:00001c90       ??_C@_0O@KHPPEFLJ@ClearIniCache?$AA@ 10012c90     main.obj
 0002:00001ca0       ??_C@_0P@CCLIEMKP@ReadStrFromIni?$AA@ 10012ca0     main.obj
 0002:00001cb0       ??_C@_0O@POMBDOKD@WriteStrToIni?$AA@ 10012cb0     main.obj
 0002:00001cc0       ??_C@_07PAHGKEHA@SaveIni?$AA@ 10012cc0     main.obj
 0002:00001cc8       ??_C@_09PIKCKENJ@NameColor?$AA@ 10012cc8     main.obj
 0002:00001cd4       ??_C@_0BF@HMHBLPO@WriteSavegameSection?$AA@ 10012cd4     main.obj
 0002:00001cec       ??_C@_0BE@CIDOCKGN@ReadSavegameSection?$AA@ 10012cec     main.obj
 0002:00001d00       ??_C@_0N@CFMBLIKP@GetGameState?$AA@ 10012d00     main.obj
 0002:00001d10       ??_C@_0M@KJHFCLAP@GetButtonID?$AA@ 10012d10     main.obj
 0002:00001d1c       ??_C@_0M@PLEJCMGM@PatchExists?$AA@ 10012d1c     main.obj
 0002:00001d28       ??_C@_0N@BGLGOOMO@PluginExists?$AA@ 10012d28     main.obj
 0002:00001d38       ??_C@_0N@EADKAOLK@RedirectFile?$AA@ 10012d38     main.obj
 0002:00001d48       ??_C@_0BD@DPCJBLFO@GlobalRedirectFile?$AA@ 10012d48     main.obj
 0002:00001d5c       ??_C@_0BE@OJOEEMJD@RedirectMemoryBlock?$AA@ 10012d5c     main.obj
 0002:00001d70       ??_C@_0M@LKIFOAN@GetRealAddr?$AA@ 10012d70     main.obj
 0002:00001d7c       ??_C@_02IKAHHCAI@?$CFi?$AA@ 10012d7c     main.obj
 0002:00001d80       ??_C@_04GFJLOHHD@?$CF?43f?$AA@ 10012d80     main.obj
 0002:00001d88       ??_C@_0JM@HDNOOKOC@The?5game?5is?5incompatible?5with?5th@ 10012d88     main.obj
 0002:00001e24       ??_C@_0BE@KPCFEKMI@OnPandora?8sApiReady?$AA@ 10012e24     main.obj
 0002:00001e38       ??_C@_0L@DNGKLGJJ@OnAfterWog?$AA@ 10012e38     main.obj
 0002:00001e44       __FPinit                   10012e44     LIBCMT:_fpinit_.obj
 0002:00001e48       __FPmtinit                 10012e48     LIBCMT:_fpinit_.obj
 0002:00001e4c       __FPmtterm                 10012e4c     LIBCMT:_fpinit_.obj
 0002:00001e50       ??_C@_05KLBDPFGC@e?$CL000?$AA@ 10012e50     LIBCMT:cvt.obj
 0002:00001e58       __real@4150017ec0000000    10012e58     LIBCMT:_testfdiv_.obj
 0002:00001e60       __real@4147ffff80000000    10012e60     LIBCMT:_testfdiv_.obj
 0002:00001e68       ??_C@_0BK@NHEOCAHP@IsProcessorFeaturePresent?$AA@ 10012e68     LIBCMT:_testfdiv_.obj
 0002:00001e84       ??_C@_08CPNIBGIE@KERNEL32?$AA@ 10012e84     LIBCMT:_testfdiv_.obj
 0002:00001e90       ??_C@_06IMKFLFPG@1?$CDQNAN?$AA@ 10012e90     LIBCMT:_x10fout_.obj
 0002:00001e98       ??_C@_05DNEBIAHO@1?$CDINF?$AA@ 10012e98     LIBCMT:_x10fout_.obj
 0002:00001ea0       ??_C@_05PHHOCPM@1?$CDIND?$AA@ 10012ea0     LIBCMT:_x10fout_.obj
 0002:00001ea8       ??_C@_06PGGFOGJG@1?$CDSNAN?$AA@ 10012ea8     LIBCMT:_x10fout_.obj
 0002:00001eb0       __load_config_used         10012eb0     LIBCMT:loadcfg.obj
 0002:00001f58       ??_R4logic_error@std@@6B@  10012f58     libcpmt:string.obj
 0002:00001f6c       ??_R3logic_error@std@@8    10012f6c     libcpmt:string.obj
 0002:00001f7c       ??_R2logic_error@std@@8    10012f7c     libcpmt:string.obj
 0002:00001f88       ??_R1A@?0A@EA@logic_error@std@@8 10012f88     libcpmt:string.obj
 0002:00001fa4       ??_R4length_error@std@@6B@ 10012fa4     libcpmt:string.obj
 0002:00001fb8       ??_R3length_error@std@@8   10012fb8     libcpmt:string.obj
 0002:00001fc8       ??_R2length_error@std@@8   10012fc8     libcpmt:string.obj
 0002:00001fd8       ??_R1A@?0A@EA@length_error@std@@8 10012fd8     libcpmt:string.obj
 0002:00001ff4       ??_R4out_of_range@std@@6B@ 10012ff4     libcpmt:string.obj
 0002:00002008       ??_R3out_of_range@std@@8   10013008     libcpmt:string.obj
 0002:00002018       ??_R2out_of_range@std@@8   10013018     libcpmt:string.obj
 0002:00002028       ??_R1A@?0A@EA@out_of_range@std@@8 10013028     libcpmt:string.obj
 0002:00002044       ??_R4exception@std@@6B@    10013044     LIBCMT:stdexcpt.obj
 0002:00002058       ??_R4type_info@@6B@        10013058     LIBCMT:typinfo.obj
 0002:0000206c       ??_R3type_info@@8          1001306c     LIBCMT:typinfo.obj
 0002:0000207c       ??_R2type_info@@8          1001307c     LIBCMT:typinfo.obj
 0002:00002084       ??_R1A@?0A@EA@type_info@@8 10013084     LIBCMT:typinfo.obj
 0002:000020a0       ??_R4bad_exception@std@@6B@ 100130a0     LIBCMT:frame.obj
 0002:000020b4       ??_R3bad_exception@std@@8  100130b4     LIBCMT:frame.obj
 0002:000020c4       ??_R2bad_exception@std@@8  100130c4     LIBCMT:frame.obj
 0002:000020d0       ??_R1A@?0A@EA@bad_exception@std@@8 100130d0     LIBCMT:frame.obj
 0002:000020ec       ??_R4bad_alloc@std@@6B@    100130ec     main.obj
 0002:00002100       ??_R3bad_alloc@std@@8      10013100     main.obj
 0002:00002110       ??_R2bad_alloc@std@@8      10013110     main.obj
 0002:0000211c       ??_R1A@?0A@EA@exception@std@@8 1001311c     main.obj
 0002:00002138       ??_R3exception@std@@8      10013138     main.obj
 0002:00002148       ??_R2exception@std@@8      10013148     main.obj
 0002:00002150       ??_R1A@?0A@EA@bad_alloc@std@@8 10013150     main.obj
 0002:00002170       ___safe_se_handler_table   10013170     <linker-defined>
 0002:00002198       ___rtc_iaa                 10013198     LIBCMT:_initsect_.obj
 0002:0000219c       ___rtc_izz                 1001319c     LIBCMT:_initsect_.obj
 0002:000021a0       ___rtc_taa                 100131a0     LIBCMT:_initsect_.obj
 0002:000021a4       ___rtc_tzz                 100131a4     LIBCMT:_initsect_.obj
 0002:000021a8       __TI3?AVlength_error@std@@ 100131a8     libcpmt:string.obj
 0002:000021e4       __CTA3?AVlength_error@std@@ 100131e4     libcpmt:string.obj
 0002:000021f4       __CT??_R0?AVlength_error@std@@@8??0length_error@std@@QAE@ABV01@@Z40 100131f4     libcpmt:string.obj
 0002:00002210       __CT??_R0?AVlogic_error@std@@@8??0logic_error@std@@QAE@ABV01@@Z40 10013210     libcpmt:string.obj
 0002:0000222c       __TI3?AVout_of_range@std@@ 1001322c     libcpmt:string.obj
 0002:0000223c       __CTA3?AVout_of_range@std@@ 1001323c     libcpmt:string.obj
 0002:0000224c       __CT??_R0?AVout_of_range@std@@@8??0out_of_range@std@@QAE@ABV01@@Z40 1001324c     libcpmt:string.obj
 0002:0000254c       __TI2?AVbad_exception@std@@ 1001354c     LIBCMT:frame.obj
 0002:0000255c       __CTA2?AVbad_exception@std@@ 1001355c     LIBCMT:frame.obj
 0002:00002568       __CT??_R0?AVbad_exception@std@@@8??0bad_exception@std@@QAE@ABV01@@Z12 10013568     LIBCMT:frame.obj
 0002:000027ac       __CT??_R0?AVexception@std@@@8??0exception@std@@QAE@ABV01@@Z12 100137ac     main.obj
 0002:000027c8       __CT??_R0?AVbad_alloc@std@@@8??0bad_alloc@std@@QAE@ABV01@@Z12 100137c8     main.obj
 0002:000027e4       __CTA2?AVbad_alloc@std@@   100137e4     main.obj
 0002:000027f0       __TI2?AVbad_alloc@std@@    100137f0     main.obj
 0002:000028d4       __IMPORT_DESCRIPTOR_KERNEL32 100138d4     kernel32:KERNEL32.dll
 0002:000028e8       __NULL_IMPORT_DESCRIPTOR   100138e8     kernel32:KERNEL32.dll
 0003:00000004       ??_R0?AVlogic_error@std@@@8 10014004     libcpmt:string.obj
 0003:00000024       ??_R0?AVlength_error@std@@@8 10014024     libcpmt:string.obj
 0003:00000044       ??_R0?AVout_of_range@std@@@8 10014044     libcpmt:string.obj
 0003:00000074       ??_R0?AVtype_info@@@8      10014074     LIBCMT:typinfo.obj
 0003:00000090       ___security_cookie         10014090     LIBCMT:gs_cookie.obj
 0003:00000094       ___security_cookie_complement 10014094     LIBCMT:gs_cookie.obj
 0003:00000208       __amblksiz                 10014208     LIBCMT:heapinit.obj
 0003:00000330       __aexit_rtn                10014330     LIBCMT:crt0dat.obj
 0003:000003f0       ___nullstring              100143f0     LIBCMT:output.obj
 0003:000003f4       ___wnullstring             100143f4     LIBCMT:output.obj
 0003:00000410       ___flsindex                10014410     LIBCMT:tidtable.obj
 0003:00000414       ___getvalueindex           10014414     LIBCMT:tidtable.obj
 0003:00000418       ___badioinfo               10014418     LIBCMT:ioinit.obj
 0003:00000458       __First_FPE_Indx           10014458     LIBCMT:winxfltr.obj
 0003:0000045c       __Num_FPE                  1001445c     LIBCMT:winxfltr.obj
 0003:00000460       __XcptActTabSize           10014460     LIBCMT:winxfltr.obj
 0003:00000464       __XcptActTabCount          10014464     LIBCMT:winxfltr.obj
 0003:0000046c       ??_R0?AVbad_exception@std@@@8 1001446c     LIBCMT:frame.obj
 0003:00000490       __cfltcvt_tab              10014490     LIBCMT:cmiscdat.obj
 0003:000004b8       __iob                      100144b8     LIBCMT:_file.obj
 0003:00000738       ___initialmbcinfo          10014738     LIBCMT:mbctype.obj
 0003:00000958       __mbctype                  10014958     LIBCMT:mbctype.obj
 0003:00000a60       __mbcasemap                10014a60     LIBCMT:mbctype.obj
 0003:00000b60       ___ptmbcinfo               10014b60     LIBCMT:mbctype.obj
 0003:00000c5c       ___globallocalestatus      10014c5c     LIBCMT:glstatus.obj
 0003:00000c60       ___clocalestr              10014c60     LIBCMT:nlsdata2.obj
 0003:00000c68       ___initiallocinfo          10014c68     LIBCMT:nlsdata2.obj
 0003:00000d40       ___ptlocinfo               10014d40     LIBCMT:nlsdata2.obj
 0003:00000d44       ___lc_clike                10014d44     LIBCMT:nlsdata2.obj
 0003:00000d48       ___initiallocalestructinfo 10014d48     LIBCMT:nlsdata2.obj
 0003:00000d50       ___abort_behavior          10014d50     LIBCMT:abort.obj
 0003:00000d54       __NLG_Destination          10014d54     LIBCMT:exsup.obj
 0003:00000d70       __pctype                   10014d70     LIBCMT:ctype.obj
 0003:00000d74       __pwctype                  10014d74     LIBCMT:ctype.obj
 0003:00000d78       ___lc_time_c               10014d78     LIBCMT:strftime.obj
 0003:00000e30       ___lc_time_curr            10014e30     LIBCMT:strftime.obj
 0003:00000e34       ___lconv_static_decimal    10014e34     LIBCMT:lconv.obj
 0003:00000e38       ___lconv_c                 10014e38     LIBCMT:lconv.obj
 0003:00000e68       ___lconv                   10014e68     LIBCMT:lconv.obj
 0003:00000e6c       ___mb_cur_max              10014e6c     LIBCMT:nlsdata1.obj
 0003:00000e70       ___decimal_point           10014e70     LIBCMT:nlsdata1.obj
 0003:00000e74       ___decimal_point_length    10014e74     LIBCMT:nlsdata1.obj
 0003:00000e80       __coninpfh                 10014e80     LIBCMT:initcon.obj
 0003:00000e84       __confh                    10014e84     LIBCMT:initcon.obj
 0003:00000e88       __timezone                 10014e88     LIBCMT:timeset.obj
 0003:00000e8c       __daylight                 10014e8c     LIBCMT:timeset.obj
 0003:00000e90       __dstbias                  10014e90     LIBCMT:timeset.obj
 0003:00000f18       __tzname                   10014f18     LIBCMT:timeset.obj
 0003:00000f38       __lpdays                   10014f38     LIBCMT:days.obj
 0003:00000f6c       __days                     10014f6c     LIBCMT:days.obj
 0003:00000fa0       ?v@Era@@3PAHA              10014fa0     main.obj
 0003:00000fa8       ?var@ErmVar@@3PAHA         10014fa8     main.obj
 0003:00000fac       ?flag@ErmVar@@3PA_NA       10014fac     main.obj
 0003:00000fb0       ?v@ErmVar@@3PAHA           10014fb0     main.obj
 0003:00000fb4       ?hero@ErmVar@@3AAHA        10014fb4     main.obj
 0003:00000fb8       ?w@ErmVar@@3PAY0MI@HA      10014fb8     main.obj
 0003:00000fbc       ?z@ErmVar@@3PAY0CAA@DA     10014fbc     main.obj
 0003:00000fc0       ?zMinus@ErmVar@@3PAY0CAA@DA 10014fc0     main.obj
 0003:00000fc4       ?x@ErmVar@@3PAHA           10014fc4     main.obj
 0003:00000fc8       ?y@ErmVar@@3PAHA           10014fc8     main.obj
 0003:00000fcc       ?yMinus@ErmVar@@3PAHA      10014fcc     main.obj
 0003:00000fd0       ?e@ErmVar@@3PAMA           10014fd0     main.obj
 0003:00000fd4       ?eMinus@ErmVar@@3PAMA      10014fd4     main.obj
 0003:00000fd8       ?ermTableMentions@@3PAY01KA 10014fd8     main.obj
 0003:00001008       ??_R0?AVexception@std@@@8  10015008     main.obj
 0003:00001024       ??_R0?AVbad_alloc@std@@@8  10015024     main.obj
 0003:00001040       __fltused                  10015040     LIBCMT:_fpinit_.obj
 0003:00001044       __ldused                   10015044     LIBCMT:_fpinit_.obj
 0003:00001080       __pow10pos                 10015080     LIBCMT:_constpow_.obj
 0003:000011e0       __pow10neg                 100151e0     LIBCMT:_constpow_.obj
 0003:00001374       __aenvptr                  10015374     LIBCMT:dllcrt0.obj
 0003:00001378       __wenvptr                  10015378     LIBCMT:dllcrt0.obj
 0003:0000137c       ___error_mode              1001537c     LIBCMT:dllcrt0.obj
 0003:00001380       ___app_type                10015380     LIBCMT:dllcrt0.obj
 0003:000016ac       __crtheap                  100156ac     LIBCMT:heapinit.obj
 0003:00001800       ___sbh_pHeaderDefer        10015800     LIBCMT:sbheap.obj
 0003:00001804       __umaskval                 10015804     LIBCMT:crt0dat.obj
 0003:00001808       ___argc                    10015808     LIBCMT:crt0dat.obj
 0003:0000180c       ___argv                    1001580c     LIBCMT:crt0dat.obj
 0003:00001810       ___wargv                   10015810     LIBCMT:crt0dat.obj
 0003:00001814       __environ                  10015814     LIBCMT:crt0dat.obj
 0003:00001818       ___initenv                 10015818     LIBCMT:crt0dat.obj
 0003:0000181c       __wenviron                 1001581c     LIBCMT:crt0dat.obj
 0003:00001820       ___winitenv                10015820     LIBCMT:crt0dat.obj
 0003:00001824       __pgmptr                   10015824     LIBCMT:crt0dat.obj
 0003:00001828       __wpgmptr                  10015828     LIBCMT:crt0dat.obj
 0003:0000182c       __exitflag                 1001582c     LIBCMT:crt0dat.obj
 0003:00001830       __C_Termination_Done       10015830     LIBCMT:crt0dat.obj
 0003:00001834       __C_Exit_Done              10015834     LIBCMT:crt0dat.obj
 0003:00001b4c       ?_pnhHeap@@3P6AHI@ZA       10015b4c     LIBCMT:handler.obj
 0003:00001b50       __newmode                  10015b50     LIBCMT:_newmode.obj
 0003:00001b54       ___pInvalidArgHandler      10015b54     LIBCMT:invarg.obj
 0003:00001b60       _gpFlsAlloc                10015b60     LIBCMT:tidtable.obj
 0003:00001b64       _gpFlsGetValue             10015b64     LIBCMT:tidtable.obj
 0003:00001b68       _gpFlsSetValue             10015b68     LIBCMT:tidtable.obj
 0003:00001b6c       _gpFlsFree                 10015b6c     LIBCMT:tidtable.obj
 0003:00001b70       __maxwait                  10015b70     LIBCMT:crtheap.obj
 0003:00001c84       ?__pInconsistency@@3P6AXXZA 10015c84     LIBCMT:hooks.obj
 0003:00001cac       ___pPurecall               10015cac     LIBCMT:inithelp.obj
 0003:00001cc4       __cflush                   10015cc4     LIBCMT:_file.obj
 0003:00001ccc       ___mbulinfo                10015ccc     LIBCMT:mbctype.obj
 0003:00001cd8       ___mbcodepage              10015cd8     LIBCMT:mbctype.obj
 0003:00001cdc       ___ismbcodepage            10015cdc     LIBCMT:mbctype.obj
 0003:00001ce0       ___mblcid                  10015ce0     LIBCMT:mbctype.obj
 0003:00001ce4       ___locale_changed          10015ce4     LIBCMT:setlocal.obj
 0003:00001ce8       ___lc_handle               10015ce8     LIBCMT:nlsdata2.obj
 0003:00001d00       ___lc_codepage             10015d00     LIBCMT:nlsdata2.obj
 0003:00001d04       ___lc_collate_cp           10015d04     LIBCMT:nlsdata2.obj
 0003:00001d20       ?pArgList@UnDecorator@@0PAVReplicator@@A 10015d20     LIBCMT:undname.obj
 0003:00001d24       ?pZNameList@UnDecorator@@0PAVReplicator@@A 10015d24     LIBCMT:undname.obj
 0003:00001d28       ?pTemplateArgList@UnDecorator@@0PAVReplicator@@A 10015d28     LIBCMT:undname.obj
 0003:00001d2c       ?gName@UnDecorator@@0PBDB  10015d2c     LIBCMT:undname.obj
 0003:00001d30       ?name@UnDecorator@@0PBDB   10015d30     LIBCMT:undname.obj
 0003:00001d34       ?outputString@UnDecorator@@0PADA 10015d34     LIBCMT:undname.obj
 0003:00001d38       ?maxStringLength@UnDecorator@@0HA 10015d38     LIBCMT:undname.obj
 0003:00001d3c       ?disableFlags@UnDecorator@@0KA 10015d3c     LIBCMT:undname.obj
 0003:00001d40       ?m_pGetParameter@UnDecorator@@0P6APADJ@ZA 10015d40     LIBCMT:undname.obj
 0003:00001d44       ?fExplicitTemplateParams@UnDecorator@@0_NA 10015d44     LIBCMT:undname.obj
 0003:00001d45       ?fGetTemplateArgumentList@UnDecorator@@0_NA 10015d45     LIBCMT:undname.obj
 0003:00001d50       ___lconv_static_null       10015d50     LIBCMT:lconv.obj
 0003:00001d54       __stdbuf                   10015d54     LIBCMT:_sftbuf.obj
 0003:00001e18       ?hAngel@Era@@3PAUHINSTANCE__@@A 10015e18     main.obj
 0003:00001e1c       ?hEra@Era@@3PAUHINSTANCE__@@A 10015e1c     main.obj
 0003:00001e20       ?EventParams@Era@@3PAY0BA@HA 10015e20     main.obj
 0003:00001e24       ?WriteAtCode@Era@@3P6GXHPAX0@ZA 10015e24     main.obj
 0003:00001e28       ?Hook@Era@@3P6GPAXPAXHH0@ZA 10015e28     main.obj
 0003:00001e2c       ?ApiHook@Era@@3P6GPAXPAXH0@ZA 10015e2c     main.obj
 0003:00001e30       ?KillThisProcess@Era@@3P6GXXZA 10015e30     main.obj
 0003:00001e34       ?FatalError@Era@@3P6GXPAD@ZA 10015e34     main.obj
 0003:00001e38       ?RecallAPI@Era@@3P6GHPAUTHookContext@1@H@ZA 10015e38     main.obj
 0003:00001e3c       ?RegisterHandler@Era@@3P6GXP6GXPAUTEvent@1@@ZPAD@ZA 10015e3c     main.obj
 0003:00001e40       ?FireEvent@Era@@3P6GXPADPAXH@ZA 10015e40     main.obj
 0003:00001e44       ?LoadTxt@Era@@3P6GPAXPAD@ZA 10015e44     main.obj
 0003:00001e48       ?ForceTxtUnload@Era@@3P6GXPAD@ZA 10015e48     main.obj
 0003:00001e4c       ?ExecErmCmd@Era@@3P6GXPAD@ZA 10015e4c     main.obj
 0003:00001e50       ?ReloadErm@Era@@3P6GXXZA   10015e50     main.obj
 0003:00001e54       ?ExtractErm@Era@@3P6GXXZA  10015e54     main.obj
 0003:00001e58       ?FireErmEvent@Era@@3P6GXH@ZA 10015e58     main.obj
 0003:00001e5c       ?ClearAllIniCache@Era@@3P6GXXZA 10015e5c     main.obj
 0003:00001e60       ?ClearIniCache@Era@@3P6GXPAD@ZA 10015e60     main.obj
 0003:00001e64       ?ReadStrFromIni@Era@@3P6G_NPAD000@ZA 10015e64     main.obj
 0003:00001e68       ?WriteStrToIni@Era@@3P6G_NPAD000@ZA 10015e68     main.obj
 0003:00001e6c       ?SaveIni@Era@@3P6G_NPAD@ZA 10015e6c     main.obj
 0003:00001e70       ?NameColor@Era@@3P6GXHPAD@ZA 10015e70     main.obj
 0003:00001e74       ?WriteSavegameSection@Era@@3P6GXHPAXPAD@ZA 10015e74     main.obj
 0003:00001e78       ?ReadSavegameSection@Era@@3P6GHHPAXPAD@ZA 10015e78     main.obj
 0003:00001e7c       ?GetGameState@Era@@3P6GXPAUTGameState@1@@ZA 10015e7c     main.obj
 0003:00001e80       ?GetButtonID@Era@@3P6GHPAD@ZA 10015e80     main.obj
 0003:00001e84       ?PatchExists@Era@@3P6G_NPAD@ZA 10015e84     main.obj
 0003:00001e88       ?PluginExists@Era@@3P6G_NPAD@ZA 10015e88     main.obj
 0003:00001e8c       ?RedirectFile@Era@@3P6GXXZA 10015e8c     main.obj
 0003:00001e90       ?GlobalRedirectFile@Era@@3P6GXXZA 10015e90     main.obj
 0003:00001e94       ?RedirectMemoryBlock@Era@@3P6GXPAXH0@ZA 10015e94     main.obj
 0003:00001e98       ?GetRealAddr@Era@@3P6GPAXPAX@ZA 10015e98     main.obj
 0003:00001e9c       ?SaveEventParams@Era@@3P6GXXZA 10015e9c     main.obj
 0003:00001ea0       ?RestoreEventParams@Era@@3P6GXXZA 10015ea0     main.obj
 0003:00001ea4       ?commandTable@@3PAUErmReceiver@@A 10015ea4     main.obj
 0003:00001ea8       ?commandTableLength@@3HA   10015ea8     main.obj
 0003:00001eac       ?commandTableCount@@3HA    10015eac     main.obj
 0003:00001eb0       ___fastflag                10015eb0     LIBCMT:_fpinit_.obj
 0003:00001eb4       __adjust_fdiv              10015eb4     LIBCMT:_fpinit_.obj
 0003:00001eb8       __outputformat             10015eb8     LIBCMT:outputformat.obj
 0003:00001ebc       ___piob                    10015ebc     <common>
 0003:00001ec0       __bufin                    10015ec0     <common>
 0003:00002ec0       __nstream                  10016ec0     <common>
 0003:00002ec4       __debugger_hook_dummy      10016ec4     <common>
 0003:00002ec8       __nhandle                  10016ec8     <common>
 0003:00002ee0       ___pioinfo                 10016ee0     <common>
 0003:00002fe0       ___env_initialized         10016fe0     <common>
 0003:00002fe4       ___onexitend               10016fe4     <common>
 0003:00002fe8       ___onexitbegin             10016fe8     <common>
 0003:00002fec       ___mbctype_initialized     10016fec     <common>
 0003:00002ff0       ___dyn_tls_init_callback   10016ff0     <common>
 0003:00002ff4       ___sbh_cntHeaderList       10016ff4     <common>
 0003:00002ff8       ___sbh_pHeaderList         10016ff8     <common>
 0003:00002ffc       ___sbh_threshold           10016ffc     <common>
 0003:00003000       ___sbh_pHeaderScan         10017000     <common>
 0003:00003004       ___sbh_sizeHeaderList      10017004     <common>
 0003:00003008       ___sbh_indGroupDefer       10017008     <common>
 0003:0000300c       ___active_heap             1001700c     <common>
 0003:00003010       ___sse2_available          10017010     <common>
 0003:00003014       __acmdln                   10017014     <common>

 entry point at        0001:00002c4c

 Static symbols

 0001:000018df       __catch$?_Copy@?$basic_string@DU?$char_traits@D@std@@V?$allocator@D@2@@std@@IAEXII@Z$0 100028df f i  CIL library: CIL module
 0001:0000196e       __catch$?_Copy@?$basic_string@DU?$char_traits@D@std@@V?$allocator@D@2@@std@@IAEXII@Z$1 1000296e f i  CIL library: CIL module
 0001:00002b56       ___DllMainCRTStartup       10003b56 f   LIBCMT:dllcrt0.obj
 0001:00002e67       ?CatchGuardHandler@@YA?AW4_EXCEPTION_DISPOSITION@@PAUEHExceptionRecord@@PAUCatchGuardRN@@PAX2@Z 10003e67 f   LIBCMT:_trnsctrl_.obj
 0001:00002f71       ?TranslatorGuardHandler@@YA?AW4_EXCEPTION_DISPOSITION@@PAUEHExceptionRecord@@PAUTranslatorGuardRN@@PAX2@Z 10003f71 f   LIBCMT:_trnsctrl_.obj
 0001:00003375       _fastcopy_I                10004375 f   LIBCMT:p4_memcpy.obj
 0001:000034df       _has_osfxsr_set            100044df f   LIBCMT:cpu_disp.obj
 0001:000046f8       __initterm                 100056f8 f   LIBCMT:crt0dat.obj
 0001:000047be       _doexit                    100057be f   LIBCMT:crt0dat.obj
 0001:00004ec0       _write_char                10005ec0 f   LIBCMT:outputs.obj
 0001:00004ef3       _write_multi_char          10005ef3 f   LIBCMT:outputs.obj
 0001:00004f19       _write_string              10005f19 f   LIBCMT:outputs.obj
 0001:00006028       __onexit_nolock            10007028 f   LIBCMT:onexit.obj
 0001:00006bd0       _parse_cmdline             10007bd0 f   LIBCMT:stdargv.obj
 0001:00007397       ?ExFilterRethrow@@YAHPAU_EXCEPTION_POINTERS@@@Z 10008397 f   LIBCMT:frame.obj
 0001:0000745a       ?IsInExceptionSpec@@YAEPAUEHExceptionRecord@@PBU_s_ESTypeList@@@Z 1000845a f   LIBCMT:frame.obj
 0001:000074d5       ?CallUnexpected@@YAXPBU_s_ESTypeList@@@Z 100084d5 f   LIBCMT:frame.obj
 0001:00007506       __catch$?CallUnexpected@@YAXPBU_s_ESTypeList@@@Z$0 10008506 f   LIBCMT:frame.obj
 0001:0000751e       ?CallCatchBlock@@YAPAXPAUEHExceptionRecord@@PAUEHRegistrationNode@@PAU_CONTEXT@@PBU_s_FuncInfo@@PAXHK@Z 1000851e f   LIBCMT:frame.obj
 0001:000078cb       ?CatchIt@@YAXPAUEHExceptionRecord@@PAUEHRegistrationNode@@PAU_CONTEXT@@PAXPBU_s_FuncInfo@@PBU_s_HandlerType@@PBU_s_CatchableType@@PBU_s_TryBlockMapEntry@@H1E@Z 100088cb f   LIBCMT:frame.obj
 0001:00007939       ?FindHandlerForForeignException@@YAXPAUEHExceptionRecord@@PAUEHRegistrationNode@@PAU_CONTEXT@@PAXPBU_s_FuncInfo@@HH1@Z 10008939 f   LIBCMT:frame.obj
 0001:00007a2d       ?FindHandler@@YAXPAUEHExceptionRecord@@PAUEHRegistrationNode@@PAU_CONTEXT@@PAXPBU_s_FuncInfo@@EH1@Z 10008a2d f   LIBCMT:frame.obj
 0001:00008064       __unwind_handler4          10009064 f   LIBCMT:exsup4.obj
 0001:000082bc       _siglookup                 100092bc f   LIBCMT:winsig.obj
 0001:000093ec       ?CPtoLCID@@YAHH@Z          1000a3ec f   LIBCMT:mbctype.obj
 0001:0000941b       ?setSBCS@@YAXPAUthreadmbcinfostruct@@@Z 1000a41b f   LIBCMT:mbctype.obj
 0001:0000947f       ?setSBUpLow@@YAXPAUthreadmbcinfostruct@@@Z 1000a47f f   LIBCMT:mbctype.obj
 0001:000096b6       ?getSystemCP@@YAHH@Z       1000a6b6 f   LIBCMT:mbctype.obj
 0001:00009d40       __updatetlocinfoEx_nolock  1000ad40 f   LIBCMT:setlocal.obj
 0001:0000a075       ?strtoxl@@YAKPAUlocaleinfo_struct@@PBDPAPBDHH@Z 1000b075 f   LIBCMT:strtol.obj
 0001:0000a2cf       _fastzero_I                1000b2cf f   LIBCMT:p4_memset.obj
 0001:0000a458       ?x_ismbbtype_l@@YAHPAUlocaleinfo_struct@@IHH@Z 1000b458 f   LIBCMT:ismbbyte.obj
 0001:0000a60c       __unwind_handler           1000b60c f   LIBCMT:exsup.obj
 0001:0000ad0a       _flsall                    1000bd0a f   LIBCMT:fflush.obj
 0001:0000aded       ?__crtLCMapStringA_stat@@YAHPAUlocaleinfo_struct@@KKPBDHPADHHH@Z 1000bded f   LIBCMT:a_map.obj
 0001:0000b1d7       ?__crtGetStringTypeA_stat@@YAHPAUlocaleinfo_struct@@KPBDHPAGHHH@Z 1000c1d7 f   LIBCMT:a_str.obj
 0001:0000c245       __shift                    1000d245 f   LIBCMT:cvt.obj
 0001:0000c28a       __cftoe2_l                 1000d28a f   LIBCMT:cvt.obj
 0001:0000c85c       __cftof2_l                 1000d85c f   LIBCMT:cvt.obj
 0001:0000ebef       __hw_cw                    1000fbef f   LIBCMT:_ieee87_.obj
 0001:0000ec7d       ___hw_cw_sse2              1000fc7d f   LIBCMT:_ieee87_.obj
 0001:0000f270       __unwindfunclet$?_Xran@_String_base@std@@SAXXZ$0 10010270 f   libcpmt:string.obj
 0001:0000f270       __unwindfunclet$?_Xlen@_String_base@std@@SAXXZ$0 10010270 f   libcpmt:string.obj
 0001:0000f278       __ehhandler$?_Xran@_String_base@std@@SAXXZ 10010278 f   libcpmt:string.obj
 0001:0000f278       __ehhandler$?_Xlen@_String_base@std@@SAXXZ 10010278 f   libcpmt:string.obj
 0001:0000f293       __unwindfunclet$??0logic_error@std@@QAE@ABV?$basic_string@DU?$char_traits@D@std@@V?$allocator@D@2@@1@@Z$0 10010293 f   libcpmt:string.obj
 0001:0000f293       __unwindfunclet$??0logic_error@std@@QAE@ABV01@@Z$0 10010293 f   libcpmt:string.obj
 0001:0000f29b       __ehhandler$??0logic_error@std@@QAE@ABV01@@Z 1001029b f   libcpmt:string.obj
 0001:0000f29b       __ehhandler$??0logic_error@std@@QAE@ABV?$basic_string@DU?$char_traits@D@std@@V?$allocator@D@2@@1@@Z 1001029b f   libcpmt:string.obj
 0001:0000f2b6       __ehhandler$?CallUnexpected@@YAXPBU_s_ESTypeList@@@Z 100102b6 f   LIBCMT:frame.obj
 0001:0000f2e0       __ehhandler$?_Copy@?$basic_string@DU?$char_traits@D@std@@V?$allocator@D@2@@std@@IAEXII@Z 100102e0 f    CIL library: CIL module
 0001:0000f300       __unwindfunclet$?ParseErmString@@YAHPAUMes@@AAUErmArgument@@@Z$0 10010300 f    CIL library: CIL module
 0001:0000f30b       __ehhandler$?ParseErmString@@YAHPAUMes@@AAUErmArgument@@@Z 1001030b f    CIL library: CIL module
 0001:0000f339       ??__Fnomem@?5???2@YAPAXI@Z@YAXXZ 10010339 f   LIBCMT:new.obj
