 wog native dialogs

 Timestamp is 62df667b (Tue Jul 26 06:58:51 2022)

 Preferred load address is 10000000

 Start         Length     Name                   Class
 0001:00000000 0002320cH .text                   CODE
 0001:00023210 00000981H .text$x                 CODE
 0001:00023b91 00000014H .text$yd                CODE
 0002:00000000 0000013cH .idata$5                DATA
 0002:0000013c 00000004H .CRT$XCA                DATA
 0002:00000140 00000004H .CRT$XCZ                DATA
 0002:00000144 00000004H .CRT$XIA                DATA
 0002:00000148 00000010H .CRT$XIC                DATA
 0002:00000158 00000004H .CRT$XIZ                DATA
 0002:0000015c 00000004H .CRT$XPA                DATA
 0002:00000160 00000004H .CRT$XPX                DATA
 0002:00000164 00000004H .CRT$XPXA               DATA
 0002:00000168 00000004H .CRT$XPZ                DATA
 0002:0000016c 00000004H .CRT$XTA                DATA
 0002:00000170 00000004H .CRT$XTZ                DATA
 0002:00000180 000026d0H .rdata                  DATA
 0002:00002850 00000067H .rdata$debug            DATA
 0002:000028b8 00000214H .rdata$r                DATA
 0002:00002ad0 000000b0H .rdata$sxdata           DATA
 0002:00002b80 00000004H .rtc$IAA                DATA
 0002:00002b84 00000004H .rtc$IZZ                DATA
 0002:00002b88 00000004H .rtc$TAA                DATA
 0002:00002b8c 00000004H .rtc$TZZ                DATA
 0002:00002b90 00000f24H .xdata$x                DATA
 0002:00003ab4 00000028H .idata$2                DATA
 0002:00003adc 00000014H .idata$3                DATA
 0002:00003af0 0000013cH .idata$4                DATA
 0002:00003c2c 0000059cH .idata$6                DATA
 0002:000041d0 0000005eH .edata                  DATA
 0003:00000000 00001398H .data                   DATA
 0003:000013a0 000039b8H .bss                    DATA

  Address         Publics by Value              Rva+Base       Lib:Object

 0000:00000000       __except_list              00000000     <absolute>
 0000:0000002c       ___safe_se_handler_count   0000002c     <absolute>
 0000:00000000       ___ImageBase               10000000     <linker-defined>
 0001:00000000       ?WriteCodePatch@PatcherInstance@@QAAPAVPatch@@IPADZZ 10001000 f i wog native dialogs.obj
 0001:00000020       ??1bad_alloc@std@@UAE@XZ   10001020 f i wog native dialogs.obj
 0001:00000030       ??_Ebad_alloc@std@@UAEPAXI@Z 10001030 f i  CIL library: CIL module
 0001:00000030       ??_Gbad_alloc@std@@UAEPAXI@Z 10001030 f i wog native dialogs.obj
 0001:00000060       ??3@YAXPAX0@Z              10001060 f i wog native dialogs.obj
 0001:00000070       ?compare@?$char_traits@D@std@@SAHPBD0I@Z 10001070 f i wog native dialogs.obj
 0001:000000f0       ??0logic_error@std@@QAE@ABV?$basic_string@DU?$char_traits@D@std@@V?$allocator@D@2@@1@@Z 100010f0 f i wog native dialogs.obj
 0001:00000160       ??1logic_error@std@@UAE@XZ 10001160 f i wog native dialogs.obj
 0001:00000160       ??1length_error@std@@UAE@XZ 10001160 f i wog native dialogs.obj
 0001:000001a0       ?what@logic_error@std@@UBEPBDXZ 100011a0 f i wog native dialogs.obj
 0001:000001b0       ??_Glength_error@std@@UAEPAXI@Z 100011b0 f i wog native dialogs.obj
 0001:000001b0       ??_Glogic_error@std@@UAEPAXI@Z 100011b0 f i wog native dialogs.obj
 0001:000001b0       ??_Elength_error@std@@UAEPAXI@Z 100011b0 f i  CIL library: CIL module
 0001:000001b0       ??_Elogic_error@std@@UAEPAXI@Z 100011b0 f i  CIL library: CIL module
 0001:00000200       ??0length_error@std@@QAE@ABV?$basic_string@DU?$char_traits@D@std@@V?$allocator@D@2@@1@@Z 10001200 f i wog native dialogs.obj
 0001:00000220       ??0logic_error@std@@QAE@ABV01@@Z 10001220 f i wog native dialogs.obj
 0001:000002a0       ?Redraw@_Dlg_@@QAEXH@Z     100012a0 f i wog native dialogs.obj
 0001:000002c0       ?AddItem@_Dlg_@@QAEXPAU_DlgItem_@@@Z 100012c0 f i wog native dialogs.obj
 0001:000002f0       ?Create@_DlgStaticPcx8_@@SAPAU1@HHHHHPAD@Z 100012f0 f i wog native dialogs.obj
 0001:00000330       ?Create@_DlgStaticPcx8_@@SAPAU1@HHHPAD@Z 10001330 f i wog native dialogs.obj
 0001:00000380       ?Create@_DlgStaticDef_@@SAPAU1@HHHPADHHH@Z 10001380 f i wog native dialogs.obj
 0001:000003e0       ?Create@_DlgStaticPcx16_@@SAPAU1@HHHHHPADI@Z 100013e0 f i wog native dialogs.obj
 0001:00000420       ?Create@_DlgButton_@@SAPAU1@HHHPADHHHH@Z 10001420 f i wog native dialogs.obj
 0001:00000470       ?Create@_DlgTextButton_@@SAPAU1@HHHPAD00HHHHH@Z 10001470 f i wog native dialogs.obj
 0001:000004d0       ?b_MsgBox@@YAHPADH@Z       100014d0 f i wog native dialogs.obj
 0001:00000500       ?b_MsgBoxD@@YAHPADHHH@Z    10001500 f i wog native dialogs.obj
 0001:00000540       ?GetHero@_GameMgr_@@QAEPAU_Hero_@@H@Z 10001540 f i wog native dialogs.obj
 0001:00000570       ?Get_ITxtExp@@YAPADH@Z     10001570 f i wog native dialogs.obj
 0001:00000590       ?Y_Mouse_SetCursor@@YAXH@Z 10001590 f   wog native dialogs.obj
 0001:00000620       ?Set_DlgBackground_RK@@YAHPAU_Dlg_@@HH@Z 10001620 f   wog native dialogs.obj
 0001:00000bd0       ?b_MsgBoxAndDef@@YAXPADH0@Z 10001bd0 f   wog native dialogs.obj
 0001:00000e00       ?b_MsgBoxAndPcx8@@YAXPAD0H@Z 10001e00 f   wog native dialogs.obj
 0001:00001180       ?b_MsgBoxBig@@YAXPADD@Z    10002180 f   wog native dialogs.obj
 0001:000012c0       ?Y_MsgBoxAndAnimatedDef_Proc@@YGHPAV_CustomDlg_@@PAU_DlgMsg_@@@Z 100022c0 f   wog native dialogs.obj
 0001:00001340       ?b_MsgBoxAndAnimatedDef@@YAXPAD0@Z 10002340 f   wog native dialogs.obj
 0001:000016b0       ?e_ClickSound@@YAXXZ       100026b0 f i wog native dialogs.obj
 0001:00001700       ?ConnectEra@Era@@YAXXZ     10002700 f   wog native dialogs.obj
 0001:00001a40       ?F_MsgBox_OnlyTwoFirstItemsExist@@YAHPAU_Dlg_@@@Z 10002a40 f   wog native dialogs.obj
 0001:00001a90       ?F_MsgBox_ResetYellowFrames@@YAHPAU_Dlg_@@H@Z 10002a90 f   wog native dialogs.obj
 0001:00001ae0       ?F_MsgBox_Return@@YAHPAU_DlgMsg_@@H@Z 10002ae0 f   wog native dialogs.obj
 0001:00001b10       ?Y_New_MsgBox_GetNextItem@@YAHHH@Z 10002b10 f   wog native dialogs.obj
 0001:00001c40       ?Y_New_MsgBox_Proc@@YGHPAVHiHook@@PAU_DlgMsg_@@@Z 10002c40 f   wog native dialogs.obj
 0001:00001ec0       ?Y_New_MsgBox_SetDefaultFrameEnabled@@YGHPAVLoHook@@PAUHookContext@@@Z 10002ec0 f   wog native dialogs.obj
 0001:00001f70       ?Y_New_MsgBox_GetBitMask@@YGHPAVHiHook@@PAU_GameMgr_@@@Z 10002f70 f   wog native dialogs.obj
 0001:00001fe0       ?Dlg_MsgBox@@YAXPAVPatcherInstance@@@Z 10002fe0 f   wog native dialogs.obj
 0001:00002070       ?Y_Dlg_WoGMessage@@YGHPAVHiHook@@PAD1111@Z 10003070 f   wog native dialogs.obj
 0001:00002230       ?Y_WoG_PicDlg_Pcx8@@YGXPAVHiHook@@PAD1@Z 10003230 f   wog native dialogs.obj
 0001:000024d0       ?Y_WoG_PicDlg_Def@@YGXPAVHiHook@@PAD1@Z 100034d0 f   wog native dialogs.obj
 0001:00002770       ?Dlg_WoGMessageBox@@YAXPAVPatcherInstance@@@Z 10003770 f   wog native dialogs.obj
 0001:000027d0       ?Dlg_ChangeBmp@@YAXPAVPatcherInstance@@@Z 100037d0 f   wog native dialogs.obj
 0001:000035e0       ?Y_New_CommanderDlg_Proc@@YGHPAV_CustomDlg_@@PAU_DlgMsg_@@@Z 100045e0 f   wog native dialogs.obj
 0001:00003d60       ?Y_Dlg_NPC_Show@@YGHPAVHiHook@@PAU_DlgNPC_@@@Z 10004d60 f   wog native dialogs.obj
 0001:00005460       ?Y_Dlg_NPC_Prepare@@YGXPAVHiHook@@PAU_Npc_@@HHH@Z 10006460 f   wog native dialogs.obj
 0001:000054a0       ?Y_Dlg_NPC_ShowAgain_IfGetArtHero@@YGHPAVLoHook@@PAUHookContext@@@Z 100064a0 f   wog native dialogs.obj
 0001:00005500       ?Y_HeroDlg_Create@@YGPAV_CustomDlg_@@PAVHiHook@@PAV1@@Z 10006500 f   wog native dialogs.obj
 0001:00005560       ?Y_HeroDlg_Proc@@YGHPAVHiHook@@PAV_CustomDlg_@@PAU_DlgMsg_@@@Z 10006560 f   wog native dialogs.obj
 0001:000057d0       ?Dlg_NPC@@YAXPAVPatcherInstance@@@Z 100067d0 f   wog native dialogs.obj
 0001:00005860       ?New_Dlg_ExpaMon_Case8@@YAHH@Z 10006860 f   wog native dialogs.obj
 0001:000061c0       ?New_Dlg_ExpaMon_BannerDlg_Proc@@YGHPAV_CustomDlg_@@PAU_DlgMsg_@@@Z 100071c0 f   wog native dialogs.obj
 0001:00006290       ?New_Dlg_ExpaMon_BannerDlg@@YAHXZ 10007290 f   wog native dialogs.obj
 0001:00006690       ?New_Dlg_ExpaMon_Proc@@YGHPAV_CustomDlg_@@PAU_DlgMsg_@@@Z 10007690 f   wog native dialogs.obj
 0001:00006ac0       ?Y_NewDlg_CreatureExpo@@YGHPAVHiHook@@PAU_CreatureExpo_@@@Z 10007ac0 f   wog native dialogs.obj
 0001:00007690       ?Y_WoGCurseDlg_Proc@@YGHPAV_CustomDlg_@@PAU_DlgMsg_@@@Z 10008690 f   wog native dialogs.obj
 0001:00007790       ?Y_WoGCurseDlg_Show@@YGHPAVLoHook@@PAUHookContext@@@Z 10008790 f   wog native dialogs.obj
 0001:00007b30       ?Y_WoGDlg_ChooseArt_Proc@@YGHPAV_CustomDlg_@@PAU_DlgMsg_@@@Z 10008b30 f   wog native dialogs.obj
 0001:00007e20       ?Y_WoGDlg_ChooseArt@@YGHPAVHiHook@@HPAU_Hero_@@H@Z 10008e20 f   wog native dialogs.obj
 0001:000084a0       ?WoG_PlaceCreature_RMC_Crtl@@YGHPAVLoHook@@PAUHookContext@@@Z 100094a0 f   wog native dialogs.obj
 0001:000084d0       _UseWin32InputControl      100094d0 f   wog native dialogs.obj
 0001:000084f0       ?IsSupportedFormatImage@@YAHPAD@Z 100094f0 f   wog native dialogs.obj
 0001:000087d0       ?New_Dlg_CustomReq_Proc@@YGHPAV_CustomDlg_@@PAU_DlgMsg_@@@Z 100097d0 f   wog native dialogs.obj
 0001:00008990       ?New_Dlg_CustomReq@@YAHPAU_Sphinx1_@@@Z 10009990 f   wog native dialogs.obj
 0001:00009bf0       ?Y_Dlg_CustomReq@@YGHPAVHiHook@@HHPAPAD@Z 1000abf0 f   wog native dialogs.obj
 0001:00009ec0       ?Y_WoGDlg_SphinxReq@@YGHPAVHiHook@@H@Z 1000aec0 f   wog native dialogs.obj
 0001:0000a050       ?Y_Dlg_QuickDialog@@YGHPAVHiHook@@PAU_Sphinx1_@@@Z 1000b050 f   wog native dialogs.obj
 0001:0000a0e0       ?Y_Dlg_CustomPic@@YGHPAVHiHook@@HH@Z 1000b0e0 f   wog native dialogs.obj
 0001:0000a440       ?Dlg_Sphinx@@YAXPAVPatcherInstance@@@Z 1000b440 f   wog native dialogs.obj
 0001:0000a500       ?New_Dlg_IF_G_Proc@@YGHPAV_CustomDlg_@@PAU_DlgMsg_@@@Z 1000b500 f   wog native dialogs.obj
 0001:0000a620       ?New_Dlg_IF_G@@YAHPAU_CheckBoxes_@@@Z 1000b620 f   wog native dialogs.obj
 0001:0000aa70       ?New_Dlg_IF_G_Lo@@YGHPAVLoHook@@PAUHookContext@@@Z 1000ba70 f   wog native dialogs.obj
 0001:0000aad0       ?Dlg_IFG@@YAXPAVPatcherInstance@@@Z 1000bad0 f   wog native dialogs.obj
 0001:0000ab20       ?Dlg_ChooseMonAttack_Proc@@YGHPAV_CustomDlg_@@PAU_DlgMsg_@@@Z 1000bb20 f   wog native dialogs.obj
 0001:0000ab60       ?Dlg_ChooseMonAttack@@YGHPAVHiHook@@HHH@Z 1000bb60 f   wog native dialogs.obj
 0001:0000ae40       ?Y_NewScenarioDlg_SetScrolledShoose@@YAHPAU_NewScenarioDlg_@@PAU_DlgMsg_@@@Z 1000be40 f   wog native dialogs.obj
 0001:0000aed0       ?Redraw_WoGDlgSetup_ElemOnPage@@YAHPAV_CustomDlg_@@PAU_DlgSetup_@@H@Z 1000bed0 f   wog native dialogs.obj
 0001:0000b0c0       ?ShowHide_WoGDlgSetup_ElemOnPage@@YAHPAV_CustomDlg_@@HPAU_DlgSetup_@@H@Z 1000c0c0 f   wog native dialogs.obj
 0001:0000b2b0       ?Create_WoGDlgSetup_ElemOnPage@@YAHPAV_CustomDlg_@@HPAU_DlgSetup_@@@Z 1000c2b0 f   wog native dialogs.obj
 0001:0000b6a0       ?setYellowFrames@@YAXPAV_CustomDlg_@@H@Z 1000c6a0 f   wog native dialogs.obj
 0001:0000c200       ?Dlg_WoG_Options_Proc@@YGHPAV_CustomDlg_@@PAU_DlgMsg_@@@Z 1000d200 f   wog native dialogs.obj
 0001:0000c950       ?Dlg_WoG_Options_Show@@YGXPAVHiHook@@H@Z 1000d950 f   wog native dialogs.obj
 0001:0000cea0       ?Y_NewScenarioDlg_Proc@@YGHPAVHiHook@@PAU_NewScenarioDlg_@@PAU_DlgMsg_@@@Z 1000dea0 f   wog native dialogs.obj
 0001:0000cf30       ?Y_NewScenarioDlg_BlockScrollBar@@YGHPAVHiHook@@PAX@Z 1000df30 f   wog native dialogs.obj
 0001:0000cf60       ?Y_NewScenarioDlg_Create@@YGXPAVHiHook@@PAU_NewScenarioDlg_@@H@Z 1000df60 f   wog native dialogs.obj
 0001:0000cfc0       ?Dlg_WoGOptions@@YAXPAVPatcherInstance@@@Z 1000dfc0 f   wog native dialogs.obj
 0001:0000d070       ?IsNeedUseJsonString@@YAXXZ 1000e070 f   wog native dialogs.obj
 0001:0000d2a0       ?SetupJsonText@@YAXPAPADPBD@Z 1000e2a0 f   wog native dialogs.obj
 0001:0000d400       ?WOG_ProcessAll@@YGXPAVHiHook@@@Z 1000e400 f   wog native dialogs.obj
 0001:0000d810       ?Dlg_SaveDatFile1@@YGHPAVLoHook@@PAUHookContext@@@Z 1000e810 f   wog native dialogs.obj
 0001:0000d850       ?Dlg_LoadDatFile1@@YGHPAVLoHook@@PAUHookContext@@@Z 1000e850 f   wog native dialogs.obj
 0001:0000d890       ?WoGOptionsStrings@@YAXPAVPatcherInstance@@@Z 1000e890 f   wog native dialogs.obj
 0001:0000d8f0       ?Dlg_ChooseCastleReBuild_Proc@@YGHPAV_CustomDlg_@@PAU_DlgMsg_@@@Z 1000e8f0 f   wog native dialogs.obj
 0001:0000da40       ?Dlg_ChooseCastleReBuild@@YAHXZ 1000ea40 f   wog native dialogs.obj
 0001:0000e000       ?HiHook_Dlg_ChooseCastleReBuild@@YGHPAVHiHook@@@Z 1000f000 f   wog native dialogs.obj
 0001:0000e010       ?LoHook_Dlg_ChooseCastleReBuild@@YGHPAVLoHook@@PAUHookContext@@@Z 1000f010 f   wog native dialogs.obj
 0001:0000e040       ?Y_Dlg_HeroLvlUp_Proc@@YGHPAVHiHook@@HPAU_DlgMsg_@@@Z 1000f040 f   wog native dialogs.obj
 0001:0000e130       ?Y_Lo_Dlg_HeroLvlUp_Create@@YGHPAVLoHook@@PAUHookContext@@@Z 1000f130 f   wog native dialogs.obj
 0001:0000e150       ?Y_BATTLE_Proc@@YGHPAVHiHook@@PAU_BattleMgr_@@PAU_DlgMsg_@@@Z 1000f150 f   wog native dialogs.obj
 0001:0000e2a0       ?Y_EndBattle@@YGHPAVLoHook@@PAUHookContext@@@Z 1000f2a0 f   wog native dialogs.obj
 0001:0000e360       ?StartHD5Functions@@YAXXZ  1000f360 f   wog native dialogs.obj
 0001:0000e3d0       ?HD5_Functions@@YAXPAVPatcherInstance@@@Z 1000f3d0 f   wog native dialogs.obj
 0001:0000e420       ?NewBattleLogDlg_Proc@@YGHPAV_CustomDlg_@@PAU_DlgMsg_@@@Z 1000f420 f   wog native dialogs.obj
 0001:0000e460       ?CreateNewBattleLogDlg@@YAXPAU_BattleMgr_@@@Z 1000f460 f   wog native dialogs.obj
 0001:0000e990       ?BattleLog_Proc@@YGHPAVHiHook@@PAU_BattleMgr_@@PAU_DlgMsg_@@@Z 1000f990 f   wog native dialogs.obj
 0001:0000e9f0       ?BattleLog_ReportNewRound@@YGXPAVHiHook@@IPBDHD@Z 1000f9f0 f   wog native dialogs.obj
 0001:0000ea40       ?expandFilePath@fsman@@YA?AV?$basic_string@DU?$char_traits@D@std@@V?$allocator@D@2@@std@@ABV23@@Z 1000fa40 f   wog native dialogs.obj
 0001:0000ec90       ?isAbsPath@fsman@@YA_NABV?$basic_string@DU?$char_traits@D@std@@V?$allocator@D@2@@std@@@Z 1000fc90 f   wog native dialogs.obj
 0001:0000ecf0       ?compareCaseInsensitively@fsman@@YA_NABV?$basic_string@DU?$char_traits@D@std@@V?$allocator@D@2@@std@@0@Z 1000fcf0 f   wog native dialogs.obj
 0001:0000edd0       ?sortCaseInsensitively@fsman@@YAXAAV?$vector@V?$basic_string@DU?$char_traits@D@std@@V?$allocator@D@2@@std@@V?$allocator@V?$basic_string@DU?$char_traits@D@std@@V?$allocator@D@2@@std@@@2@@std@@@Z 1000fdd0 f   wog native dialogs.obj
 0001:0000ee30       ??0FsMan@fsman@@QAE@ABV?$basic_string@DU?$char_traits@D@std@@V?$allocator@D@2@@std@@@Z 1000fe30 f   wog native dialogs.obj
 0001:0000eec0       ?expandFilePath@FsMan@fsman@@QAE?AV?$basic_string@DU?$char_traits@D@std@@V?$allocator@D@2@@std@@ABV34@@Z 1000fec0 f   wog native dialogs.obj
 0001:0000efc0       ?changeDirectory@FsMan@fsman@@QAE_NABV?$basic_string@DU?$char_traits@D@std@@V?$allocator@D@2@@std@@@Z 1000ffc0 f   wog native dialogs.obj
 0001:0000f080       ?listDirectories@FsMan@fsman@@QAE?AV?$vector@V?$basic_string@DU?$char_traits@D@std@@V?$allocator@D@2@@std@@V?$allocator@V?$basic_string@DU?$char_traits@D@std@@V?$allocator@D@2@@std@@@2@@std@@XZ 10010080 f   wog native dialogs.obj
 0001:0000f430       ?listFiles@FsMan@fsman@@QAE?AV?$vector@V?$basic_string@DU?$char_traits@D@std@@V?$allocator@D@2@@std@@V?$allocator@V?$basic_string@DU?$char_traits@D@std@@V?$allocator@D@2@@std@@@2@@std@@ABV?$basic_string@DU?$char_traits@D@std@@V?$allocator@D@2@@4@@Z 10010430 f   wog native dialogs.obj
 0001:0000f7f0       ?NewDlg_ChooseFile_ChangeDirectory@@YAHPAV_CustomDlg_@@PAD@Z 100107f0 f   wog native dialogs.obj
 0001:0000f930       ?NewDlg_ChooseFile_FolderOut@@YAHPAV_CustomDlg_@@@Z 10010930 f   wog native dialogs.obj
 0001:0000fb90       ?NewDlg_ChooseFile_FolderIn@@YAHPAV_CustomDlg_@@@Z 10010b90 f   wog native dialogs.obj
 0001:0000fd20       ?NewDlg_ChooseFile_JumpRootFolder@@YAHPAV_CustomDlg_@@@Z 10010d20 f   wog native dialogs.obj
 0001:0000fea0       ?NewDlg_ChooseFile_RedrawFrames@@YAHPAV_CustomDlg_@@PAU_ScrollFiles_@@@Z 10010ea0 f   wog native dialogs.obj
 0001:0000ff00       ?NewDlg_ChooseFile_MooveFrameUp@@YAHPAV_CustomDlg_@@@Z 10010f00 f   wog native dialogs.obj
 0001:00010000       ?NewDlg_ChooseFile_MooveFrameDown@@YAHPAV_CustomDlg_@@@Z 10011000 f   wog native dialogs.obj
 0001:00010100       ?NewDlg_ChooseFile_ScrollProc@@YIXHPAV_CustomDlg_@@@Z 10011100 f   wog native dialogs.obj
 0001:000106c0       ?NewDlg_ChooseFile_Rebuild@@YGHPAV_CustomDlg_@@@Z 100116c0 f   wog native dialogs.obj
 0001:00010f00       ?NewDlg_ChooseFile_UdateEditText@@YAHPAV_CustomDlg_@@PAD@Z 10011f00 f   wog native dialogs.obj
 0001:00010f80       ?NewDlg_ChooseFile_SetTextOnEditTextItem@@YAHPAV_CustomDlg_@@H@Z 10011f80 f   wog native dialogs.obj
 0001:00010fe0       ?NewDlg_ChooseFile_UpdateHintText@@YAXPAV_CustomDlg_@@PAU_DlgMsg_@@@Z 10011fe0 f   wog native dialogs.obj
 0001:00011120       ?NewDlg_ChooseFile_Proc@@YGHPAV_CustomDlg_@@PAU_DlgMsg_@@@Z 10012120 f   wog native dialogs.obj
 0001:000114c0       ?NewDlg_ChooseFile@@YGHPAU_ChooseFile_@@@Z 100124c0 f   wog native dialogs.obj
 0001:00011fa0       ?NewDlg_ChooseFile_Prepare@@YAHPAU_ChooseFile_@@@Z 10012fa0 f   wog native dialogs.obj
 0001:00012350       ?Dlg_WoG_Options_SaveOrLoad@@YGHPAVHiHook@@PAU_ChooseFile_@@PAD@Z 10013350 f   wog native dialogs.obj
 0001:00012460       ?DlgEdit_IsCorrectInpulSymbol@@YGHPAVHiHook@@PAU_DlgTextEdit_@@PAU_DlgMsg_@@@Z 10013460 f   wog native dialogs.obj
 0001:00012580       ?Y_DlgTown_Proc@@YGHPAVHiHook@@PAU_TownMgr_@@PAU_DlgMsg_@@@Z 10013580 f   wog native dialogs.obj
 0001:000126f0       ?Y_Dlg_HeroesMeet@@YGHPAVLoHook@@PAUHookContext@@@Z 100136f0 f   wog native dialogs.obj
 0001:00012720       ?Y_Battle_SetHintAttackGetDamage@@YGHPAVLoHook@@PAUHookContext@@@Z 10013720 f   wog native dialogs.obj
 0001:00012740       ?GetStringKilled@@YAPADPADPAU_BattleStack_@@@Z 10013740 f   wog native dialogs.obj
 0001:00012870       ?BattleMgr_GetAttackDamage_Hint_LogString@@YGPAU_HStr_@@PAVHiHook@@PAU1@PAU_BattleStack_@@2EH@Z 10013870 f   wog native dialogs.obj
 0001:00012970       ?Y_DlgCreditsSmoothly@@YGHPAVLoHook@@PAUHookContext@@@Z 10013970 f   wog native dialogs.obj
 0001:000129a0       ?Y_Dlg_MainMenu_Create@@YGHPAVHiHook@@PAU_Dlg_@@@Z 100139a0 f   wog native dialogs.obj
 0001:00012a40       ?OnReportVersion@@YGXPAUTEvent@Era@@@Z 10013a40 f   wog native dialogs.obj
 0001:00012a70       ?Y_LoadAllTXTinGames@@YGHPAVLoHook@@PAUHookContext@@@Z 10013a70 f   wog native dialogs.obj
 0001:00012a90       ?Y_Hook_MainLoop@@YGHPAVLoHook@@PAUHookContext@@@Z 10013a90 f   wog native dialogs.obj
 0001:00012f00       _DllMain@12                10013f00 f   wog native dialogs.obj
 0001:00013250       ??0?$basic_string@DU?$char_traits@D@std@@V?$allocator@D@2@@std@@QAE@PBD@Z 10014250 f i wog native dialogs.obj
 0001:00013290       ??0?$basic_string@DU?$char_traits@D@std@@V?$allocator@D@2@@std@@QAE@ABV01@@Z 10014290 f i wog native dialogs.obj
 0001:000132c0       ??1?$basic_string@DU?$char_traits@D@std@@V?$allocator@D@2@@std@@QAE@XZ 100142c0 f i wog native dialogs.obj
 0001:000132f0       ?append@?$basic_string@DU?$char_traits@D@std@@V?$allocator@D@2@@std@@QAEAAV12@PBD@Z 100142f0 f i wog native dialogs.obj
 0001:00013310       ?erase@?$basic_string@DU?$char_traits@D@std@@V?$allocator@D@2@@std@@QAEAAV12@II@Z 10014310 f i wog native dialogs.obj
 0001:000133a0       ?begin@?$basic_string@DU?$char_traits@D@std@@V?$allocator@D@2@@std@@QAE?AV?$_String_iterator@DU?$char_traits@D@std@@V?$allocator@D@2@@2@XZ 100143a0 f i wog native dialogs.obj
 0001:00013400       ?end@?$basic_string@DU?$char_traits@D@std@@V?$allocator@D@2@@std@@QAE?AV?$_String_iterator@DU?$char_traits@D@std@@V?$allocator@D@2@@2@XZ 10014400 f i wog native dialogs.obj
 0001:00013460       ?substr@?$basic_string@DU?$char_traits@D@std@@V?$allocator@D@2@@std@@QBE?AV12@II@Z 10014460 f i wog native dialogs.obj
 0001:00013490       ??1?$vector@DV?$allocator@D@std@@@std@@QAE@XZ 10014490 f i wog native dialogs.obj
 0001:000134c0       ??H?$_Vector_iterator@DV?$allocator@D@std@@@std@@QBE?AV01@H@Z 100144c0 f i wog native dialogs.obj
 0001:00013510       ??0?$vector@DV?$allocator@D@std@@@std@@QAE@XZ 10014510 f i wog native dialogs.obj
 0001:00013510       ??0?$vector@V?$basic_string@DU?$char_traits@D@std@@V?$allocator@D@2@@std@@V?$allocator@V?$basic_string@DU?$char_traits@D@std@@V?$allocator@D@2@@std@@@2@@std@@QAE@XZ 10014510 f i wog native dialogs.obj
 0001:00013570       ??1?$vector@V?$basic_string@DU?$char_traits@D@std@@V?$allocator@D@2@@std@@V?$allocator@V?$basic_string@DU?$char_traits@D@std@@V?$allocator@D@2@@std@@@2@@std@@QAE@XZ 10014570 f i wog native dialogs.obj
 0001:000135c0       ?push_back@?$vector@V?$basic_string@DU?$char_traits@D@std@@V?$allocator@D@2@@std@@V?$allocator@V?$basic_string@DU?$char_traits@D@std@@V?$allocator@D@2@@std@@@2@@std@@QAEXABV?$basic_string@DU?$char_traits@D@std@@V?$allocator@D@2@@2@@Z 100145c0 f i wog native dialogs.obj
 0001:00013670       ??1?$_Vector_val@V?$basic_string@DU?$char_traits@D@std@@V?$allocator@D@2@@std@@V?$allocator@V?$basic_string@DU?$char_traits@D@std@@V?$allocator@D@2@@std@@@2@@std@@QAE@XZ 10014670 f i wog native dialogs.obj
 0001:00013670       ??1?$_Vector_val@DV?$allocator@D@std@@@std@@QAE@XZ 10014670 f i wog native dialogs.obj
 0001:00013680       ?append@?$basic_string@DU?$char_traits@D@std@@V?$allocator@D@2@@std@@QAEAAV12@PBDI@Z 10014680 f i wog native dialogs.obj
 0001:00013790       ?assign@?$basic_string@DU?$char_traits@D@std@@V?$allocator@D@2@@std@@QAEAAV12@ABV12@II@Z 10014790 f i wog native dialogs.obj
 0001:00013870       ?assign@?$basic_string@DU?$char_traits@D@std@@V?$allocator@D@2@@std@@QAEAAV12@PBDI@Z 10014870 f i wog native dialogs.obj
 0001:00013950       ?find_last_of@?$basic_string@DU?$char_traits@D@std@@V?$allocator@D@2@@std@@QBEIPBDII@Z 10014950 f i wog native dialogs.obj
 0001:000139f0       ?_Myptr@?$basic_string@DU?$char_traits@D@std@@V?$allocator@D@2@@std@@IBEPBDXZ 100149f0 f i wog native dialogs.obj
 0001:00013a00       ?resize@?$vector@DV?$allocator@D@std@@@std@@QAEXID@Z 10014a00 f i wog native dialogs.obj
 0001:00013ad0       ?_Ufill@?$vector@DV?$allocator@D@std@@@std@@IAEPADPADIABD@Z 10014ad0 f i wog native dialogs.obj
 0001:00013b00       ?insert@?$vector@V?$basic_string@DU?$char_traits@D@std@@V?$allocator@D@2@@std@@V?$allocator@V?$basic_string@DU?$char_traits@D@std@@V?$allocator@D@2@@std@@@2@@std@@QAE?AV?$_Vector_iterator@V?$basic_string@DU?$char_traits@D@std@@V?$allocator@D@2@@std@@V?$allocator@V?$basic_string@DU?$char_traits@D@std@@V?$allocator@D@2@@std@@@2@@2@V?$_Vector_const_iterator@V?$basic_string@DU?$char_traits@D@std@@V?$allocator@D@2@@std@@V?$allocator@V?$basic_string@DU?$char_traits@D@std@@V?$allocator@D@2@@std@@@2@@2@ABV?$basic_string@DU?$char_traits@D@std@@V?$allocator@D@2@@2@@Z 10014b00 f i wog native dialogs.obj
 0001:00013be0       ?_Ufill@?$vector@V?$basic_string@DU?$char_traits@D@std@@V?$allocator@D@2@@std@@V?$allocator@V?$basic_string@DU?$char_traits@D@std@@V?$allocator@D@2@@std@@@2@@std@@IAEPAV?$basic_string@DU?$char_traits@D@std@@V?$allocator@D@2@@2@PAV32@IABV32@@Z 10014be0 f i wog native dialogs.obj
 0001:00013c10       ?append@?$basic_string@DU?$char_traits@D@std@@V?$allocator@D@2@@std@@QAEAAV12@ABV12@II@Z 10014c10 f i wog native dialogs.obj
 0001:00013d00       ?_Grow@?$basic_string@DU?$char_traits@D@std@@V?$allocator@D@2@@std@@IAE_NI_N@Z 10014d00 f i wog native dialogs.obj
 0001:00013dc0       ?allocate@?$allocator@D@std@@QAEPADI@Z 10014dc0 f i wog native dialogs.obj
 0001:00013e20       ?erase@?$vector@DV?$allocator@D@std@@@std@@QAE?AV?$_Vector_iterator@DV?$allocator@D@std@@@2@V?$_Vector_const_iterator@DV?$allocator@D@std@@@2@0@Z 10014e20 f i wog native dialogs.obj
 0001:00013eb0       ?_Insert_n@?$vector@DV?$allocator@D@std@@@std@@IAEXV?$_Vector_const_iterator@DV?$allocator@D@std@@@2@IABD@Z 10014eb0 f i wog native dialogs.obj
 0001:00014070       ?_Insert_n@?$vector@V?$basic_string@DU?$char_traits@D@std@@V?$allocator@D@2@@std@@V?$allocator@V?$basic_string@DU?$char_traits@D@std@@V?$allocator@D@2@@std@@@2@@std@@IAEXV?$_Vector_const_iterator@V?$basic_string@DU?$char_traits@D@std@@V?$allocator@D@2@@std@@V?$allocator@V?$basic_string@DU?$char_traits@D@std@@V?$allocator@D@2@@std@@@2@@2@IABV?$basic_string@DU?$char_traits@D@std@@V?$allocator@D@2@@2@@Z 10015070 f i wog native dialogs.obj
 0001:000143c0       ?_Xlen@?$vector@DV?$allocator@D@std@@@std@@KAXXZ 100153c0 f i wog native dialogs.obj
 0001:000143c0       ?_Xlen@?$vector@V?$basic_string@DU?$char_traits@D@std@@V?$allocator@D@2@@std@@V?$allocator@V?$basic_string@DU?$char_traits@D@std@@V?$allocator@D@2@@std@@@2@@std@@KAXXZ 100153c0 f i wog native dialogs.obj
 0001:00014440       ?allocate@?$allocator@V?$basic_string@DU?$char_traits@D@std@@V?$allocator@D@2@@std@@@std@@QAEPAV?$basic_string@DU?$char_traits@D@std@@V?$allocator@D@2@@2@I@Z 10015440 f i wog native dialogs.obj
 0001:000144a0       ??0length_error@std@@QAE@ABV01@@Z 100154a0 f i wog native dialogs.obj
 0001:000144c0       ?_Copy@?$basic_string@DU?$char_traits@D@std@@V?$allocator@D@2@@std@@IAEXII@Z 100154c0 f i wog native dialogs.obj
 0001:00014630       ??$transform@V?$_String_iterator@DU?$char_traits@D@std@@V?$allocator@D@2@@std@@V12@P6AHH@Z@std@@YA?AV?$_String_iterator@DU?$char_traits@D@std@@V?$allocator@D@2@@0@V10@00P6AHH@Z@Z 10015630 f i wog native dialogs.obj
 0001:00014690       ??$?8DU?$char_traits@D@std@@V?$allocator@D@1@@std@@YA_NABV?$basic_string@DU?$char_traits@D@std@@V?$allocator@D@2@@0@PBD@Z 10015690 f i wog native dialogs.obj
 0001:000146f0       ??$?8DU?$char_traits@D@std@@V?$allocator@D@1@@std@@YA_NABV?$basic_string@DU?$char_traits@D@std@@V?$allocator@D@2@@0@0@Z 100156f0 f i wog native dialogs.obj
 0001:00014760       ??$?0V?$_Vector_iterator@DV?$allocator@D@std@@@std@@@?$basic_string@DU?$char_traits@D@std@@V?$allocator@D@2@@std@@QAE@V?$_Vector_iterator@DV?$allocator@D@std@@@1@0@Z 10015760 f i wog native dialogs.obj
 0001:000147a0       ??$?HDU?$char_traits@D@std@@V?$allocator@D@1@@std@@YA?AV?$basic_string@DU?$char_traits@D@std@@V?$allocator@D@2@@0@ABV10@PBD@Z 100157a0 f i wog native dialogs.obj
 0001:00014850       ??$?HDU?$char_traits@D@std@@V?$allocator@D@1@@std@@YA?AV?$basic_string@DU?$char_traits@D@std@@V?$allocator@D@2@@0@ABV10@0@Z 10015850 f i wog native dialogs.obj
 0001:00014900       ??$VarValue@H@Patcher@@QAEAAHPAD@Z 10015900 f i wog native dialogs.obj
 0001:00014940       ??$_Umove@PAV?$basic_string@DU?$char_traits@D@std@@V?$allocator@D@2@@std@@@?$vector@V?$basic_string@DU?$char_traits@D@std@@V?$allocator@D@2@@std@@V?$allocator@V?$basic_string@DU?$char_traits@D@std@@V?$allocator@D@2@@std@@@2@@std@@IAEPAV?$basic_string@DU?$char_traits@D@std@@V?$allocator@D@2@@1@PAV21@00@Z 10015940 f i wog native dialogs.obj
 0001:00014970       ??$fill@PAV?$basic_string@DU?$char_traits@D@std@@V?$allocator@D@2@@std@@V12@@std@@YAXPAV?$basic_string@DU?$char_traits@D@std@@V?$allocator@D@2@@0@0ABV10@@Z 10015970 f i wog native dialogs.obj
 0001:000149a0       ??$_Unchecked_move_backward@PAV?$basic_string@DU?$char_traits@D@std@@V?$allocator@D@2@@std@@PAV12@@stdext@@YAPAV?$basic_string@DU?$char_traits@D@std@@V?$allocator@D@2@@std@@PAV12@00@Z 100159a0 f i wog native dialogs.obj
 0001:00014a00       ??0bad_alloc@std@@QAE@ABV01@@Z 10015a00 f i wog native dialogs.obj
 0001:00014a20       ??$_Construct@V?$_Vector_iterator@DV?$allocator@D@std@@@std@@@?$basic_string@DU?$char_traits@D@std@@V?$allocator@D@2@@std@@QAEXV?$_Vector_iterator@DV?$allocator@D@std@@@1@0Uforward_iterator_tag@1@@Z 10015a20 f i wog native dialogs.obj
 0001:00014b70       ??$_Sort@PAV?$basic_string@DU?$char_traits@D@std@@V?$allocator@D@2@@std@@HP6A_NABV12@0@Z@std@@YAXPAV?$basic_string@DU?$char_traits@D@std@@V?$allocator@D@2@@0@0HP6A_NABV10@1@Z@Z 10015b70 f i wog native dialogs.obj
 0001:00014cc0       ??$_Uninit_fill_n@PAV?$basic_string@DU?$char_traits@D@std@@V?$allocator@D@2@@std@@IV12@V?$allocator@V?$basic_string@DU?$char_traits@D@std@@V?$allocator@D@2@@std@@@2@@std@@YAXPAV?$basic_string@DU?$char_traits@D@std@@V?$allocator@D@2@@0@IABV10@AAV?$allocator@V?$basic_string@DU?$char_traits@D@std@@V?$allocator@D@2@@std@@@0@U_Nonscalar_ptr_iterator_tag@0@U_Range_checked_iterator_tag@0@@Z 10015cc0 f i wog native dialogs.obj
 0001:00014d60       ??$_Destroy_range@V?$allocator@V?$basic_string@DU?$char_traits@D@std@@V?$allocator@D@2@@std@@@std@@@std@@YAXPAV?$basic_string@DU?$char_traits@D@std@@V?$allocator@D@2@@0@0AAV?$allocator@V?$basic_string@DU?$char_traits@D@std@@V?$allocator@D@2@@std@@@0@U_Nonscalar_ptr_iterator_tag@0@@Z 10015d60 f i wog native dialogs.obj
 0001:00014da0       ?append@?$basic_string@DU?$char_traits@D@std@@V?$allocator@D@2@@std@@QAEAAV12@ID@Z 10015da0 f i wog native dialogs.obj
 0001:00014e30       ??H?$_String_iterator@DU?$char_traits@D@std@@V?$allocator@D@2@@std@@QBE?AV01@H@Z 10015e30 f i wog native dialogs.obj
 0001:00014ea0       ?destroy@?$allocator@V?$basic_string@DU?$char_traits@D@std@@V?$allocator@D@2@@std@@@std@@QAEXPAV?$basic_string@DU?$char_traits@D@std@@V?$allocator@D@2@@2@@Z 10015ea0 f i wog native dialogs.obj
 0001:00014ea0       ??1FsMan@fsman@@QAE@XZ     10015ea0 f i wog native dialogs.obj
 0001:00014ed0       ??$_Unguarded_partition@PAV?$basic_string@DU?$char_traits@D@std@@V?$allocator@D@2@@std@@P6A_NABV12@0@Z@std@@YA?AU?$pair@PAV?$basic_string@DU?$char_traits@D@std@@V?$allocator@D@2@@std@@PAV12@@0@PAV?$basic_string@DU?$char_traits@D@std@@V?$allocator@D@2@@0@0P6A_NABV20@1@Z@Z 10015ed0 f i wog native dialogs.obj
 0001:00015370       ??$_Uninit_move@PAV?$basic_string@DU?$char_traits@D@std@@V?$allocator@D@2@@std@@PAV12@V?$allocator@V?$basic_string@DU?$char_traits@D@std@@V?$allocator@D@2@@std@@@2@@std@@YAPAV?$basic_string@DU?$char_traits@D@std@@V?$allocator@D@2@@0@PAV10@00AAV?$allocator@V?$basic_string@DU?$char_traits@D@std@@V?$allocator@D@2@@std@@@0@U_Swap_move_tag@0@U_Range_checked_iterator_tag@0@@Z 10016370 f i wog native dialogs.obj
 0001:000154b0       ??$_Move_backward_opt@PAV?$basic_string@DU?$char_traits@D@std@@V?$allocator@D@2@@std@@PAV12@Uforward_iterator_tag@2@@std@@YAPAV?$basic_string@DU?$char_traits@D@std@@V?$allocator@D@2@@0@PAV10@00Uforward_iterator_tag@0@U_Swap_move_tag@0@U_Range_checked_iterator_tag@0@@Z 100164b0 f i wog native dialogs.obj
 0001:00015540       ??$_Median@PAV?$basic_string@DU?$char_traits@D@std@@V?$allocator@D@2@@std@@P6A_NABV12@0@Z@std@@YAXPAV?$basic_string@DU?$char_traits@D@std@@V?$allocator@D@2@@0@00P6A_NABV10@1@Z@Z 10016540 f i wog native dialogs.obj
 0001:00015720       ??$_Make_heap@PAV?$basic_string@DU?$char_traits@D@std@@V?$allocator@D@2@@std@@HV12@P6A_NABV12@0@Z@std@@YAXPAV?$basic_string@DU?$char_traits@D@std@@V?$allocator@D@2@@0@0P6A_NABV10@1@ZPAH0@Z 10016720 f i wog native dialogs.obj
 0001:000157a0       ??$_Sort_heap@PAV?$basic_string@DU?$char_traits@D@std@@V?$allocator@D@2@@std@@P6A_NABV12@0@Z@std@@YAXPAV?$basic_string@DU?$char_traits@D@std@@V?$allocator@D@2@@0@0P6A_NABV10@1@Z@Z 100167a0 f i wog native dialogs.obj
 0001:00015830       ??$_Insertion_sort1@PAV?$basic_string@DU?$char_traits@D@std@@V?$allocator@D@2@@std@@P6A_NABV12@0@ZV12@@std@@YAXPAV?$basic_string@DU?$char_traits@D@std@@V?$allocator@D@2@@0@0P6A_NABV10@1@Z0@Z 10016830 f i wog native dialogs.obj
 0001:00015980       ??$_Adjust_heap@PAV?$basic_string@DU?$char_traits@D@std@@V?$allocator@D@2@@std@@HV12@P6A_NABV12@0@Z@std@@YAXPAV?$basic_string@DU?$char_traits@D@std@@V?$allocator@D@2@@0@HHV10@P6A_NABV10@2@Z@Z 10016980 f i wog native dialogs.obj
 0001:00015ab0       ?swap@?$basic_string@DU?$char_traits@D@std@@V?$allocator@D@2@@std@@QAEXAAV12@@Z 10016ab0 f i wog native dialogs.obj
 0001:00015b30       ??$_Push_heap@PAV?$basic_string@DU?$char_traits@D@std@@V?$allocator@D@2@@std@@HV12@P6A_NABV12@0@Z@std@@YAXPAV?$basic_string@DU?$char_traits@D@std@@V?$allocator@D@2@@0@HHV10@P6A_NABV10@2@Z@Z 10016b30 f i wog native dialogs.obj
 0001:00015c10       ??$_Pop_heap@PAV?$basic_string@DU?$char_traits@D@std@@V?$allocator@D@2@@std@@HV12@P6A_NABV12@0@Z@std@@YAXPAV?$basic_string@DU?$char_traits@D@std@@V?$allocator@D@2@@0@00V10@P6A_NABV10@2@ZPAH@Z 10016c10 f i wog native dialogs.obj
 0001:00015cc0       ?RedrawScreen@_DlgItem_@@QAEXXZ 10016cc0 f   HoMM3_GUI.obj
 0001:00015cf0       ?Create@_CustomDlg_@@SAPAV1@HHHHIP6GHPAV1@PAU_DlgMsg_@@@Z@Z 10016cf0 f   HoMM3_GUI.obj
 0001:00015d70       ?DlgProcBridge@_CustomDlg_@@SIHPAV1@IPAU_DlgMsg_@@@Z 10016d70 f   HoMM3_GUI.obj
 0001:00015d89       ??0out_of_range@std@@QAE@ABV?$basic_string@DU?$char_traits@D@std@@V?$allocator@D@2@@1@@Z 10016d89 f i libcpmt:string.obj
 0001:00015da6       ??1out_of_range@std@@UAE@XZ 10016da6 f i libcpmt:string.obj
 0001:00015db1       ??_Eout_of_range@std@@UAEPAXI@Z 10016db1 f i libcpmt:string.obj
 0001:00015db1       ??_Gout_of_range@std@@UAEPAXI@Z 10016db1 f i libcpmt:string.obj
 0001:00015dd8       ?_Xlen@_String_base@std@@SAXXZ 10016dd8 f   libcpmt:string.obj
 0001:00015e10       ?_Xran@_String_base@std@@SAXXZ 10016e10 f   libcpmt:string.obj
 0001:00015e48       ??0out_of_range@std@@QAE@ABV01@@Z 10016e48 f i libcpmt:string.obj
 0001:00015e65       @__security_check_cookie@4 10016e65 f   LIBCMT:secchk.obj
 0001:00015e74       _memmove_s                 10016e74 f   LIBCMT:memmove_s.obj
 0001:00015ed1       _sprintf                   10016ed1 f   LIBCMT:sprintf.obj
 0001:00015f4e       ??0exception@std@@QAE@XZ   10016f4e f   LIBCMT:stdexcpt.obj
 0001:00015f5f       ??0exception@std@@QAE@ABQBD@Z 10016f5f f   LIBCMT:stdexcpt.obj
 0001:00015fb2       ??0exception@std@@QAE@ABQBDH@Z 10016fb2 f   LIBCMT:stdexcpt.obj
 0001:00015fcf       ??0exception@std@@QAE@ABV01@@Z 10016fcf f   LIBCMT:stdexcpt.obj
 0001:0001602c       ??1exception@std@@UAE@XZ   1001702c f   LIBCMT:stdexcpt.obj
 0001:00016042       ?what@exception@std@@UBEPBDXZ 10017042 f   LIBCMT:stdexcpt.obj
 0001:0001604f       ??_Gexception@std@@UAEPAXI@Z 1001704f f i LIBCMT:stdexcpt.obj
 0001:0001604f       ??_Eexception@std@@UAEPAXI@Z 1001704f f i LIBCMT:stdexcpt.obj
 0001:00016070       _free                      10017070 f   LIBCMT:free.obj
 0001:00016100       _memchr                    10017100 f   LIBCMT:memchr.obj
 0001:000161ad       ??0_LocaleUpdate@@QAE@PAUlocaleinfo_struct@@@Z 100171ad f i LIBCMT:tolower.obj
 0001:00016234       __tolower_l                10017234 f   LIBCMT:tolower.obj
 0001:00016349       _tolower                   10017349 f   LIBCMT:tolower.obj
 0001:00016375       __initp_misc_invarg        10017375 f   LIBCMT:invarg.obj
 0001:00016384       __invoke_watson            10017384 f   LIBCMT:invarg.obj
 0001:000164ac       __invalid_parameter        100174ac f   LIBCMT:invarg.obj
 0001:000164d2       __invalid_parameter_noinfo 100174d2 f   LIBCMT:invarg.obj
 0001:000164e2       ??3@YAXPAX@Z               100174e2 f   LIBCMT:delete.obj
 0001:000164ed       _memcpy_s                  100174ed f   LIBCMT:memcpy_s.obj
 0001:0001656a       ??1type_info@@UAE@XZ       1001756a f   LIBCMT:typinfo.obj
 0001:0001657a       ??_Gtype_info@@UAEPAXI@Z   1001757a f i LIBCMT:typinfo.obj
 0001:0001657a       ??_Etype_info@@UAEPAXI@Z   1001757a f i LIBCMT:typinfo.obj
 0001:0001659b       ??8type_info@@QBE_NABV0@@Z 1001759b f   LIBCMT:typinfo.obj
 0001:000165bb       ??0bad_alloc@std@@QAE@XZ   100175bb f i LIBCMT:new.obj
 0001:000165d6       ??2@YAPAXI@Z               100175d6 f   LIBCMT:new.obj
 0001:0001663b       __CRT_INIT@12              1001763b f   LIBCMT:dllcrt0.obj
 0001:00016866       __DllMainCRTStartup@12     10017866 f   LIBCMT:dllcrt0.obj
 0001:00016890       _strlen                    10017890 f   LIBCMT:strlen.obj
 0001:0001691b       __CxxThrowException@8      1001791b f   LIBCMT:throw.obj
 0001:00016967       ?_JumpToContinuation@@YGXPAXPAUEHRegistrationNode@@@Z 10017967 f   LIBCMT:_trnsctrl_.obj
 0001:00016999       ?_CallMemberFunction2@@YGXPAX00H@Z 10017999 f   LIBCMT:_trnsctrl_.obj
 0001:00016999       ?_CallMemberFunction0@@YGXPAX0@Z 10017999 f   LIBCMT:_trnsctrl_.obj
 0001:00016999       ?_CallMemberFunction1@@YGXPAX00@Z 10017999 f   LIBCMT:_trnsctrl_.obj
 0001:000169a0       ?_UnwindNestedFrames@@YGXPAUEHRegistrationNode@@PAUEHExceptionRecord@@@Z 100179a0 f   LIBCMT:_trnsctrl_.obj
 0001:000169f4       ___CxxFrameHandler3        100179f4 f   LIBCMT:_trnsctrl_.obj
 0001:00016a5d       ?_CallSETranslator@@YAHPAUEHExceptionRecord@@PAUEHRegistrationNode@@PAX2PBU_s_FuncInfo@@H1@Z 10017a5d f   LIBCMT:_trnsctrl_.obj
 0001:00016bd3       ?_GetRangeOfTrysToCheck@@YAPBU_s_TryBlockMapEntry@@PBU_s_FuncInfo@@HHPAI1@Z 10017bd3 f   LIBCMT:_trnsctrl_.obj
 0001:00016c48       __CreateFrameInfo          10017c48 f   LIBCMT:_trnsctrl_.obj
 0001:00016c74       __IsExceptionObjectToBeDestroyed 10017c74 f   LIBCMT:_trnsctrl_.obj
 0001:00016c9b       __FindAndUnlinkFrame       10017c9b f   LIBCMT:_trnsctrl_.obj
 0001:00016ced       ?_CallCatchBlock2@@YAPAXPAUEHRegistrationNode@@PBU_s_FuncInfo@@PAXHK@Z 10017ced f   LIBCMT:_trnsctrl_.obj
 0001:00016d4d       __EH_prolog3               10017d4d f   LIBCMT:ehprolg3.obj
 0001:00016d80       __EH_prolog3_catch         10017d80 f   LIBCMT:ehprolg3.obj
 0001:00016db6       ___report_gsfailure        10017db6 f   LIBCMT:gs_report.obj
 0001:00016ec0       _memmove                   10017ec0 f   LIBCMT:memmove.obj
 0001:00017225       __get_errno_from_oserr     10018225 f   LIBCMT:dosmap.obj
 0001:00017267       __errno                    10018267 f   LIBCMT:dosmap.obj
 0001:0001727a       ___doserrno                1001827a f   LIBCMT:dosmap.obj
 0001:0001728d       __dosmaperr                1001828d f   LIBCMT:dosmap.obj
 0001:000172b0       __flsbuf                   100182b0 f   LIBCMT:_flsbuf.obj
 0001:000174ba       __output_l                 100184ba f   LIBCMT:output.obj
 0001:00018052       _strcpy_s                  10019052 f   LIBCMT:strcpy_s.obj
 0001:000180ba       _V6_HeapAlloc              100190ba f   LIBCMT:malloc.obj
 0001:00018109       _malloc                    10019109 f   LIBCMT:malloc.obj
 0001:000181d3       __heap_init                100191d3 f   LIBCMT:heapinit.obj
 0001:00018203       __heap_term                10019203 f   LIBCMT:heapinit.obj
 0001:00018277       __mtinitlocks              10019277 f   LIBCMT:mlock.obj
 0001:000182c2       __mtdeletelocks            100192c2 f   LIBCMT:mlock.obj
 0001:00018319       __unlock                   10019319 f   LIBCMT:mlock.obj
 0001:00018330       __mtinitlocknum            10019330 f   LIBCMT:mlock.obj
 0001:000183f3       __lock                     100193f3 f   LIBCMT:mlock.obj
 0001:00018426       ___sbh_find_block          10019426 f   LIBCMT:sbheap.obj
 0001:00018456       ___sbh_free_block          10019456 f   LIBCMT:sbheap.obj
 0001:0001876c       ___sbh_alloc_new_region    1001976c f   LIBCMT:sbheap.obj
 0001:0001881c       ___sbh_alloc_new_group     1001981c f   LIBCMT:sbheap.obj
 0001:00018924       ___sbh_resize_block        10019924 f   LIBCMT:sbheap.obj
 0001:00018c05       ___sbh_alloc_block         10019c05 f   LIBCMT:sbheap.obj
 0001:00018eec       __SEH_prolog4              10019eec f   LIBCMT:sehprolg4.obj
 0001:00018f31       __SEH_epilog4              10019f31 f   LIBCMT:sehprolg4.obj
 0001:00018f50       __except_handler4          10019f50 f   LIBCMT:chandler4.obj
 0001:00019302       ___updatetmbcinfo          1001a302 f   LIBCMT:mbctype.obj
 0001:00019422       __setmbcp_nolock           1001a422 f   LIBCMT:mbctype.obj
 0001:00019607       __setmbcp                  1001a607 f   LIBCMT:mbctype.obj
 0001:000197a1       ___initmbctable            1001a7a1 f   LIBCMT:mbctype.obj
 0001:000197bf       ___freetlocinfo            1001a7bf f   LIBCMT:setlocal.obj
 0001:00019908       ___addlocaleref            1001a908 f   LIBCMT:setlocal.obj
 0001:00019997       ___removelocaleref         1001a997 f   LIBCMT:setlocal.obj
 0001:00019a6e       ___updatetlocinfo          1001aa6e f   LIBCMT:setlocal.obj
 0001:00019ae4       __encode_pointer           1001aae4 f   LIBCMT:tidtable.obj
 0001:00019b56       __encoded_null             1001ab56 f   LIBCMT:tidtable.obj
 0001:00019b5f       __decode_pointer           1001ab5f f   LIBCMT:tidtable.obj
 0001:00019bd1       ___crtTlsAlloc@4           1001abd1 f   LIBCMT:tidtable.obj
 0001:00019bda       ___set_flsgetvalue         1001abda f   LIBCMT:tidtable.obj
 0001:00019c0e       __mtterm                   1001ac0e f   LIBCMT:tidtable.obj
 0001:00019c4b       __initptd                  1001ac4b f   LIBCMT:tidtable.obj
 0001:00019d32       __getptd_noexit            1001ad32 f   LIBCMT:tidtable.obj
 0001:00019dab       __getptd                   1001adab f   LIBCMT:tidtable.obj
 0001:00019dc5       __freefls@4                1001adc5 f   LIBCMT:tidtable.obj
 0001:00019ef4       __freeptd                  1001aef4 f   LIBCMT:tidtable.obj
 0001:00019f62       __mtinit                   1001af62 f   LIBCMT:tidtable.obj
 0001:0001a0ef       __freea                    1001b0ef f i LIBCMT:a_map.obj
 0001:0001a4b4       ___crtLCMapStringA         1001b4b4 f   LIBCMT:a_map.obj
 0001:0001a4f9       __isleadbyte_l             1001b4f9 f i LIBCMT:_wctype.obj
 0001:0001a531       _isleadbyte                1001b531 f i LIBCMT:_wctype.obj
 0001:0001a544       __isctype_l                1001b544 f   LIBCMT:isctype.obj
 0001:0001a5fc       __crt_debugger_hook        1001b5fc f   LIBCMT:dbghook.obj
 0001:0001a610       _memset                    1001b610 f   LIBCMT:memset.obj
 0001:0001a690       _memcpy                    1001b690 f   LIBCMT:memcpy.obj
 0001:0001a9f5       ?_Type_info_dtor@type_info@@CAXPAV1@@Z 1001b9f5 f   LIBCMT:typname.obj
 0001:0001aa70       _strcmp                    1001ba70 f   LIBCMT:strcmp.obj
 0001:0001abb2       ___onexitinit              1001bbb2 f   LIBCMT:onexit.obj
 0001:0001abe3       __onexit                   1001bbe3 f   LIBCMT:onexit.obj
 0001:0001ac1f       _atexit                    1001bc1f f   LIBCMT:onexit.obj
 0001:0001ac36       __initp_heap_handler       1001bc36 f   LIBCMT:handler.obj
 0001:0001ac45       __callnewh                 1001bc45 f   LIBCMT:handler.obj
 0001:0001ac6d       __malloc_crt               1001bc6d f   LIBCMT:crtheap.obj
 0001:0001acb2       __calloc_crt               1001bcb2 f   LIBCMT:crtheap.obj
 0001:0001acfe       __realloc_crt              1001bcfe f   LIBCMT:crtheap.obj
 0001:0001ad4c       __crt_waiting_on_module_handle 1001bd4c f   LIBCMT:crt0dat.obj
 0001:0001ad7c       __amsg_exit                1001bd7c f   LIBCMT:crt0dat.obj
 0001:0001ada5       ___crtCorExitProcess       1001bda5 f   LIBCMT:crt0dat.obj
 0001:0001add0       ___crtExitProcess          1001bdd0 f   LIBCMT:crt0dat.obj
 0001:0001ade8       __lockexit                 1001bde8 f   LIBCMT:crt0dat.obj
 0001:0001adf1       __unlockexit               1001bdf1 f   LIBCMT:crt0dat.obj
 0001:0001ae17       __initterm_e               1001be17 f   LIBCMT:crt0dat.obj
 0001:0001ae3b       __cinit                    1001be3b f   LIBCMT:crt0dat.obj
 0001:0001afec       __exit                     1001bfec f   LIBCMT:crt0dat.obj
 0001:0001b002       __cexit                    1001c002 f   LIBCMT:crt0dat.obj
 0001:0001b011       __init_pointers            1001c011 f   LIBCMT:crt0dat.obj
 0001:0001b05f       __ioinit                   1001c05f f   LIBCMT:ioinit.obj
 0001:0001b2b3       __ioterm                   1001c2b3 f   LIBCMT:ioinit.obj
 0001:0001b301       __setenvp                  1001c301 f   LIBCMT:stdenvp.obj
 0001:0001b579       __setargv                  1001c579 f   LIBCMT:stdargv.obj
 0001:0001b634       ___crtGetEnvironmentStringsA 1001c634 f   LIBCMT:a_env.obj
 0001:0001b76b       __RTC_Initialize           1001c76b f   LIBCMT:_initsect_.obj
 0001:0001b791       __RTC_Terminate            1001c791 f   LIBCMT:_initsect_.obj
 0001:0001b7b7       __XcptFilter               1001c7b7 f   LIBCMT:winxfltr.obj
 0001:0001b917       ___CppXcptFilter           1001c917 f   LIBCMT:winxfltr.obj
 0001:0001b937       ___security_init_cookie    1001c937 f   LIBCMT:gs_support.obj
 0001:0001b9cd       ??0bad_exception@std@@QAE@PBD@Z 1001c9cd f i LIBCMT:frame.obj
 0001:0001b9eb       ??1bad_exception@std@@UAE@XZ 1001c9eb f i LIBCMT:frame.obj
 0001:0001b9f6       ??_Gbad_exception@std@@UAEPAXI@Z 1001c9f6 f i LIBCMT:frame.obj
 0001:0001b9f6       ??_Ebad_exception@std@@UAEPAXI@Z 1001c9f6 f i LIBCMT:frame.obj
 0001:0001ba1d       ___TypeMatch               1001ca1d f   LIBCMT:frame.obj
 0001:0001ba7c       ___FrameUnwindFilter       1001ca7c f   LIBCMT:frame.obj
 0001:0001bac5       ___FrameUnwindToState      1001cac5 f   LIBCMT:frame.obj
 0001:0001bbeb       ___DestructExceptionObject 1001cbeb f   LIBCMT:frame.obj
 0001:0001bc40       ___AdjustPointer           1001cc40 f   LIBCMT:frame.obj
 0001:0001bec9       ___BuildCatchObjectHelper  1001cec9 f   LIBCMT:frame.obj
 0001:0001c048       ___BuildCatchObject        1001d048 f   LIBCMT:frame.obj
 0001:0001c583       ??0bad_exception@std@@QAE@ABV01@@Z 1001d583 f i LIBCMT:frame.obj
 0001:0001c5a0       ___InternalCxxFrameHandler 1001d5a0 f   LIBCMT:frame.obj
 0001:0001c686       ?terminate@@YAXXZ          1001d686 f   LIBCMT:hooks.obj
 0001:0001c6bf       ?unexpected@@YAXXZ         1001d6bf f   LIBCMT:hooks.obj
 0001:0001c6d2       ?_inconsistency@@YAXXZ     1001d6d2 f   LIBCMT:hooks.obj
 0001:0001c70a       __initp_eh_hooks           1001d70a f   LIBCMT:hooks.obj
 0001:0001c720       __CallSettingFrame@12      1001d720 f   LIBCMT:lowhelpr.obj
 0001:0001c747       __NLG_Return               1001d747     LIBCMT:lowhelpr.obj
 0001:0001c7f3       __VEC_memcpy               1001d7f3 f   LIBCMT:p4_memcpy.obj
 0001:0001c926       __get_sse2_info            1001d926 f   LIBCMT:cpu_disp.obj
 0001:0001c988       ___sse2_available_init     1001d988 f   LIBCMT:cpu_disp.obj
 0001:0001c995       __lseeki64_nolock          1001d995 f   LIBCMT:lseeki64.obj
 0001:0001ca1a       __lseeki64                 1001da1a f   LIBCMT:lseeki64.obj
 0001:0001cb33       __write_nolock             1001db33 f   LIBCMT:write.obj
 0001:0001d266       __write                    1001e266 f   LIBCMT:write.obj
 0001:0001d342       __getbuf                   1001e342 f   LIBCMT:_getbuf.obj
 0001:0001d38b       __isatty                   1001e38b f   LIBCMT:isatty.obj
 0001:0001d3ef       ___iob_func                1001e3ef f   LIBCMT:_file.obj
 0001:0001d3f5       ___initstdio               1001e3f5 f   LIBCMT:_file.obj
 0001:0001d4a6       ___endstdio                1001e4a6 f   LIBCMT:_file.obj
 0001:0001d4c6       __lock_file                1001e4c6 f   LIBCMT:_file.obj
 0001:0001d507       __lock_file2               1001e507 f   LIBCMT:_file.obj
 0001:0001d539       __unlock_file              1001e539 f   LIBCMT:_file.obj
 0001:0001d575       __unlock_file2             1001e575 f   LIBCMT:_file.obj
 0001:0001d5a4       __fileno                   1001e5a4 f   LIBCMT:fileno.obj
 0001:0001d5d6       __initp_misc_cfltcvt_tab   1001e5d6 f   LIBCMT:cmiscdat.obj
 0001:0001d5f7       __get_printf_count_output  1001e5f7 f   LIBCMT:printf.obj
 0001:0001d60d       __wctomb_s_l               1001e60d f   LIBCMT:wctomb.obj
 0001:0001d779       _wctomb_s                  1001e779 f   LIBCMT:wctomb.obj
 0001:0001d7a0       __aulldvrm                 1001e7a0 f   LIBCMT:ulldvrm.obj
 0001:0001d835       __NMSG_WRITE               1001e835 f   LIBCMT:crt0msg.obj
 0001:0001d9e0       __FF_MSGBANNER             1001e9e0 f   LIBCMT:crt0msg.obj
 0001:0001da19       __initp_misc_initcrit      1001ea19 f   LIBCMT:initcrit.obj
 0001:0001da28       ___crtInitCritSecAndSpinCount 1001ea28 f   LIBCMT:initcrit.obj
 0001:0001da88       __local_unwind4            1001ea88 f   LIBCMT:exsup4.obj
 0001:0001db5e       __seh_longjmp_unwind4@4    1001eb5e f   LIBCMT:exsup4.obj
 0001:0001db7a       @_EH4_CallFilterFunc@8     1001eb7a f   LIBCMT:exsup4.obj
 0001:0001db91       @_EH4_TransferToHandler@8  1001eb91 f   LIBCMT:exsup4.obj
 0001:0001dbaa       @_EH4_GlobalUnwind@4       1001ebaa f   LIBCMT:exsup4.obj
 0001:0001dbc4       @_EH4_LocalUnwind@16       1001ebc4 f   LIBCMT:exsup4.obj
 0001:0001dbe0       __ValidateImageBase        1001ebe0 f   LIBCMT:pesect.obj
 0001:0001dc20       __FindPESection            1001ec20 f   LIBCMT:pesect.obj
 0001:0001dc70       __IsNonwritableInCurrentImage 1001ec70 f   LIBCMT:pesect.obj
 0001:0001dee7       ___crtGetStringTypeA       1001eee7 f   LIBCMT:a_str.obj
 0001:0001df29       ___free_lc_time            1001ef29 f   LIBCMT:inittime.obj
 0001:0001e0be       ___free_lconv_num          1001f0be f   LIBCMT:initnum.obj
 0001:0001e103       ___free_lconv_mon          1001f103 f   LIBCMT:initmon.obj
 0001:0001e191       _strcat_s                  1001f191 f   LIBCMT:strcat_s.obj
 0001:0001e210       _strcspn                   1001f210 f   LIBCMT:strcspn.obj
 0001:0001e256       _strncpy_s                 1001f256 f   LIBCMT:strncpy_s.obj
 0001:0001e310       _strpbrk                   1001f310 f   LIBCMT:strpbrk.obj
 0001:0001e350       ___ansicp                  1001f350 f   LIBCMT:convrtcp.obj
 0001:0001e399       ___convertcp               1001f399 f   LIBCMT:convrtcp.obj
 0001:0001e550       __alloca_probe_16          1001f550 f   LIBCMT:alloca16.obj
 0001:0001e566       __alloca_probe_8           1001f566     LIBCMT:alloca16.obj
 0001:0001e5d3       __VEC_memzero              1001f5d3 f   LIBCMT:p4_memset.obj
 0001:0001e662       __msize                    1001f662 f   LIBCMT:msize.obj
 0001:0001e705       __calloc_impl              1001f705 f   LIBCMT:calloc_impl.obj
 0001:0001e823       _realloc                   1001f823 f   LIBCMT:realloc.obj
 0001:0001ea3e       __initp_misc_winsig        1001fa3e f   LIBCMT:winsig.obj
 0001:0001ea93       ___get_sigabrt             1001fa93 f   LIBCMT:winsig.obj
 0001:0001eaa0       _raise                     1001faa0 f   LIBCMT:winsig.obj
 0001:0001ec50       __initp_misc_rand_s        1001fc50 f   LIBCMT:rand_s.obj
 0001:0001ec5f       __initp_misc_purevirt      1001fc5f f   LIBCMT:inithelp.obj
 0001:0001ecc1       __ismbblead                1001fcc1 f   LIBCMT:ismbbyte.obj
 0001:0001ecd9       ?_ValidateRead@@YAHPBXI@Z  1001fcd9 f   LIBCMT:validate.obj
 0001:0001ecd9       ?_ValidateWrite@@YAHPAXI@Z 1001fcd9 f   LIBCMT:validate.obj
 0001:0001ecd9       ?_ValidateExecute@@YAHP6GHXZ@Z 1001fcd9 f   LIBCMT:validate.obj
 0001:0001eceb       _abort                     1001fceb f   LIBCMT:abort.obj
 0001:0001ee04       __global_unwind2           1001fe04 f   LIBCMT:exsup.obj
 0001:0001ee69       __local_unwind2            1001fe69 f   LIBCMT:exsup.obj
 0001:0001eeed       __abnormal_termination     1001feed f   LIBCMT:exsup.obj
 0001:0001ef10       __NLG_Notify1              1001ff10 f   LIBCMT:exsup.obj
 0001:0001ef19       __NLG_Notify               1001ff19 f   LIBCMT:exsup.obj
 0001:0001ef30       __NLG_Dispatch             1001ff30     LIBCMT:exsup.obj
 0001:0001ef30       __NLG_Dispatch2            1001ff30     LIBCMT:exsup.obj
 0001:0001ef38       __NLG_Call                 1001ff38 f   LIBCMT:exsup.obj
 0001:0001ef3a       __NLG_Return2              1001ff3a     LIBCMT:exsup.obj
 0001:0001ef3b       __free_osfhnd              1001ff3b f   LIBCMT:osfinfo.obj
 0001:0001efc1       __get_osfhandle            1001ffc1 f   LIBCMT:osfinfo.obj
 0001:0001f038       ___lock_fhandle            10020038 f   LIBCMT:osfinfo.obj
 0001:0001f0d8       __unlock_fhandle           100200d8 f   LIBCMT:osfinfo.obj
 0001:0001f0ff       __putwch_nolock            100200ff f   LIBCMT:putwch.obj
 0001:0001f1c4       __mbtowc_l                 100201c4 f   LIBCMT:mbtowc.obj
 0001:0001f2db       _mbtowc                    100202db f   LIBCMT:mbtowc.obj
 0001:0001f300       __chkstk                   10020300 f   LIBCMT:chkstk.obj
 0001:0001f300       __alloca_probe             10020300     LIBCMT:chkstk.obj
 0001:0001f32b       __fcloseall                1002032b f   LIBCMT:closeall.obj
 0001:0001f3ca       __flush                    100203ca f   LIBCMT:fflush.obj
 0001:0001f432       __fflush_nolock            10020432 f   LIBCMT:fflush.obj
 0001:0001f554       __flushall                 10020554 f   LIBCMT:fflush.obj
 0001:0001f55d       __fptrap                   1002055d f   LIBCMT:crt0fp.obj
 0001:0001f795       _strtol                    10020795 f   LIBCMT:strtol.obj
 0001:0001f7c0       ___crtMessageBoxA          100207c0 f   LIBCMT:crtmbox.obj
 0001:0001f929       __set_error_mode           10020929 f   LIBCMT:errmode.obj
 0001:0001f974       _atol                      10020974 f   LIBCMT:atox.obj
 0001:0001f990       __allmul                   10020990 f   LIBCMT:llmul.obj
 0001:0001f9c4       __isdigit_l                100209c4 f i LIBCMT:_ctype.obj
 0001:0001fa15       _isdigit                   10020a15 f i LIBCMT:_ctype.obj
 0001:0001fa43       ___initconout              10020a43 f   LIBCMT:initcon.obj
 0001:0001fa62       ___termcon                 10020a62 f   LIBCMT:initcon.obj
 0001:0001fa8f       __fclose_nolock            10020a8f f   LIBCMT:fclose.obj
 0001:0001fb06       _fclose                    10020b06 f   LIBCMT:fclose.obj
 0001:0001fb82       __commit                   10020b82 f   LIBCMT:commit.obj
 0001:0001fc70       ___ascii_strnicmp          10020c70 f   LIBCMT:_strnicm.obj
 0001:0001fcd1       __close_nolock             10020cd1 f   LIBCMT:close.obj
 0001:0001fd6d       __close                    10020d6d f   LIBCMT:close.obj
 0001:0001fe3a       __freebuf                  10020e3a f   LIBCMT:_freebuf.obj
 0001:0001fe80       _strchr                    10020e80 f   LIBCMT:strchr.obj
 0001:0001fe86       ___from_strstr_to_strchr   10020e86     LIBCMT:strchr.obj
 0001:0001ff3e       _RtlUnwind@16              10020f3e f   kernel32:KERNEL32.dll
 0001:0001ff44       __fpclear                  10020f44 f   LIBCMT:_fpinit_.obj
 0001:0001ff44       __initp_misc_winxfltr      10020f44 f   LIBCMT:winxfltr.obj
 0001:0001ff45       __cfltcvt_init             10020f45 f   LIBCMT:_fpinit_.obj
 0001:0001ffa5       __fpmath                   10020fa5 f   LIBCMT:_fpinit_.obj
 0001:0001ffd0       __ftol2_sse                10020fd0 f   LIBCMT:ftol2.obj
 0001:0001ffd9       __ftol2_pentium4           10020fd9 f   LIBCMT:ftol2.obj
 0001:0001ffec       __ftol2_sse_excpt          10020fec f   LIBCMT:ftol2.obj
 0001:00020006       __ftol2                    10021006 f   LIBCMT:ftol2.obj
 0001:0002007b       __forcdecpt_l              1002107b f   LIBCMT:cvt.obj
 0001:000200ee       __cropzeros_l              100210ee f   LIBCMT:cvt.obj
 0001:00020170       __positive                 10021170 f   LIBCMT:cvt.obj
 0001:0002018c       __fassign_l                1002118c f   LIBCMT:cvt.obj
 0001:000201ce       __fassign                  100211ce f   LIBCMT:cvt.obj
 0001:00020207       __forcdecpt                10021207 f   LIBCMT:cvt.obj
 0001:0002021a       __cropzeros                1002121a f   LIBCMT:cvt.obj
 0001:0002039c       __cftoe_l                  1002139c f   LIBCMT:cvt.obj
 0001:0002046c       __cftoe                    1002146c f   LIBCMT:cvt.obj
 0001:0002048c       __cftoa_l                  1002148c f   LIBCMT:cvt.obj
 0001:000208f6       __cftof_l                  100218f6 f   LIBCMT:cvt.obj
 0001:000209b1       __cftog_l                  100219b1 f   LIBCMT:cvt.obj
 0001:00020aab       __cfltcvt_l                10021aab f   LIBCMT:cvt.obj
 0001:00020b33       __cfltcvt                  10021b33 f   LIBCMT:cvt.obj
 0001:00020b56       __setdefaultprecision      10021b56 f   LIBCMT:fp8.obj
 0001:00020b81       __ms_p5_test_fdiv          10021b81 f   LIBCMT:_testfdiv_.obj
 0001:00020bbf       __ms_p5_mp_test_fdiv       10021bbf f   LIBCMT:_testfdiv_.obj
 0001:00020bf0       _strrchr                   10021bf0 f   LIBCMT:strrchr.obj
 0001:00020c1d       __atodbl_l                 10021c1d f   LIBCMT:atodbl.obj
 0001:00020cc5       __atoflt_l                 10021cc5 f   LIBCMT:atodbl.obj
 0001:00020d6d       __fptostr                  10021d6d f   LIBCMT:_fptostr.obj
 0001:00020e2c       ___dtold                   10021e2c f   LIBCMT:_cfout_.obj
 0001:00020ee9       __fltout2                  10021ee9 f   LIBCMT:_cfout_.obj
 0001:00020f80       __alldvrm                  10021f80 f   LIBCMT:lldvrm.obj
 0001:00021060       __aullshr                  10022060 f   LIBCMT:ullshr.obj
 0001:0002107f       __controlfp_s              1002207f f   LIBCMT:_contrlfp_.obj
 0001:000210eb       __ld12tod                  100220eb f   LIBCMT:_intrncvt_.obj
 0001:0002162f       __ld12tof                  1002262f f   LIBCMT:_intrncvt_.obj
 0001:00021b73       ___strgtold12_l            10022b73 f   LIBCMT:_strgtold_.obj
 0001:0002226b       _$I10_OUTPUT               1002326b f   LIBCMT:_x10fout_.obj
 0001:00022cbd       __control87                10023cbd f i LIBCMT:_ieee87_.obj
 0001:00022fcc       ___mtold12                 10023fcc f   LIBCMT:_mantold_.obj
 0001:0002319a       ___set_fpsr_sse2           1002419a f   LIBCMT:_fpctrl_.obj
 0002:00000000       __imp__GetFullPathNameA@16 10025000     kernel32:KERNEL32.dll
 0002:00000004       __imp__FindFirstFileA@8    10025004     kernel32:KERNEL32.dll
 0002:00000008       __imp__GetProcAddress@8    10025008     kernel32:KERNEL32.dll
 0002:0000000c       __imp__FindClose@4         1002500c     kernel32:KERNEL32.dll
 0002:00000010       __imp__GetPrivateProfileStringA@24 10025010     kernel32:KERNEL32.dll
 0002:00000014       __imp__LoadLibraryA@4      10025014     kernel32:KERNEL32.dll
 0002:00000018       __imp__FindNextFileA@8     10025018     kernel32:KERNEL32.dll
 0002:0000001c       __imp__GetCurrentDirectoryA@8 1002501c     kernel32:KERNEL32.dll
 0002:00000020       __imp__CreateFileA@28      10025020     kernel32:KERNEL32.dll
 0002:00000024       __imp__SetFilePointer@16   10025024     kernel32:KERNEL32.dll
 0002:00000028       __imp__CloseHandle@4       10025028     kernel32:KERNEL32.dll
 0002:0000002c       __imp__GetLastError@0      1002502c     kernel32:KERNEL32.dll
 0002:00000030       __imp__HeapFree@12         10025030     kernel32:KERNEL32.dll
 0002:00000034       __imp__TerminateProcess@8  10025034     kernel32:KERNEL32.dll
 0002:00000038       __imp__GetCurrentProcess@0 10025038     kernel32:KERNEL32.dll
 0002:0000003c       __imp__UnhandledExceptionFilter@4 1002503c     kernel32:KERNEL32.dll
 0002:00000040       __imp__SetUnhandledExceptionFilter@4 10025040     kernel32:KERNEL32.dll
 0002:00000044       __imp__IsDebuggerPresent@0 10025044     kernel32:KERNEL32.dll
 0002:00000048       __imp__GetCurrentThreadId@0 10025048     kernel32:KERNEL32.dll
 0002:0000004c       __imp__GetCommandLineA@0   1002504c     kernel32:KERNEL32.dll
 0002:00000050       __imp__RaiseException@16   10025050     kernel32:KERNEL32.dll
 0002:00000054       __imp__RtlUnwind@16        10025054     kernel32:KERNEL32.dll
 0002:00000058       __imp__HeapAlloc@12        10025058     kernel32:KERNEL32.dll
 0002:0000005c       __imp__HeapCreate@12       1002505c     kernel32:KERNEL32.dll
 0002:00000060       __imp__HeapDestroy@4       10025060     kernel32:KERNEL32.dll
 0002:00000064       __imp__VirtualFree@12      10025064     kernel32:KERNEL32.dll
 0002:00000068       __imp__DeleteCriticalSection@4 10025068     kernel32:KERNEL32.dll
 0002:0000006c       __imp__LeaveCriticalSection@4 1002506c     kernel32:KERNEL32.dll
 0002:00000070       __imp__EnterCriticalSection@4 10025070     kernel32:KERNEL32.dll
 0002:00000074       __imp__VirtualAlloc@16     10025074     kernel32:KERNEL32.dll
 0002:00000078       __imp__HeapReAlloc@16      10025078     kernel32:KERNEL32.dll
 0002:0000007c       __imp__GetCPInfo@8         1002507c     kernel32:KERNEL32.dll
 0002:00000080       __imp__InterlockedIncrement@4 10025080     kernel32:KERNEL32.dll
 0002:00000084       __imp__InterlockedDecrement@4 10025084     kernel32:KERNEL32.dll
 0002:00000088       __imp__GetACP@0            10025088     kernel32:KERNEL32.dll
 0002:0000008c       __imp__GetOEMCP@0          1002508c     kernel32:KERNEL32.dll
 0002:00000090       __imp__IsValidCodePage@4   10025090     kernel32:KERNEL32.dll
 0002:00000094       __imp__GetModuleHandleW@4  10025094     kernel32:KERNEL32.dll
 0002:00000098       __imp__TlsGetValue@4       10025098     kernel32:KERNEL32.dll
 0002:0000009c       __imp__TlsAlloc@0          1002509c     kernel32:KERNEL32.dll
 0002:000000a0       __imp__TlsSetValue@8       100250a0     kernel32:KERNEL32.dll
 0002:000000a4       __imp__TlsFree@4           100250a4     kernel32:KERNEL32.dll
 0002:000000a8       __imp__SetLastError@4      100250a8     kernel32:KERNEL32.dll
 0002:000000ac       __imp__LCMapStringA@24     100250ac     kernel32:KERNEL32.dll
 0002:000000b0       __imp__WideCharToMultiByte@32 100250b0     kernel32:KERNEL32.dll
 0002:000000b4       __imp__MultiByteToWideChar@24 100250b4     kernel32:KERNEL32.dll
 0002:000000b8       __imp__LCMapStringW@24     100250b8     kernel32:KERNEL32.dll
 0002:000000bc       __imp__Sleep@4             100250bc     kernel32:KERNEL32.dll
 0002:000000c0       __imp__ExitProcess@4       100250c0     kernel32:KERNEL32.dll
 0002:000000c4       __imp__SetHandleCount@4    100250c4     kernel32:KERNEL32.dll
 0002:000000c8       __imp__GetStdHandle@4      100250c8     kernel32:KERNEL32.dll
 0002:000000cc       __imp__GetFileType@4       100250cc     kernel32:KERNEL32.dll
 0002:000000d0       __imp__GetStartupInfoA@4   100250d0     kernel32:KERNEL32.dll
 0002:000000d4       __imp__GetModuleFileNameA@12 100250d4     kernel32:KERNEL32.dll
 0002:000000d8       __imp__FreeEnvironmentStringsA@4 100250d8     kernel32:KERNEL32.dll
 0002:000000dc       __imp__GetEnvironmentStrings@0 100250dc     kernel32:KERNEL32.dll
 0002:000000e0       __imp__FreeEnvironmentStringsW@4 100250e0     kernel32:KERNEL32.dll
 0002:000000e4       __imp__GetEnvironmentStringsW@0 100250e4     kernel32:KERNEL32.dll
 0002:000000e8       __imp__QueryPerformanceCounter@4 100250e8     kernel32:KERNEL32.dll
 0002:000000ec       __imp__GetTickCount@0      100250ec     kernel32:KERNEL32.dll
 0002:000000f0       __imp__GetCurrentProcessId@0 100250f0     kernel32:KERNEL32.dll
 0002:000000f4       __imp__GetSystemTimeAsFileTime@4 100250f4     kernel32:KERNEL32.dll
 0002:000000f8       __imp__WriteFile@20        100250f8     kernel32:KERNEL32.dll
 0002:000000fc       __imp__GetConsoleCP@0      100250fc     kernel32:KERNEL32.dll
 0002:00000100       __imp__GetConsoleMode@8    10025100     kernel32:KERNEL32.dll
 0002:00000104       __imp__InitializeCriticalSectionAndSpinCount@8 10025104     kernel32:KERNEL32.dll
 0002:00000108       __imp__GetStringTypeA@20   10025108     kernel32:KERNEL32.dll
 0002:0000010c       __imp__GetStringTypeW@16   1002510c     kernel32:KERNEL32.dll
 0002:00000110       __imp__GetLocaleInfoA@16   10025110     kernel32:KERNEL32.dll
 0002:00000114       __imp__HeapSize@12         10025114     kernel32:KERNEL32.dll
 0002:00000118       __imp__SetStdHandle@8      10025118     kernel32:KERNEL32.dll
 0002:0000011c       __imp__WriteConsoleA@20    1002511c     kernel32:KERNEL32.dll
 0002:00000120       __imp__GetConsoleOutputCP@0 10025120     kernel32:KERNEL32.dll
 0002:00000124       __imp__WriteConsoleW@20    10025124     kernel32:KERNEL32.dll
 0002:00000128       __imp__FlushFileBuffers@4  10025128     kernel32:KERNEL32.dll
 0002:0000012c       __imp__GetModuleHandleA@4  1002512c     kernel32:KERNEL32.dll
 0002:00000130       \177KERNEL32_NULL_THUNK_DATA 10025130     kernel32:KERNEL32.dll
 0002:00000134       __imp__GetKeyState@4       10025134     user32:USER32.dll
 0002:00000138       \177USER32_NULL_THUNK_DATA 10025138     user32:USER32.dll
 0002:0000013c       ___xc_a                    1002513c     LIBCMT:crt0init.obj
 0002:00000140       ___xc_z                    10025140     LIBCMT:crt0init.obj
 0002:00000144       ___xi_a                    10025144     LIBCMT:crt0init.obj
 0002:00000158       ___xi_z                    10025158     LIBCMT:crt0init.obj
 0002:0000015c       ___xp_a                    1002515c     LIBCMT:crt0init.obj
 0002:00000168       ___xp_z                    10025168     LIBCMT:crt0init.obj
 0002:0000016c       ___xt_a                    1002516c     LIBCMT:crt0init.obj
 0002:00000170       ___xt_z                    10025170     LIBCMT:crt0init.obj
 0002:000001a0       ??_7bad_alloc@std@@6B@     100251a0     libcpmt:string.obj
 0002:000001ac       ??_7logic_error@std@@6B@   100251ac     libcpmt:string.obj
 0002:000001b8       ??_7length_error@std@@6B@  100251b8     libcpmt:string.obj
 0002:000001c4       ??_7out_of_range@std@@6B@  100251c4     libcpmt:string.obj
 0002:000001cc       ??_C@_0BA@JFNIOLAK@string?5too?5long?$AA@ 100251cc     libcpmt:string.obj
 0002:000001dc       ??_C@_0BI@CFPLBAOH@invalid?5string?5position?$AA@ 100251dc     libcpmt:string.obj
 0002:000001f8       ??_7exception@std@@6B@     100251f8     LIBCMT:stdexcpt.obj
 0002:00000200       ??_C@_0BC@EOODALEL@Unknown?5exception?$AA@ 10025200     LIBCMT:stdexcpt.obj
 0002:00000218       ??_7type_info@@6B@         10025218     LIBCMT:typinfo.obj
 0002:0000021c       __pRawDllMain              1002521c     LIBCMT:dllcrt0.obj
 0002:0000021c       __pDefaultRawDllMain       1002521c     LIBCMT:dllcrt0.obj
 0002:00000248       ??_C@_1O@CEDCILHN@?$AA?$CI?$AAn?$AAu?$AAl?$AAl?$AA?$CJ?$AA?$AA@ 10025248     LIBCMT:output.obj
 0002:00000258       ??_C@_06OJHGLDPL@?$CInull?$CJ?$AA@ 10025258     LIBCMT:output.obj
 0002:00000260       ___lookuptable             10025260     LIBCMT:output.obj
 0002:00000340       ??_C@_01NEMOKFLO@?$DN?$AA@ 10025340     LIBCMT:setlocal.obj
 0002:00000344       ??_C@_0O@NLDKAIKN@EncodePointer?$AA@ 10025344     LIBCMT:tidtable.obj
 0002:00000354       ??_C@_1BK@DBDEIDLH@?$AAK?$AAE?$AAR?$AAN?$AAE?$AAL?$AA3?$AA2?$AA?4?$AAD?$AAL?$AAL?$AA?$AA@ 10025354     LIBCMT:tidtable.obj
 0002:00000370       ??_C@_0O@KBPMFGHI@DecodePointer?$AA@ 10025370     LIBCMT:tidtable.obj
 0002:00000380       ??_C@_07PEJMOBNF@FlsFree?$AA@ 10025380     LIBCMT:tidtable.obj
 0002:00000388       ??_C@_0M@JCPCPOEF@FlsSetValue?$AA@ 10025388     LIBCMT:tidtable.obj
 0002:00000394       ??_C@_0M@GDNOONDI@FlsGetValue?$AA@ 10025394     LIBCMT:tidtable.obj
 0002:000003a0       ??_C@_08KNHFBNJ@FlsAlloc?$AA@ 100253a0     LIBCMT:tidtable.obj
 0002:000003ac       ??_C@_13NOLLCAOD@?$AA?$AA?$AA?$AA@ 100253ac     LIBCMT:a_map.obj
 0002:000003b0       ??_C@_0P@MIGLKIOC@CorExitProcess?$AA@ 100253b0     LIBCMT:crt0dat.obj
 0002:000003c0       ??_C@_1BI@BGOHAHKC@?$AAm?$AAs?$AAc?$AAo?$AAr?$AAe?$AAe?$AA?4?$AAd?$AAl?$AAl?$AA?$AA@ 100253c0     LIBCMT:crt0dat.obj
 0002:000003d8       __XcptActTab               100253d8     LIBCMT:winxfltr.obj
 0002:00000450       __pDestructExceptionObject 10025450     LIBCMT:frame.obj
 0002:00000458       ??_7bad_exception@std@@6B@ 10025458     LIBCMT:frame.obj
 0002:00000460       ??_C@_0O@DPKOEFFH@bad?5exception?$AA@ 10025460     LIBCMT:frame.obj
 0002:00000470       ___lookuptable_s           10025470     LIBCMT:outputs.obj
 0002:000004cc       ??_C@_0P@GGKDKEEG@runtime?5error?5?$AA@ 100254cc     LIBCMT:crt0msg.obj
 0002:000004dc       ??_C@_02PCIJFNDE@?$AN?6?$AA@ 100254dc     LIBCMT:crt0msg.obj
 0002:000004e0       ??_C@_0O@MJNIPGOH@TLOSS?5error?$AN?6?$AA@ 100254e0     LIBCMT:crt0msg.obj
 0002:000004f0       ??_C@_0N@BONNPDHF@SING?5error?$AN?6?$AA@ 100254f0     LIBCMT:crt0msg.obj
 0002:00000500       ??_C@_0P@MBDAJNE@DOMAIN?5error?$AN?6?$AA@ 10025500     LIBCMT:crt0msg.obj
 0002:00000510       ??_C@_0JL@DFDOOABL@R6034?$AN?6An?5application?5has?5made?5a@ 10025510     LIBCMT:crt0msg.obj
 0002:000005b0       ??_C@_0PH@EPAFIJ@R6033?$AN?6?9?5Attempt?5to?5use?5MSIL?5cod@ 100255b0     LIBCMT:crt0msg.obj
 0002:000006a8       ??_C@_0DD@BKEEABMM@R6032?$AN?6?9?5not?5enough?5space?5for?5lo@ 100256a8     LIBCMT:crt0msg.obj
 0002:000006e0       ??_C@_0GD@OFKILIED@R6031?$AN?6?9?5Attempt?5to?5initialize?5t@ 100256e0     LIBCMT:crt0msg.obj
 0002:00000744       ??_C@_0BP@LPMHJOKI@R6030?$AN?6?9?5CRT?5not?5initialized?$AN?6?$AA@ 10025744     LIBCMT:crt0msg.obj
 0002:00000764       ??_C@_0CF@KJDAIALP@R6028?$AN?6?9?5unable?5to?5initialize?5he@ 10025764     LIBCMT:crt0msg.obj
 0002:0000078c       ??_C@_0DF@GAKBPDFP@R6027?$AN?6?9?5not?5enough?5space?5for?5lo@ 1002578c     LIBCMT:crt0msg.obj
 0002:000007c4       ??_C@_0DF@IBLNNAIG@R6026?$AN?6?9?5not?5enough?5space?5for?5st@ 100257c4     LIBCMT:crt0msg.obj
 0002:000007fc       ??_C@_0CG@IOHKGFNJ@R6025?$AN?6?9?5pure?5virtual?5function?5c@ 100257fc     LIBCMT:crt0msg.obj
 0002:00000824       ??_C@_0DF@JIJJFJDC@R6024?$AN?6?9?5not?5enough?5space?5for?5_o@ 10025824     LIBCMT:crt0msg.obj
 0002:0000085c       ??_C@_0CJ@EGEJHFME@R6019?$AN?6?9?5unable?5to?5open?5console?5@ 1002585c     LIBCMT:crt0msg.obj
 0002:00000888       ??_C@_0CB@GNHNIELH@R6018?$AN?6?9?5unexpected?5heap?5error?$AN?6@ 10025888     LIBCMT:crt0msg.obj
 0002:000008ac       ??_C@_0CN@FOLDKNG@R6017?$AN?6?9?5unexpected?5multithread?5@ 100258ac     LIBCMT:crt0msg.obj
 0002:000008dc       ??_C@_0CM@FAHFJNHO@R6016?$AN?6?9?5not?5enough?5space?5for?5th@ 100258dc     LIBCMT:crt0msg.obj
 0002:00000908       ??_C@_0JG@LBKMGKLD@?$AN?6This?5application?5has?5requested@ 10025908     LIBCMT:crt0msg.obj
 0002:000009a0       ??_C@_0CM@FLCNIPKK@R6009?$AN?6?9?5not?5enough?5space?5for?5en@ 100259a0     LIBCMT:crt0msg.obj
 0002:000009cc       ??_C@_0CK@KMMJOAPP@R6008?$AN?6?9?5not?5enough?5space?5for?5ar@ 100259cc     LIBCMT:crt0msg.obj
 0002:000009f8       ??_C@_0CN@LEKKICBM@R6002?$AN?6?9?5floating?5point?5support?5@ 100259f8     LIBCMT:crt0msg.obj
 0002:00000a28       ??_C@_0CF@GOGNBNAK@Microsoft?5Visual?5C?$CL?$CL?5Runtime?5Lib@ 10025a28     LIBCMT:crt0msg.obj
 0002:00000a50       ??_C@_02PHMGELLB@?6?6?$AA@ 10025a50     LIBCMT:crt0msg.obj
 0002:00000a54       ??_C@_03KHICJKCI@?4?4?4?$AA@ 10025a54     LIBCMT:crt0msg.obj
 0002:00000a58       ??_C@_0BH@DNAGHKFM@?$DMprogram?5name?5unknown?$DO?$AA@ 10025a58     LIBCMT:crt0msg.obj
 0002:00000a70       ??_C@_0BK@OFGJDLJJ@Runtime?5Error?$CB?6?6Program?3?5?$AA@ 10025a70     LIBCMT:crt0msg.obj
 0002:00000a90       ___newctype                10025a90     LIBCMT:ctype.obj
 0002:00000d90       __wctype                   10025d90     LIBCMT:ctype.obj
 0002:00000f98       ___newclmap                10025f98     LIBCMT:ctype.obj
 0002:00001118       ___newcumap                10026118     LIBCMT:ctype.obj
 0002:00001298       ??_C@_08JCCMCCIL@HH?3mm?3ss?$AA@ 10026298     LIBCMT:strftime.obj
 0002:000012a4       ??_C@_0BE@CKGJFCPC@dddd?0?5MMMM?5dd?0?5yyyy?$AA@ 100262a4     LIBCMT:strftime.obj
 0002:000012b8       ??_C@_08BPBNCDIB@MM?1dd?1yy?$AA@ 100262b8     LIBCMT:strftime.obj
 0002:000012c4       ??_C@_02CJNFDJBF@PM?$AA@   100262c4     LIBCMT:strftime.obj
 0002:000012c8       ??_C@_02DEDBPAFC@AM?$AA@   100262c8     LIBCMT:strftime.obj
 0002:000012cc       ??_C@_08EDHMEBNP@December?$AA@ 100262cc     LIBCMT:strftime.obj
 0002:000012d8       ??_C@_08HCHEGEOA@November?$AA@ 100262d8     LIBCMT:strftime.obj
 0002:000012e4       ??_C@_07JJNFCEND@October?$AA@ 100262e4     LIBCMT:strftime.obj
 0002:000012ec       ??_C@_09BHHEALKD@September?$AA@ 100262ec     LIBCMT:strftime.obj
 0002:000012f8       ??_C@_06LBBHFDDG@August?$AA@ 100262f8     LIBCMT:strftime.obj
 0002:00001300       ??_C@_04MIEPOIFP@July?$AA@ 10026300     LIBCMT:strftime.obj
 0002:00001308       ??_C@_04CNLMGBGM@June?$AA@ 10026308     LIBCMT:strftime.obj
 0002:00001310       ??_C@_05DMJDNLEJ@April?$AA@ 10026310     LIBCMT:strftime.obj
 0002:00001318       ??_C@_05HPCKOFNC@March?$AA@ 10026318     LIBCMT:strftime.obj
 0002:00001320       ??_C@_08GNJGEPFN@February?$AA@ 10026320     LIBCMT:strftime.obj
 0002:0000132c       ??_C@_07CGJPFGJA@January?$AA@ 1002632c     LIBCMT:strftime.obj
 0002:00001334       ??_C@_03MKABNOCG@Dec?$AA@  10026334     LIBCMT:strftime.obj
 0002:00001338       ??_C@_03JPJOFNIA@Nov?$AA@  10026338     LIBCMT:strftime.obj
 0002:0000133c       ??_C@_03BMAOKBAD@Oct?$AA@  1002633c     LIBCMT:strftime.obj
 0002:00001340       ??_C@_03GGCAPAJC@Sep?$AA@  10026340     LIBCMT:strftime.obj
 0002:00001344       ??_C@_03IFJFEIGA@Aug?$AA@  10026344     LIBCMT:strftime.obj
 0002:00001348       ??_C@_03LBGABGKK@Jul?$AA@  10026348     LIBCMT:strftime.obj
 0002:0000134c       ??_C@_03IDFGHECI@Jun?$AA@  1002634c     LIBCMT:strftime.obj
 0002:00001350       ??_C@_03CNMDKL@May?$AA@    10026350     LIBCMT:strftime.obj
 0002:00001354       ??_C@_03LEOLGMJP@Apr?$AA@  10026354     LIBCMT:strftime.obj
 0002:00001358       ??_C@_03ODNJBKGA@Mar?$AA@  10026358     LIBCMT:strftime.obj
 0002:0000135c       ??_C@_03HJBDCHOM@Feb?$AA@  1002635c     LIBCMT:strftime.obj
 0002:00001360       ??_C@_03JIHJHPIE@Jan?$AA@  10026360     LIBCMT:strftime.obj
 0002:00001364       ??_C@_08INBOOONO@Saturday?$AA@ 10026364     LIBCMT:strftime.obj
 0002:00001370       ??_C@_06JECMNKMI@Friday?$AA@ 10026370     LIBCMT:strftime.obj
 0002:00001378       ??_C@_08HACCIKIA@Thursday?$AA@ 10026378     LIBCMT:strftime.obj
 0002:00001384       ??_C@_09DLIGFAKA@Wednesday?$AA@ 10026384     LIBCMT:strftime.obj
 0002:00001390       ??_C@_07BAAGCFCM@Tuesday?$AA@ 10026390     LIBCMT:strftime.obj
 0002:00001398       ??_C@_06JLEDEDGH@Monday?$AA@ 10026398     LIBCMT:strftime.obj
 0002:000013a0       ??_C@_06OOPIFAJ@Sunday?$AA@ 100263a0     LIBCMT:strftime.obj
 0002:000013a8       ??_C@_03FEFJNEK@Sat?$AA@   100263a8     LIBCMT:strftime.obj
 0002:000013ac       ??_C@_03IDIOELNC@Fri?$AA@  100263ac     LIBCMT:strftime.obj
 0002:000013b0       ??_C@_03IOFIKPDN@Thu?$AA@  100263b0     LIBCMT:strftime.obj
 0002:000013b4       ??_C@_03MHOMLAJA@Wed?$AA@  100263b4     LIBCMT:strftime.obj
 0002:000013b8       ??_C@_03NAGEINEP@Tue?$AA@  100263b8     LIBCMT:strftime.obj
 0002:000013bc       ??_C@_03PDAGKDH@Mon?$AA@   100263bc     LIBCMT:strftime.obj
 0002:000013c0       ??_C@_03KOEHGMDN@Sun?$AA@  100263c0     LIBCMT:strftime.obj
 0002:000013c4       ??_C@_0BK@CFCOFLF@?5Complete?5Object?5Locator?8?$AA@ 100263c4     LIBCMT:undname.obj
 0002:000013e0       ??_C@_0BN@MECKDCOJ@?5Class?5Hierarchy?5Descriptor?8?$AA@ 100263e0     LIBCMT:undname.obj
 0002:00001400       ??_C@_0BD@LGICGFMM@?5Base?5Class?5Array?8?$AA@ 10026400     LIBCMT:undname.obj
 0002:00001414       ??_C@_0BM@LDKODKLH@?5Base?5Class?5Descriptor?5at?5?$CI?$AA@ 10026414     LIBCMT:undname.obj
 0002:00001430       ??_C@_0BC@DAFEJGAK@?5Type?5Descriptor?8?$AA@ 10026430     LIBCMT:undname.obj
 0002:00001444       ??_C@_0BM@PMGGMLDN@?$GAlocal?5static?5thread?5guard?8?$AA@ 10026444     LIBCMT:undname.obj
 0002:00001460       ??_C@_0CL@FGIJHLCE@?$GAmanaged?5vector?5copy?5constructor@ 10026460     LIBCMT:undname.obj
 0002:0000148c       ??_C@_0CJ@GJELGAMM@?$GAvector?5vbase?5copy?5constructor?5i@ 1002648c     LIBCMT:undname.obj
 0002:000014b8       ??_C@_0CD@CGAJBKEJ@?$GAvector?5copy?5constructor?5iterato@ 100264b8     LIBCMT:undname.obj
 0002:000014dc       ??_C@_0CB@PDBIFEP@?$GAdynamic?5atexit?5destructor?5for?5?8@ 100264dc     LIBCMT:undname.obj
 0002:00001500       ??_C@_0BL@CLIPGLGB@?$GAdynamic?5initializer?5for?5?8?$AA@ 10026500     LIBCMT:undname.obj
 0002:0000151c       ??_C@_0CM@FCBBDIGB@?$GAeh?5vector?5vbase?5copy?5constructo@ 1002651c     LIBCMT:undname.obj
 0002:00001548       ??_C@_0CG@HLDDJMAG@?$GAeh?5vector?5copy?5constructor?5iter@ 10026548     LIBCMT:undname.obj
 0002:00001570       ??_C@_0CF@IMGKMJNO@?$GAmanaged?5vector?5destructor?5itera@ 10026570     LIBCMT:undname.obj
 0002:00001598       ??_C@_0CG@CFDHKGGD@?$GAmanaged?5vector?5constructor?5iter@ 10026598     LIBCMT:undname.obj
 0002:000015c0       ??_C@_0BN@CKNJLHMB@?$GAplacement?5delete?$FL?$FN?5closure?8?$AA@ 100265c0     LIBCMT:undname.obj
 0002:000015e0       ??_C@_0BL@CNOONJFP@?$GAplacement?5delete?5closure?8?$AA@ 100265e0     LIBCMT:undname.obj
 0002:000015fc       ??_C@_0P@HJKNJFNN@?$GAomni?5callsig?8?$AA@ 100265fc     LIBCMT:undname.obj
 0002:0000160c       ??_C@_09LBNFPBCA@?5delete?$FL?$FN?$AA@ 1002660c     LIBCMT:undname.obj
 0002:00001618       ??_C@_06FHBGPFGH@?5new?$FL?$FN?$AA@ 10026618     LIBCMT:undname.obj
 0002:00001620       ??_C@_0CE@IIHCMGGL@?$GAlocal?5vftable?5constructor?5closu@ 10026620     LIBCMT:undname.obj
 0002:00001644       ??_C@_0BA@KKLDJDLB@?$GAlocal?5vftable?8?$AA@ 10026644     LIBCMT:undname.obj
 0002:00001654       ??_C@_05KHLCHHI@?$GARTTI?$AA@ 10026654     LIBCMT:undname.obj
 0002:0000165c       ??_C@_03KLGMFNMG@?$GAEH?$AA@ 1002665c     LIBCMT:undname.obj
 0002:00001660       ??_C@_0BA@KBCDOMBN@?$GAudt?5returning?8?$AA@ 10026660     LIBCMT:undname.obj
 0002:00001670       ??_C@_0BL@LLKPOHJI@?$GAcopy?5constructor?5closure?8?$AA@ 10026670     LIBCMT:undname.obj
 0002:0000168c       ??_C@_0CH@OOJPLCPH@?$GAeh?5vector?5vbase?5constructor?5ite@ 1002668c     LIBCMT:undname.obj
 0002:000016b4       ??_C@_0CA@GCEOPDGL@?$GAeh?5vector?5destructor?5iterator?8?$AA@ 100266b4     LIBCMT:undname.obj
 0002:000016d4       ??_C@_0CB@JONCMFFK@?$GAeh?5vector?5constructor?5iterator?8@ 100266d4     LIBCMT:undname.obj
 0002:000016f8       ??_C@_0BL@NILFHHPC@?$GAvirtual?5displacement?5map?8?$AA@ 100266f8     LIBCMT:undname.obj
 0002:00001714       ??_C@_0CE@IKBNEHA@?$GAvector?5vbase?5constructor?5iterat@ 10026714     LIBCMT:undname.obj
 0002:00001738       ??_C@_0BN@LFPFMEDL@?$GAvector?5destructor?5iterator?8?$AA@ 10026738     LIBCMT:undname.obj
 0002:00001758       ??_C@_0BO@PFGOCPJJ@?$GAvector?5constructor?5iterator?8?$AA@ 10026758     LIBCMT:undname.obj
 0002:00001778       ??_C@_0BN@IMDCHIKM@?$GAscalar?5deleting?5destructor?8?$AA@ 10026778     LIBCMT:undname.obj
 0002:00001798       ??_C@_0BO@OBMKPJIG@?$GAdefault?5constructor?5closure?8?$AA@ 10026798     LIBCMT:undname.obj
 0002:000017b8       ??_C@_0BN@DEGPLNFK@?$GAvector?5deleting?5destructor?8?$AA@ 100267b8     LIBCMT:undname.obj
 0002:000017d8       ??_C@_0BD@JDLKDPAB@?$GAvbase?5destructor?8?$AA@ 100267d8     LIBCMT:undname.obj
 0002:000017ec       ??_C@_08OBABFOLI@?$GAstring?8?$AA@ 100267ec     LIBCMT:undname.obj
 0002:000017f8       ??_C@_0BF@KDPPACIK@?$GAlocal?5static?5guard?8?$AA@ 100267f8     LIBCMT:undname.obj
 0002:00001810       ??_C@_08LLFFHHDJ@?$GAtypeof?8?$AA@ 10026810     LIBCMT:undname.obj
 0002:0000181c       ??_C@_07FEEIOKP@?$GAvcall?8?$AA@ 1002681c     LIBCMT:undname.obj
 0002:00001824       ??_C@_09BLBHBJP@?$GAvbtable?8?$AA@ 10026824     LIBCMT:undname.obj
 0002:00001830       ??_C@_09IFPLHPGF@?$GAvftable?8?$AA@ 10026830     LIBCMT:undname.obj
 0002:0000183c       ??_C@_02MHEGNOJ@?$FO?$DN?$AA@ 1002683c     LIBCMT:undname.obj
 0002:00001840       ??_C@_02DHLNPPGH@?$HM?$DN?$AA@ 10026840     LIBCMT:undname.obj
 0002:00001844       ??_C@_02FGJGFEAB@?$CG?$DN?$AA@ 10026844     LIBCMT:undname.obj
 0002:00001848       ??_C@_03CDNPDDLA@?$DM?$DM?$DN?$AA@ 10026848     LIBCMT:undname.obj
 0002:0000184c       ??_C@_03IKFCCPFF@?$DO?$DO?$DN?$AA@ 1002684c     LIBCMT:undname.obj
 0002:00001850       ??_C@_02FENAOKFI@?$CF?$DN?$AA@ 10026850     LIBCMT:undname.obj
 0002:00001854       ??_C@_02FJEHGPIO@?1?$DN?$AA@ 10026854     LIBCMT:undname.obj
 0002:00001858       ??_C@_02FKMDLLOA@?9?$DN?$AA@ 10026858     LIBCMT:undname.obj
 0002:0000185c       ??_C@_02FOEOMHFC@?$CL?$DN?$AA@ 1002685c     LIBCMT:undname.obj
 0002:00001860       ??_C@_02FPIMKNGF@?$CK?$DN?$AA@ 10026860     LIBCMT:undname.obj
 0002:00001864       ??_C@_02NONPIBCD@?$HM?$HM?$AA@ 10026864     LIBCMT:undname.obj
[...]
 0001:00023398       __ehhandler$?CreateNewBattleLogDlg@@YAXPAU_BattleMgr_@@@Z 10024398 f    CIL library: CIL module
 0001:000233c0       __unwindfunclet$??$_Uninit_fill_n@PAV?$basic_string@DU?$char_traits@D@std@@V?$allocator@D@2@@std@@IV12@V?$allocator@V?$basic_string@DU?$char_traits@D@std@@V?$allocator@D@2@@std@@@2@@std@@YAXPAV?$basic_string@DU?$char_traits@D@std@@V?$allocator@D@2@@0@IABV10@AAV?$allocator@V?$basic_string@DU?$char_traits@D@std@@V?$allocator@D@2@@std@@@0@U_Nonscalar_ptr_iterator_tag@0@U_Range_checked_iterator_tag@0@@Z$2 100243c0 f    CIL library: CIL module
 0001:000233c5       __ehhandler$??$_Uninit_fill_n@PAV?$basic_string@DU?$char_traits@D@std@@V?$allocator@D@2@@std@@IV12@V?$allocator@V?$basic_string@DU?$char_traits@D@std@@V?$allocator@D@2@@std@@@2@@std@@YAXPAV?$basic_string@DU?$char_traits@D@std@@V?$allocator@D@2@@0@IABV10@AAV?$allocator@V?$basic_string@DU?$char_traits@D@std@@V?$allocator@D@2@@std@@@0@U_Nonscalar_ptr_iterator_tag@0@U_Range_checked_iterator_tag@0@@Z 100243c5 f    CIL library: CIL module
 0001:000233e0       __ehhandler$??$_Construct@V?$_Vector_iterator@DV?$allocator@D@std@@@std@@@?$basic_string@DU?$char_traits@D@std@@V?$allocator@D@2@@std@@QAEXV?$_Vector_iterator@DV?$allocator@D@std@@@1@0Uforward_iterator_tag@1@@Z 100243e0 f    CIL library: CIL module
 0001:00023400       __unwindfunclet$??$?HDU?$char_traits@D@std@@V?$allocator@D@1@@std@@YA?AV?$basic_string@DU?$char_traits@D@std@@V?$allocator@D@2@@0@ABV10@PBD@Z$0 10024400 f    CIL library: CIL module
 0001:00023400       __unwindfunclet$??$?HDU?$char_traits@D@std@@V?$allocator@D@1@@std@@YA?AV?$basic_string@DU?$char_traits@D@std@@V?$allocator@D@2@@0@ABV10@0@Z$0 10024400 f    CIL library: CIL module
 0001:00023408       __ehhandler$??$?HDU?$char_traits@D@std@@V?$allocator@D@1@@std@@YA?AV?$basic_string@DU?$char_traits@D@std@@V?$allocator@D@2@@0@ABV10@0@Z 10024408 f    CIL library: CIL module
 0001:00023408       __ehhandler$??$?HDU?$char_traits@D@std@@V?$allocator@D@1@@std@@YA?AV?$basic_string@DU?$char_traits@D@std@@V?$allocator@D@2@@0@ABV10@PBD@Z 10024408 f    CIL library: CIL module
 0001:00023430       __unwindfunclet$?SetupJsonText@@YAXPAPADPBD@Z$0 10024430 f    CIL library: CIL module
 0001:00023438       __unwindfunclet$?SetupJsonText@@YAXPAPADPBD@Z$1 10024438 f    CIL library: CIL module
 0001:00023440       __ehhandler$?SetupJsonText@@YAXPAPADPBD@Z 10024440 f    CIL library: CIL module
 0001:00023470       __unwindfunclet$?IsNeedUseJsonString@@YAXXZ$0 10024470 f    CIL library: CIL module
 0001:00023478       __unwindfunclet$?IsNeedUseJsonString@@YAXXZ$1 10024478 f    CIL library: CIL module
 0001:00023480       __ehhandler$?IsNeedUseJsonString@@YAXXZ 10024480 f    CIL library: CIL module
 0001:000234b0       __unwindfunclet$?Y_Dlg_CustomPic@@YGHPAVHiHook@@HH@Z$0 100244b0 f    CIL library: CIL module
 0001:000234b8       __ehhandler$?Y_Dlg_CustomPic@@YGHPAVHiHook@@HH@Z 100244b8 f    CIL library: CIL module
 0001:000234e0       __unwindfunclet$?New_Dlg_CustomReq@@YAHPAU_Sphinx1_@@@Z$0 100244e0 f    CIL library: CIL module
 0001:000234e8       __ehhandler$?New_Dlg_CustomReq@@YAHPAU_Sphinx1_@@@Z 100244e8 f    CIL library: CIL module
 0001:00023520       __unwindfunclet$?Y_WoG_PicDlg_Def@@YGXPAVHiHook@@PAD1@Z$0 10024520 f    CIL library: CIL module
 0001:00023520       __unwindfunclet$?IsSupportedFormatImage@@YAHPAD@Z$0 10024520 f    CIL library: CIL module
 0001:00023520       __unwindfunclet$?Y_WoG_PicDlg_Pcx8@@YGXPAVHiHook@@PAD1@Z$0 10024520 f    CIL library: CIL module
 0001:00023528       __unwindfunclet$?Y_WoG_PicDlg_Pcx8@@YGXPAVHiHook@@PAD1@Z$1 10024528 f    CIL library: CIL module
 0001:00023528       __unwindfunclet$?Y_WoG_PicDlg_Def@@YGXPAVHiHook@@PAD1@Z$1 10024528 f    CIL library: CIL module
 0001:00023528       __unwindfunclet$?IsSupportedFormatImage@@YAHPAD@Z$1 10024528 f    CIL library: CIL module
 0001:00023530       __ehhandler$?IsSupportedFormatImage@@YAHPAD@Z 10024530 f    CIL library: CIL module
 0001:00023530       __ehhandler$?Y_WoG_PicDlg_Pcx8@@YGXPAVHiHook@@PAD1@Z 10024530 f    CIL library: CIL module
 0001:00023530       __ehhandler$?Y_WoG_PicDlg_Def@@YGXPAVHiHook@@PAD1@Z 10024530 f    CIL library: CIL module
 0001:00023560       __unwindfunclet$??$_Pop_heap@PAV?$basic_string@DU?$char_traits@D@std@@V?$allocator@D@2@@std@@HV12@P6A_NABV12@0@Z@std@@YAXPAV?$basic_string@DU?$char_traits@D@std@@V?$allocator@D@2@@0@00V10@P6A_NABV10@2@ZPAH@Z$0 10024560 f    CIL library: CIL module
 0001:00023568       __ehhandler$??$_Pop_heap@PAV?$basic_string@DU?$char_traits@D@std@@V?$allocator@D@2@@std@@HV12@P6A_NABV12@0@Z@std@@YAXPAV?$basic_string@DU?$char_traits@D@std@@V?$allocator@D@2@@0@00V10@P6A_NABV10@2@ZPAH@Z 10024568 f    CIL library: CIL module
 0001:00023590       __unwindfunclet$??$_Uninit_move@PAV?$basic_string@DU?$char_traits@D@std@@V?$allocator@D@2@@std@@PAV12@V?$allocator@V?$basic_string@DU?$char_traits@D@std@@V?$allocator@D@2@@std@@@2@@std@@YAPAV?$basic_string@DU?$char_traits@D@std@@V?$allocator@D@2@@0@PAV10@00AAV?$allocator@V?$basic_string@DU?$char_traits@D@std@@V?$allocator@D@2@@std@@@0@U_Swap_move_tag@0@U_Range_checked_iterator_tag@0@@Z$2 10024590 f    CIL library: CIL module
 0001:00023598       __unwindfunclet$??$_Uninit_move@PAV?$basic_string@DU?$char_traits@D@std@@V?$allocator@D@2@@std@@PAV12@V?$allocator@V?$basic_string@DU?$char_traits@D@std@@V?$allocator@D@2@@std@@@2@@std@@YAPAV?$basic_string@DU?$char_traits@D@std@@V?$allocator@D@2@@0@PAV10@00AAV?$allocator@V?$basic_string@DU?$char_traits@D@std@@V?$allocator@D@2@@std@@@0@U_Swap_move_tag@0@U_Range_checked_iterator_tag@0@@Z$3 10024598 f    CIL library: CIL module
 0001:0002359d       __ehhandler$??$_Uninit_move@PAV?$basic_string@DU?$char_traits@D@std@@V?$allocator@D@2@@std@@PAV12@V?$allocator@V?$basic_string@DU?$char_traits@D@std@@V?$allocator@D@2@@std@@@2@@std@@YAPAV?$basic_string@DU?$char_traits@D@std@@V?$allocator@D@2@@0@PAV10@00AAV?$allocator@V?$basic_string@DU?$char_traits@D@std@@V?$allocator@D@2@@std@@@0@U_Swap_move_tag@0@U_Range_checked_iterator_tag@0@@Z 1002459d f    CIL library: CIL module
 0001:000235d0       __unwindfunclet$?_Xlen@?$vector@DV?$allocator@D@std@@@std@@KAXXZ$0 100245d0 f    CIL library: CIL module
 0001:000235d0       __unwindfunclet$?_Xlen@?$vector@V?$basic_string@DU?$char_traits@D@std@@V?$allocator@D@2@@std@@V?$allocator@V?$basic_string@DU?$char_traits@D@std@@V?$allocator@D@2@@std@@@2@@std@@KAXXZ$0 100245d0 f    CIL library: CIL module
 0001:000235d8       __ehhandler$?_Xlen@?$vector@DV?$allocator@D@std@@@std@@KAXXZ 100245d8 f    CIL library: CIL module
 0001:000235d8       __ehhandler$?_Xlen@?$vector@V?$basic_string@DU?$char_traits@D@std@@V?$allocator@D@2@@std@@V?$allocator@V?$basic_string@DU?$char_traits@D@std@@V?$allocator@D@2@@std@@@2@@std@@KAXXZ 100245d8 f    CIL library: CIL module
 0001:00023600       __unwindfunclet$?_Insert_n@?$vector@V?$basic_string@DU?$char_traits@D@std@@V?$allocator@D@2@@std@@V?$allocator@V?$basic_string@DU?$char_traits@D@std@@V?$allocator@D@2@@std@@@2@@std@@IAEXV?$_Vector_const_iterator@V?$basic_string@DU?$char_traits@D@std@@V?$allocator@D@2@@std@@V?$allocator@V?$basic_string@DU?$char_traits@D@std@@V?$allocator@D@2@@std@@@2@@2@IABV?$basic_string@DU?$char_traits@D@std@@V?$allocator@D@2@@2@@Z$4 10024600 f    CIL library: CIL module
 0001:00023608       __unwindfunclet$?_Insert_n@?$vector@V?$basic_string@DU?$char_traits@D@std@@V?$allocator@D@2@@std@@V?$allocator@V?$basic_string@DU?$char_traits@D@std@@V?$allocator@D@2@@std@@@2@@std@@IAEXV?$_Vector_const_iterator@V?$basic_string@DU?$char_traits@D@std@@V?$allocator@D@2@@std@@V?$allocator@V?$basic_string@DU?$char_traits@D@std@@V?$allocator@D@2@@std@@@2@@2@IABV?$basic_string@DU?$char_traits@D@std@@V?$allocator@D@2@@2@@Z$5 10024608 f    CIL library: CIL module
 0001:00023610       __ehhandler$?_Insert_n@?$vector@V?$basic_string@DU?$char_traits@D@std@@V?$allocator@D@2@@std@@V?$allocator@V?$basic_string@DU?$char_traits@D@std@@V?$allocator@D@2@@std@@@2@@std@@IAEXV?$_Vector_const_iterator@V?$basic_string@DU?$char_traits@D@std@@V?$allocator@D@2@@std@@V?$allocator@V?$basic_string@DU?$char_traits@D@std@@V?$allocator@D@2@@std@@@2@@2@IABV?$basic_string@DU?$char_traits@D@std@@V?$allocator@D@2@@2@@Z 10024610 f    CIL library: CIL module
 0001:00023640       __unwindfunclet$??0?$vector@DV?$allocator@D@std@@@std@@QAE@XZ$0 10024640 f    CIL library: CIL module
 0001:00023640       __unwindfunclet$??0?$vector@V?$basic_string@DU?$char_traits@D@std@@V?$allocator@D@2@@std@@V?$allocator@V?$basic_string@DU?$char_traits@D@std@@V?$allocator@D@2@@std@@@2@@std@@QAE@XZ$0 10024640 f    CIL library: CIL module
 0001:00023648       __ehhandler$??0?$vector@V?$basic_string@DU?$char_traits@D@std@@V?$allocator@D@2@@std@@V?$allocator@V?$basic_string@DU?$char_traits@D@std@@V?$allocator@D@2@@std@@@2@@std@@QAE@XZ 10024648 f    CIL library: CIL module
 0001:00023648       __ehhandler$??0?$vector@DV?$allocator@D@std@@@std@@QAE@XZ 10024648 f    CIL library: CIL module
 0001:00023670       __unwindfunclet$?expandFilePath@fsman@@YA?AV?$basic_string@DU?$char_traits@D@std@@V?$allocator@D@2@@std@@ABV23@@Z$0 10024670 f    CIL library: CIL module
 0001:00023678       __unwindfunclet$?expandFilePath@fsman@@YA?AV?$basic_string@DU?$char_traits@D@std@@V?$allocator@D@2@@std@@ABV23@@Z$1 10024678 f    CIL library: CIL module
 0001:00023680       __ehhandler$?expandFilePath@fsman@@YA?AV?$basic_string@DU?$char_traits@D@std@@V?$allocator@D@2@@std@@ABV23@@Z 10024680 f    CIL library: CIL module
 0001:000236b0       __unwindfunclet$?WOG_ProcessAll@@YGXPAVHiHook@@@Z$0 100246b0 f    CIL library: CIL module
 0001:000236b8       __unwindfunclet$?WOG_ProcessAll@@YGXPAVHiHook@@@Z$1 100246b8 f    CIL library: CIL module
 0001:000236c0       __ehhandler$?WOG_ProcessAll@@YGXPAVHiHook@@@Z 100246c0 f    CIL library: CIL module
 0001:000236f0       __unwindfunclet$?listFiles@FsMan@fsman@@QAE?AV?$vector@V?$basic_string@DU?$char_traits@D@std@@V?$allocator@D@2@@std@@V?$allocator@V?$basic_string@DU?$char_traits@D@std@@V?$allocator@D@2@@std@@@2@@std@@ABV?$basic_string@DU?$char_traits@D@std@@V?$allocator@D@2@@4@@Z$0 100246f0 f    CIL library: CIL module
 0001:00023712       __unwindfunclet$?listFiles@FsMan@fsman@@QAE?AV?$vector@V?$basic_string@DU?$char_traits@D@std@@V?$allocator@D@2@@std@@V?$allocator@V?$basic_string@DU?$char_traits@D@std@@V?$allocator@D@2@@std@@@2@@std@@ABV?$basic_string@DU?$char_traits@D@std@@V?$allocator@D@2@@4@@Z$1 10024712 f    CIL library: CIL module
 0001:0002371d       __unwindfunclet$?listFiles@FsMan@fsman@@QAE?AV?$vector@V?$basic_string@DU?$char_traits@D@std@@V?$allocator@D@2@@std@@V?$allocator@V?$basic_string@DU?$char_traits@D@std@@V?$allocator@D@2@@std@@@2@@std@@ABV?$basic_string@DU?$char_traits@D@std@@V?$allocator@D@2@@4@@Z$3 1002471d f    CIL library: CIL module
 0001:0002373f       __unwindfunclet$?listFiles@FsMan@fsman@@QAE?AV?$vector@V?$basic_string@DU?$char_traits@D@std@@V?$allocator@D@2@@std@@V?$allocator@V?$basic_string@DU?$char_traits@D@std@@V?$allocator@D@2@@std@@@2@@std@@ABV?$basic_string@DU?$char_traits@D@std@@V?$allocator@D@2@@4@@Z$4 1002473f f    CIL library: CIL module
 0001:0002374a       __unwindfunclet$?listFiles@FsMan@fsman@@QAE?AV?$vector@V?$basic_string@DU?$char_traits@D@std@@V?$allocator@D@2@@std@@V?$allocator@V?$basic_string@DU?$char_traits@D@std@@V?$allocator@D@2@@std@@@2@@std@@ABV?$basic_string@DU?$char_traits@D@std@@V?$allocator@D@2@@4@@Z$5 1002474a f    CIL library: CIL module
 0001:0002376c       __unwindfunclet$?listFiles@FsMan@fsman@@QAE?AV?$vector@V?$basic_string@DU?$char_traits@D@std@@V?$allocator@D@2@@std@@V?$allocator@V?$basic_string@DU?$char_traits@D@std@@V?$allocator@D@2@@std@@@2@@std@@ABV?$basic_string@DU?$char_traits@D@std@@V?$allocator@D@2@@4@@Z$6 1002476c f    CIL library: CIL module
 0001:00023777       __ehhandler$?listFiles@FsMan@fsman@@QAE?AV?$vector@V?$basic_string@DU?$char_traits@D@std@@V?$allocator@D@2@@std@@V?$allocator@V?$basic_string@DU?$char_traits@D@std@@V?$allocator@D@2@@std@@@2@@std@@ABV?$basic_string@DU?$char_traits@D@std@@V?$allocator@D@2@@4@@Z 10024777 f    CIL library: CIL module
 0001:000237b0       __unwindfunclet$?listDirectories@FsMan@fsman@@QAE?AV?$vector@V?$basic_string@DU?$char_traits@D@std@@V?$allocator@D@2@@std@@V?$allocator@V?$basic_string@DU?$char_traits@D@std@@V?$allocator@D@2@@std@@@2@@std@@XZ$0 100247b0 f    CIL library: CIL module
 0001:000237d2       __unwindfunclet$?listDirectories@FsMan@fsman@@QAE?AV?$vector@V?$basic_string@DU?$char_traits@D@std@@V?$allocator@D@2@@std@@V?$allocator@V?$basic_string@DU?$char_traits@D@std@@V?$allocator@D@2@@std@@@2@@std@@XZ$2 100247d2 f    CIL library: CIL module
 0001:000237dd       __unwindfunclet$?listDirectories@FsMan@fsman@@QAE?AV?$vector@V?$basic_string@DU?$char_traits@D@std@@V?$allocator@D@2@@std@@V?$allocator@V?$basic_string@DU?$char_traits@D@std@@V?$allocator@D@2@@std@@@2@@std@@XZ$3 100247dd f    CIL library: CIL module
 0001:000237ff       __unwindfunclet$?listDirectories@FsMan@fsman@@QAE?AV?$vector@V?$basic_string@DU?$char_traits@D@std@@V?$allocator@D@2@@std@@V?$allocator@V?$basic_string@DU?$char_traits@D@std@@V?$allocator@D@2@@std@@@2@@std@@XZ$4 100247ff f    CIL library: CIL module
 0001:0002380a       __unwindfunclet$?listDirectories@FsMan@fsman@@QAE?AV?$vector@V?$basic_string@DU?$char_traits@D@std@@V?$allocator@D@2@@std@@V?$allocator@V?$basic_string@DU?$char_traits@D@std@@V?$allocator@D@2@@std@@@2@@std@@XZ$5 1002480a f    CIL library: CIL module
 0001:0002382c       __unwindfunclet$?listDirectories@FsMan@fsman@@QAE?AV?$vector@V?$basic_string@DU?$char_traits@D@std@@V?$allocator@D@2@@std@@V?$allocator@V?$basic_string@DU?$char_traits@D@std@@V?$allocator@D@2@@std@@@2@@std@@XZ$6 1002482c f    CIL library: CIL module
 0001:00023837       __ehhandler$?listDirectories@FsMan@fsman@@QAE?AV?$vector@V?$basic_string@DU?$char_traits@D@std@@V?$allocator@D@2@@std@@V?$allocator@V?$basic_string@DU?$char_traits@D@std@@V?$allocator@D@2@@std@@@2@@std@@XZ 10024837 f    CIL library: CIL module
 0001:00023870       __unwindfunclet$?expandFilePath@FsMan@fsman@@QAE?AV?$basic_string@DU?$char_traits@D@std@@V?$allocator@D@2@@std@@ABV34@@Z$0 10024870 f    CIL library: CIL module
 0001:00023889       __unwindfunclet$?expandFilePath@FsMan@fsman@@QAE?AV?$basic_string@DU?$char_traits@D@std@@V?$allocator@D@2@@std@@ABV34@@Z$1 10024889 f    CIL library: CIL module
 0001:000238a2       __ehhandler$?expandFilePath@FsMan@fsman@@QAE?AV?$basic_string@DU?$char_traits@D@std@@V?$allocator@D@2@@std@@ABV34@@Z 100248a2 f    CIL library: CIL module
 0001:000238c0       __unwindfunclet$??0FsMan@fsman@@QAE@ABV?$basic_string@DU?$char_traits@D@std@@V?$allocator@D@2@@std@@@Z$0 100248c0 f    CIL library: CIL module
 0001:000238c8       __unwindfunclet$??0FsMan@fsman@@QAE@ABV?$basic_string@DU?$char_traits@D@std@@V?$allocator@D@2@@std@@@Z$1 100248c8 f    CIL library: CIL module
 0001:000238d0       __ehhandler$??0FsMan@fsman@@QAE@ABV?$basic_string@DU?$char_traits@D@std@@V?$allocator@D@2@@std@@@Z 100248d0 f    CIL library: CIL module
 0001:000238f0       __unwindfunclet$?NewDlg_ChooseFile_Rebuild@@YGHPAV_CustomDlg_@@@Z$0 100248f0 f    CIL library: CIL module
 0001:000238f8       __unwindfunclet$?NewDlg_ChooseFile_Rebuild@@YGHPAV_CustomDlg_@@@Z$1 100248f8 f    CIL library: CIL module
 0001:00023900       __unwindfunclet$?NewDlg_ChooseFile_Rebuild@@YGHPAV_CustomDlg_@@@Z$2 10024900 f    CIL library: CIL module
 0001:00023908       __unwindfunclet$?NewDlg_ChooseFile_Rebuild@@YGHPAV_CustomDlg_@@@Z$5 10024908 f    CIL library: CIL module
 0001:00023910       __unwindfunclet$?NewDlg_ChooseFile_Rebuild@@YGHPAV_CustomDlg_@@@Z$7 10024910 f    CIL library: CIL module
 0001:0002391b       __unwindfunclet$?NewDlg_ChooseFile_Rebuild@@YGHPAV_CustomDlg_@@@Z$8 1002491b f    CIL library: CIL module
 0001:00023926       __unwindfunclet$?NewDlg_ChooseFile_Rebuild@@YGHPAV_CustomDlg_@@@Z$9 10024926 f    CIL library: CIL module
 0001:0002392e       __unwindfunclet$?NewDlg_ChooseFile_Rebuild@@YGHPAV_CustomDlg_@@@Z$10 1002492e f    CIL library: CIL module
 0001:00023939       __ehhandler$?NewDlg_ChooseFile_Rebuild@@YGHPAV_CustomDlg_@@@Z 10024939 f    CIL library: CIL module
 0001:00023970       __unwindfunclet$?NewDlg_ChooseFile_ScrollProc@@YIXHPAV_CustomDlg_@@@Z$1 10024970 f    CIL library: CIL module
 0001:00023978       __unwindfunclet$?NewDlg_ChooseFile_ScrollProc@@YIXHPAV_CustomDlg_@@@Z$3 10024978 f    CIL library: CIL module
 0001:00023983       __unwindfunclet$?NewDlg_ChooseFile_ScrollProc@@YIXHPAV_CustomDlg_@@@Z$4 10024983 f    CIL library: CIL module
 0001:0002398e       __unwindfunclet$?NewDlg_ChooseFile_ScrollProc@@YIXHPAV_CustomDlg_@@@Z$5 1002498e f    CIL library: CIL module
 0001:00023996       __unwindfunclet$?NewDlg_ChooseFile_ScrollProc@@YIXHPAV_CustomDlg_@@@Z$6 10024996 f    CIL library: CIL module
 0001:0002399e       __ehhandler$?NewDlg_ChooseFile_ScrollProc@@YIXHPAV_CustomDlg_@@@Z 1002499e f    CIL library: CIL module
 0001:000239c0       __unwindfunclet$?changeDirectory@FsMan@fsman@@QAE_NABV?$basic_string@DU?$char_traits@D@std@@V?$allocator@D@2@@std@@@Z$0 100249c0 f    CIL library: CIL module
 0001:000239c8       __ehhandler$?changeDirectory@FsMan@fsman@@QAE_NABV?$basic_string@DU?$char_traits@D@std@@V?$allocator@D@2@@std@@@Z 100249c8 f    CIL library: CIL module
 0001:000239f0       __unwindfunclet$?NewDlg_ChooseFile_JumpRootFolder@@YAHPAV_CustomDlg_@@@Z$0 100249f0 f    CIL library: CIL module
 0001:000239fb       __ehhandler$?NewDlg_ChooseFile_JumpRootFolder@@YAHPAV_CustomDlg_@@@Z 100249fb f    CIL library: CIL module
 0001:00023a30       __unwindfunclet$?NewDlg_ChooseFile_ChangeDirectory@@YAHPAV_CustomDlg_@@PAD@Z$0 10024a30 f    CIL library: CIL module
 0001:00023a38       __ehhandler$?NewDlg_ChooseFile_ChangeDirectory@@YAHPAV_CustomDlg_@@PAD@Z 10024a38 f    CIL library: CIL module
 0001:00023a60       __unwindfunclet$?NewDlg_ChooseFile_FolderIn@@YAHPAV_CustomDlg_@@@Z$1 10024a60 f    CIL library: CIL module
 0001:00023a68       __ehhandler$?NewDlg_ChooseFile_FolderIn@@YAHPAV_CustomDlg_@@@Z 10024a68 f    CIL library: CIL module
 0001:00023a90       __unwindfunclet$?NewDlg_ChooseFile_FolderOut@@YAHPAV_CustomDlg_@@@Z$0 10024a90 f    CIL library: CIL module
 0001:00023a98       __unwindfunclet$?NewDlg_ChooseFile_FolderOut@@YAHPAV_CustomDlg_@@@Z$2 10024a98 f    CIL library: CIL module
 0001:00023aa0       __ehhandler$?NewDlg_ChooseFile_FolderOut@@YAHPAV_CustomDlg_@@@Z 10024aa0 f    CIL library: CIL module
 0001:00023ad0       __unwindfunclet$?NewDlg_ChooseFile_Proc@@YGHPAV_CustomDlg_@@PAU_DlgMsg_@@@Z$0 10024ad0 f    CIL library: CIL module
 0001:00023ad8       __ehhandler$?NewDlg_ChooseFile_Proc@@YGHPAV_CustomDlg_@@PAU_DlgMsg_@@@Z 10024ad8 f    CIL library: CIL module
 0001:00023b00       __unwindfunclet$?NewDlg_ChooseFile@@YGHPAU_ChooseFile_@@@Z$0 10024b00 f    CIL library: CIL module
 0001:00023b08       __unwindfunclet$?NewDlg_ChooseFile@@YGHPAU_ChooseFile_@@@Z$1 10024b08 f    CIL library: CIL module
 0001:00023b10       __ehhandler$?NewDlg_ChooseFile@@YGHPAU_ChooseFile_@@@Z 10024b10 f    CIL library: CIL module
 0001:00023b40       __unwindfunclet$?NewDlg_ChooseFile_Prepare@@YAHPAU_ChooseFile_@@@Z$0 10024b40 f    CIL library: CIL module
 0001:00023b4b       __unwindfunclet$?NewDlg_ChooseFile_Prepare@@YAHPAU_ChooseFile_@@@Z$1 10024b4b f    CIL library: CIL module
 0001:00023b53       __unwindfunclet$?NewDlg_ChooseFile_Prepare@@YAHPAU_ChooseFile_@@@Z$2 10024b53 f    CIL library: CIL module
 0001:00023b5b       __unwindfunclet$?NewDlg_ChooseFile_Prepare@@YAHPAU_ChooseFile_@@@Z$3 10024b5b f    CIL library: CIL module
 0001:00023b63       __ehhandler$?NewDlg_ChooseFile_Prepare@@YAHPAU_ChooseFile_@@@Z 10024b63 f    CIL library: CIL module
 0001:00023b91       ??__Fnomem@?5???2@YAPAXI@Z@YAXXZ 10024b91 f   LIBCMT:new.obj
